82.178.69.197 - - [14/Feb/2010:19:58:47 -0500] "GET /cgi-bin/users/rmuhamma/Counter/livecntr.cgi?3+6 HTTP/1.1" 404 322 "http://translate.googleusercontent.com/translate_c?hl=ar&langpair=en%7Car&u=http://www.personal.kent.edu/~rmuhamma/&rurl=translate.google.com.om&usg=ALkJrhgHU4OraN7Sy1M4FjZ9H4THo_nXAw" "Mozilla/4.0 (compatible; MSIE 8.0; Windows NT 5.1; Trident/4.0; GTB5; InfoPath.2)"
82.178.69.197 - - [14/Feb/2010:19:58:48 -0500] "GET /cgi-bin/users/rmuhamma/Counter/livecntr.cgi?4+6 HTTP/1.1" 404 322 "http://translate.googleusercontent.com/translate_c?hl=ar&langpair=en%7Car&u=http://www.personal.kent.edu/~rmuhamma/&rurl=translate.google.com.om&usg=ALkJrhgHU4OraN7Sy1M4FjZ9H4THo_nXAw" "Mozilla/4.0 (compatible; MSIE 8.0; Windows NT 5.1; Trident/4.0; GTB5; InfoPath.2)"
82.178.69.197 - - [14/Feb/2010:19:58:48 -0500] "GET /cgi-bin/users/rmuhamma/Counter/livecntr.cgi?5+6 HTTP/1.1" 404 322 "http://translate.googleusercontent.com/translate_c?hl=ar&langpair=en%7Car&u=http://www.personal.kent.edu/~rmuhamma/&rurl=translate.google.com.om&usg=ALkJrhgHU4OraN7Sy1M4FjZ9H4THo_nXAw" "Mozilla/4.0 (compatible; MSIE 8.0; Windows NT 5.1; Trident/4.0; GTB5; InfoPath.2)"
131.123.35.25 - - [14/Feb/2010:19:59:03 -0500] "GET / HTTP/1.1" 200 - "-" "Hobbit bbtest-net/4.2.3"
131.123.35.25 - - [14/Feb/2010:20:03:59 -0500] "GET / HTTP/1.1" 200 - "-" "Hobbit bbtest-net/4.2.3"
131.123.35.25 - - [14/Feb/2010:20:09:04 -0500] "GET / HTTP/1.1" 200 - "-" "Hobbit bbtest-net/4.2.3"
131.123.35.25 - - [14/Feb/2010:20:13:59 -0500] "GET / HTTP/1.1" 200 - "-" "Hobbit bbtest-net/4.2.3"
222.76.210.8 - - [14/Feb/2010:20:14:44 -0500] "POST /cgi-bin/users/kkoch/guestbook.cgi HTTP/1.1" 404 313 "http://cgi.mcs.kent.edu/cgi-bin/users/kkoch/guestbook.cgi" "Mozilla/4.0 (compatible; MSIE 6.0; Windows NT 5.1; SV1)"
76.24.75.93 - - [14/Feb/2010:20:14:55 -0500] "POST http://cgi.mcs.kent.edu/cgi-bin/users/kkoch/guestbook.cgi HTTP/1.1" 404 313 "http://cgi.mcs.kent.edu/cgi-bin/users/kkoch/guestbook.cgi" "Mozilla/4.0 (compatible; MSIE 6.0; Windows NT 5.1; SV1)"
204.210.122.170 - - [14/Feb/2010:20:17:23 -0500] "GET /cgi-bin/users/rmuhamma/Counter/livecntr.cgi?0+6 HTTP/1.1" 404 322 "http://www.personal.kent.edu/~rmuhamma/" "Mozilla/5.0 (Windows; U; Windows NT 6.0; en-US; rv:1.9.2) Gecko/20100115 Firefox/3.6 (.NET CLR 3.5.30729)"
204.210.122.170 - - [14/Feb/2010:20:17:23 -0500] "GET /cgi-bin/users/rmuhamma/Counter/livecntr.cgi?1+6 HTTP/1.1" 404 322 "http://www.personal.kent.edu/~rmuhamma/" "Mozilla/5.0 (Windows; U; Windows NT 6.0; en-US; rv:1.9.2) Gecko/20100115 Firefox/3.6 (.NET CLR 3.5.30729)"
204.210.122.170 - - [14/Feb/2010:20:17:23 -0500] "GET /cgi-bin/users/rmuhamma/Counter/livecntr.cgi?4+6 HTTP/1.1" 404 322 "http://www.personal.kent.edu/~rmuhamma/" "Mozilla/5.0 (Windows; U; Windows NT 6.0; en-US; rv:1.9.2) Gecko/20100115 Firefox/3.6 (.NET CLR 3.5.30729)"
204.210.122.170 - - [14/Feb/2010:20:17:23 -0500] "GET /cgi-bin/users/rmuhamma/Counter/livecntr.cgi?2+6 HTTP/1.1" 404 322 "http://www.personal.kent.edu/~rmuhamma/" "Mozilla/5.0 (Windows; U; Windows NT 6.0; en-US; rv:1.9.2) Gecko/20100115 Firefox/3.6 (.NET CLR 3.5.30729)"
204.210.122.170 - - [14/Feb/2010:20:17:23 -0500] "GET /cgi-bin/users/rmuhamma/Counter/livecntr.cgi?5+6 HTTP/1.1" 404 322 "http://www.personal.kent.edu/~rmuhamma/" "Mozilla/5.0 (Windows; U; Windows NT 6.0; en-US; rv:1.9.2) Gecko/20100115 Firefox/3.6 (.NET CLR 3.5.30729)"
204.210.122.170 - - [14/Feb/2010:20:17:23 -0500] "GET /cgi-bin/users/rmuhamma/Counter/livecntr.cgi?3+6 HTTP/1.1" 404 322 "http://www.personal.kent.edu/~rmuhamma/" "Mozilla/5.0 (Windows; U; Windows NT 6.0; en-US; rv:1.9.2) Gecko/20100115 Firefox/3.6 (.NET CLR 3.5.30729)"
131.123.35.25 - - [14/Feb/2010:20:19:04 -0500] "GET / HTTP/1.1" 200 - "-" "Hobbit bbtest-net/4.2.3"
131.123.35.25 - - [14/Feb/2010:20:23:59 -0500] "GET / HTTP/1.1" 200 - "-" "Hobbit bbtest-net/4.2.3"
131.123.35.25 - - [14/Feb/2010:20:29:04 -0500] "GET / HTTP/1.1" 200 - "-" "Hobbit bbtest-net/4.2.3"
131.123.35.25 - - [14/Feb/2010:20:34:00 -0500] "GET / HTTP/1.1" 200 - "-" "Hobbit bbtest-net/4.2.3"
99.185.50.165 - - [14/Feb/2010:20:37:32 -0500] "GET /~pwang/php/pizza.php HTTP/1.1" 200 1313 "http://monkey.cs.kent.edu/WEB2/wangnotes/pizza.html" "Mozilla/5.0 (Macintosh; U; Intel Mac OS X 10.5; en-US; rv:1.9.1.7) Gecko/20091221 Firefox/3.5.7"
99.185.50.165 - - [14/Feb/2010:20:37:32 -0500] "GET /favicon.ico HTTP/1.1" 404 290 "-" "Mozilla/5.0 (Macintosh; U; Intel Mac OS X 10.5; en-US; rv:1.9.1.7) Gecko/20091221 Firefox/3.5.7"
99.185.50.165 - - [14/Feb/2010:20:37:33 -0500] "GET /favicon.ico HTTP/1.1" 404 290 "-" "Mozilla/5.0 (Macintosh; U; Intel Mac OS X 10.5; en-US; rv:1.9.1.7) Gecko/20091221 Firefox/3.5.7"
99.185.50.165 - - [14/Feb/2010:20:37:37 -0500] "POST /~pwang/php/pizza.php HTTP/1.1" 200 1383 "http://cgi.cs.kent.edu/~pwang/php/pizza.php" "Mozilla/5.0 (Macintosh; U; Intel Mac OS X 10.5; en-US; rv:1.9.1.7) Gecko/20091221 Firefox/3.5.7"
131.123.35.25 - - [14/Feb/2010:20:39:05 -0500] "GET / HTTP/1.1" 200 - "-" "Hobbit bbtest-net/4.2.3"
131.123.182.19 - - [14/Feb/2010:20:40:26 -0500] "GET /10051/evehomework.html HTTP/1.1" 200 11180 "-" "Mozilla/5.0 (Macintosh; U; Intel Mac OS X 10_6_2; en-us) AppleWebKit/531.21.8 (KHTML, like Gecko) Version/4.0.4 Safari/531.21.10"
207.46.199.37 - - [14/Feb/2010:20:40:56 -0500] "GET /robots.txt HTTP/1.1" 404 289 "-" "msnbot/2.0b (+http://search.msn.com/msnbot.htm)"
131.123.35.25 - - [14/Feb/2010:20:44:00 -0500] "GET / HTTP/1.1" 200 - "-" "Hobbit bbtest-net/4.2.3"
75.179.25.177 - - [14/Feb/2010:20:44:49 -0500] "GET /10051/dayhomework.html HTTP/1.1" 200 9142 "-" "Mozilla/5.0 (Windows; U; Windows NT 6.1; en-US) AppleWebKit/532.5 (KHTML, like Gecko) Chrome/4.0.249.89 Safari/532.5"
75.179.25.177 - - [14/Feb/2010:20:44:49 -0500] "GET /favicon.ico HTTP/1.1" 404 290 "-" "Mozilla/5.0 (Windows; U; Windows NT 6.1; en-US) AppleWebKit/532.5 (KHTML, like Gecko) Chrome/4.0.249.89 Safari/532.5"
131.123.35.25 - - [14/Feb/2010:20:49:05 -0500] "GET / HTTP/1.1" 200 - "-" "Hobbit bbtest-net/4.2.3"
131.123.156.47 - - [14/Feb/2010:20:51:22 -0500] "GET /10051/ HTTP/1.1" 200 6245 "http://www.cs.kent.edu/~volkert/" "Mozilla/5.0 (Windows; U; Windows NT 6.0; en-US; rv:1.9.2) Gecko/20100115 Firefox/3.6 (.NET CLR 3.5.30729)"
131.123.156.47 - - [14/Feb/2010:20:51:22 -0500] "GET /10051/10051.css HTTP/1.1" 200 1734 "http://cgi.cs.kent.edu/10051/" "Mozilla/5.0 (Windows; U; Windows NT 6.0; en-US; rv:1.9.2) Gecko/20100115 Firefox/3.6 (.NET CLR 3.5.30729)"
131.123.156.47 - - [14/Feb/2010:20:51:22 -0500] "GET /10051/graphics/10051.png HTTP/1.1" 200 10813 "http://cgi.cs.kent.edu/10051/" "Mozilla/5.0 (Windows; U; Windows NT 6.0; en-US; rv:1.9.2) Gecko/20100115 Firefox/3.6 (.NET CLR 3.5.30729)"
131.123.156.47 - - [14/Feb/2010:20:51:22 -0500] "GET /10051/graphics/cleardot.gif HTTP/1.1" 200 49 "http://cgi.cs.kent.edu/10051/" "Mozilla/5.0 (Windows; U; Windows NT 6.0; en-US; rv:1.9.2) Gecko/20100115 Firefox/3.6 (.NET CLR 3.5.30729)"
131.123.156.47 - - [14/Feb/2010:20:51:22 -0500] "GET /10051/graphics/bottom.gif HTTP/1.1" 200 1217 "http://cgi.cs.kent.edu/10051/" "Mozilla/5.0 (Windows; U; Windows NT 6.0; en-US; rv:1.9.2) Gecko/20100115 Firefox/3.6 (.NET CLR 3.5.30729)"
131.123.156.47 - - [14/Feb/2010:20:51:22 -0500] "GET /favicon.ico HTTP/1.1" 404 290 "-" "Mozilla/5.0 (Windows; U; Windows NT 6.0; en-US; rv:1.9.2) Gecko/20100115 Firefox/3.6 (.NET CLR 3.5.30729)"
131.123.156.47 - - [14/Feb/2010:20:51:24 -0500] "GET /10051/homework.html HTTP/1.1" 200 2412 "http://cgi.cs.kent.edu/10051/" "Mozilla/5.0 (Windows; U; Windows NT 6.0; en-US; rv:1.9.2) Gecko/20100115 Firefox/3.6 (.NET CLR 3.5.30729)"
131.123.156.47 - - [14/Feb/2010:20:51:25 -0500] "GET /favicon.ico HTTP/1.1" 404 290 "-" "Mozilla/5.0 (Windows; U; Windows NT 6.0; en-US; rv:1.9.2) Gecko/20100115 Firefox/3.6 (.NET CLR 3.5.30729)"
131.123.156.47 - - [14/Feb/2010:20:51:25 -0500] "GET /favicon.ico HTTP/1.1" 404 290 "-" "Mozilla/5.0 (Windows; U; Windows NT 6.0; en-US; rv:1.9.2) Gecko/20100115 Firefox/3.6 (.NET CLR 3.5.30729)"
131.123.156.47 - - [14/Feb/2010:20:51:26 -0500] "GET /10051/dayhomework.html HTTP/1.1" 200 9142 "http://cgi.cs.kent.edu/10051/homework.html" "Mozilla/5.0 (Windows; U; Windows NT 6.0; en-US; rv:1.9.2) Gecko/20100115 Firefox/3.6 (.NET CLR 3.5.30729)"
131.123.156.47 - - [14/Feb/2010:20:53:09 -0500] "GET /10051/schedule.html HTTP/1.1" 200 2464 "http://cgi.cs.kent.edu/10051/dayhomework.html" "Mozilla/5.0 (Windows; U; Windows NT 6.0; en-US; rv:1.9.2) Gecko/20100115 Firefox/3.6 (.NET CLR 3.5.30729)"
131.123.156.47 - - [14/Feb/2010:20:53:16 -0500] "GET /10051/homework.html HTTP/1.1" 200 2412 "http://cgi.cs.kent.edu/10051/schedule.html" "Mozilla/5.0 (Windows; U; Windows NT 6.0; en-US; rv:1.9.2) Gecko/20100115 Firefox/3.6 (.NET CLR 3.5.30729)"
131.123.156.47 - - [14/Feb/2010:20:53:17 -0500] "GET /10051/announce/index.html HTTP/1.1" 200 5201 "http://cgi.cs.kent.edu/10051/homework.html" "Mozilla/5.0 (Windows; U; Windows NT 6.0; en-US; rv:1.9.2) Gecko/20100115 Firefox/3.6 (.NET CLR 3.5.30729)"
131.123.156.47 - - [14/Feb/2010:20:53:51 -0500] "GET /10051/instructors.html HTTP/1.1" 200 4350 "http://cgi.cs.kent.edu/10051/announce/index.html" "Mozilla/5.0 (Windows; U; Windows NT 6.0; en-US; rv:1.9.2) Gecko/20100115 Firefox/3.6 (.NET CLR 3.5.30729)"
131.123.35.25 - - [14/Feb/2010:20:54:00 -0500] "GET / HTTP/1.1" 200 - "-" "Hobbit bbtest-net/4.2.3"
75.179.25.177 - - [14/Feb/2010:20:54:50 -0500] "GET /10051/dayhomework.html HTTP/1.1" 200 9142 "-" "Mozilla/5.0 (Windows; U; Windows NT 6.1; en-US) AppleWebKit/532.5 (KHTML, like Gecko) Chrome/4.0.249.89 Safari/532.5"
75.179.25.177 - - [14/Feb/2010:20:54:50 -0500] "GET /favicon.ico HTTP/1.1" 404 290 "-" "Mozilla/5.0 (Windows; U; Windows NT 6.1; en-US) AppleWebKit/532.5 (KHTML, like Gecko) Chrome/4.0.249.89 Safari/532.5"
131.123.35.25 - - [14/Feb/2010:20:59:05 -0500] "GET / HTTP/1.1" 200 - "-" "Hobbit bbtest-net/4.2.3"
131.123.35.25 - - [14/Feb/2010:21:04:01 -0500] "GET / HTTP/1.1" 200 - "-" "Hobbit bbtest-net/4.2.3"
66.249.71.231 - - [14/Feb/2010:21:07:20 -0500] "GET /robots.txt HTTP/1.1" 404 289 "-" "Mozilla/5.0 (compatible; Googlebot/2.1; +http://www.google.com/bot.html)"
66.249.71.231 - - [14/Feb/2010:21:07:20 -0500] "GET /10051/resources/linux_quick_ref_card.pdf HTTP/1.1" 304 - "-" "Mozilla/5.0 (compatible; Googlebot/2.1; +http://www.google.com/bot.html)"
67.225.245.105 - - [14/Feb/2010:21:07:26 -0500] "POST /cgi-bin/users/kkoch/guestbook.cgi HTTP/1.1" 404 313 "http://cgi.mcs.kent.edu/cgi-bin/users/kkoch/guestbook.cgi" "Mozilla/4.0 (compatible; MSIE 6.0; Windows NT 5.1; SV1)"
131.123.35.25 - - [14/Feb/2010:21:09:06 -0500] "GET / HTTP/1.1" 200 - "-" "Hobbit bbtest-net/4.2.3"
131.123.35.25 - - [14/Feb/2010:21:14:01 -0500] "GET / HTTP/1.1" 200 - "-" "Hobbit bbtest-net/4.2.3"
76.190.132.239 - - [14/Feb/2010:21:14:29 -0500] "GET /10051/ HTTP/1.1" 200 6245 "http://www.cs.kent.edu/~volkert/" "Mozilla/5.0 (Windows; U; Windows NT 6.1; en-US) AppleWebKit/532.5 (KHTML, like Gecko) Chrome/4.0.249.89 Safari/532.5"
76.190.132.239 - - [14/Feb/2010:21:14:29 -0500] "GET /10051/10051.css HTTP/1.1" 304 - "http://cgi.cs.kent.edu/10051/" "Mozilla/5.0 (Windows; U; Windows NT 6.1; en-US) AppleWebKit/532.5 (KHTML, like Gecko) Chrome/4.0.249.89 Safari/532.5"
76.190.132.239 - - [14/Feb/2010:21:14:29 -0500] "GET /favicon.ico HTTP/1.1" 404 290 "-" "Mozilla/5.0 (Windows; U; Windows NT 6.1; en-US) AppleWebKit/532.5 (KHTML, like Gecko) Chrome/4.0.249.89 Safari/532.5"
76.190.132.239 - - [14/Feb/2010:21:14:32 -0500] "GET /10051/homework.html HTTP/1.1" 200 2412 "http://cgi.cs.kent.edu/10051/" "Mozilla/5.0 (Windows; U; Windows NT 6.1; en-US) AppleWebKit/532.5 (KHTML, like Gecko) Chrome/4.0.249.89 Safari/532.5"
76.190.132.239 - - [14/Feb/2010:21:14:32 -0500] "GET /favicon.ico HTTP/1.1" 404 290 "-" "Mozilla/5.0 (Windows; U; Windows NT 6.1; en-US) AppleWebKit/532.5 (KHTML, like Gecko) Chrome/4.0.249.89 Safari/532.5"
76.190.132.239 - - [14/Feb/2010:21:14:34 -0500] "GET /10051/dayhomework.html HTTP/1.1" 200 9142 "http://cgi.cs.kent.edu/10051/homework.html" "Mozilla/5.0 (Windows; U; Windows NT 6.1; en-US) AppleWebKit/532.5 (KHTML, like Gecko) Chrome/4.0.249.89 Safari/532.5"
76.190.132.239 - - [14/Feb/2010:21:14:34 -0500] "GET /favicon.ico HTTP/1.1" 404 290 "-" "Mozilla/5.0 (Windows; U; Windows NT 6.1; en-US) AppleWebKit/532.5 (KHTML, like Gecko) Chrome/4.0.249.89 Safari/532.5"
76.190.132.239 - - [14/Feb/2010:21:15:04 -0500] "GET /favicon.ico HTTP/1.1" 404 290 "-" "Mozilla/5.0 (Windows; U; Windows NT 6.1; en-US) AppleWebKit/532.5 (KHTML, like Gecko) Chrome/4.0.249.89 Safari/532.5"
131.123.35.25 - - [14/Feb/2010:21:19:06 -0500] "GET / HTTP/1.1" 200 - "-" "Hobbit bbtest-net/4.2.3"
131.123.35.25 - - [14/Feb/2010:21:24:01 -0500] "GET / HTTP/1.1" 200 - "-" "Hobbit bbtest-net/4.2.3"
75.179.25.177 - - [14/Feb/2010:21:28:23 -0500] "GET /10051/dayhomework.html HTTP/1.1" 200 9142 "-" "Mozilla/5.0 (Windows; U; Windows NT 6.1; en-US) AppleWebKit/532.5 (KHTML, like Gecko) Chrome/4.0.249.89 Safari/532.5"
75.179.25.177 - - [14/Feb/2010:21:28:24 -0500] "GET /favicon.ico HTTP/1.1" 404 290 "-" "Mozilla/5.0 (Windows; U; Windows NT 6.1; en-US) AppleWebKit/532.5 (KHTML, like Gecko) Chrome/4.0.249.89 Safari/532.5"
131.123.35.25 - - [14/Feb/2010:21:29:06 -0500] "GET / HTTP/1.1" 200 - "-" "Hobbit bbtest-net/4.2.3"
131.123.35.25 - - [14/Feb/2010:21:34:02 -0500] "GET / HTTP/1.1" 200 - "-" "Hobbit bbtest-net/4.2.3"
131.123.35.25 - - [14/Feb/2010:21:39:07 -0500] "GET / HTTP/1.1" 200 - "-" "Hobbit bbtest-net/4.2.3"
131.123.35.25 - - [14/Feb/2010:21:44:02 -0500] "GET / HTTP/1.1" 200 - "-" "Hobbit bbtest-net/4.2.3"
131.123.35.25 - - [14/Feb/2010:21:49:07 -0500] "GET / HTTP/1.1" 200 - "-" "Hobbit bbtest-net/4.2.3"
131.123.35.25 - - [14/Feb/2010:21:54:02 -0500] "GET / HTTP/1.1" 200 - "-" "Hobbit bbtest-net/4.2.3"
131.123.182.19 - - [14/Feb/2010:21:54:58 -0500] "GET /10051/evehomework.html HTTP/1.1" 200 11180 "-" "Mozilla/5.0 (Macintosh; U; Intel Mac OS X 10_6_2; en-us) AppleWebKit/531.21.8 (KHTML, like Gecko) Version/4.0.4 Safari/531.21.10"
67.195.115.99 - - [14/Feb/2010:21:58:58 -0500] "GET /10051/resources/5/src/global.cpp HTTP/1.0" 200 802 "-" "Mozilla/5.0 (compatible; Yahoo! Slurp/3.0; http://help.yahoo.com/help/us/ysearch/slurp)"
131.123.35.25 - - [14/Feb/2010:21:59:02 -0500] "GET / HTTP/1.1" 200 - "-" "Hobbit bbtest-net/4.2.3"
200.150.163.30 - - [14/Feb/2010:21:59:32 -0500] "POST /cgi-bin/users/kkoch/guestbook.cgi HTTP/1.0" 404 313 "http://cgi.mcs.kent.edu/cgi-bin/users/kkoch/guestbook.cgi" "Mozilla/4.0 (compatible; MSIE 6.0; Windows NT 5.1; SV1)"
60.217.248.136 - - [14/Feb/2010:21:59:35 -0500] "POST /cgi-bin/users/kkoch/guestbook.cgi HTTP/1.1" 404 313 "http://cgi.mcs.kent.edu/cgi-bin/users/kkoch/guestbook.cgi" "Mozilla/4.0 (compatible; MSIE 6.0; Windows NT 5.1; SV1)"
67.195.115.99 - - [14/Feb/2010:21:59:56 -0500] "GET /10051/lab/publichtmlhelp.html HTTP/1.0" 200 2599 "-" "Mozilla/5.0 (compatible; Yahoo! Slurp/3.0; http://help.yahoo.com/help/us/ysearch/slurp)"
67.195.115.99 - - [14/Feb/2010:21:59:57 -0500] "GET /10051/10051.css HTTP/1.0" 304 - "http://cgi.cs.kent.edu/10051/lab/publichtmlhelp.html" "Mozilla/5.0 (compatible; Yahoo! Slurp/3.0; http://help.yahoo.com/help/us/ysearch/slurp)"
131.123.35.25 - - [14/Feb/2010:22:04:03 -0500] "GET / HTTP/1.1" 200 - "-" "Hobbit bbtest-net/4.2.3"
131.123.35.25 - - [14/Feb/2010:22:09:08 -0500] "GET / HTTP/1.1" 200 - "-" "Hobbit bbtest-net/4.2.3"
131.123.182.19 - - [14/Feb/2010:22:10:20 -0500] "GET /10051/ HTTP/1.1" 200 6245 "-" "Mozilla/5.0 (Macintosh; U; Intel Mac OS X 10_6_2; en-us) AppleWebKit/531.21.8 (KHTML, like Gecko) Version/4.0.4 Safari/531.21.10"
131.123.182.19 - - [14/Feb/2010:22:10:23 -0500] "GET /10051/homework.html HTTP/1.1" 200 2412 "http://cgi.cs.kent.edu/10051/" "Mozilla/5.0 (Macintosh; U; Intel Mac OS X 10_6_2; en-us) AppleWebKit/531.21.8 (KHTML, like Gecko) Version/4.0.4 Safari/531.21.10"
131.123.182.19 - - [14/Feb/2010:22:10:25 -0500] "GET /10051/evehomework.html HTTP/1.1" 200 11180 "http://cgi.cs.kent.edu/10051/homework.html" "Mozilla/5.0 (Macintosh; U; Intel Mac OS X 10_6_2; en-us) AppleWebKit/531.21.8 (KHTML, like Gecko) Version/4.0.4 Safari/531.21.10"
131.123.35.25 - - [14/Feb/2010:22:14:03 -0500] "GET / HTTP/1.1" 200 - "-" "Hobbit bbtest-net/4.2.3"
131.123.35.25 - - [14/Feb/2010:22:19:08 -0500] "GET / HTTP/1.1" 200 - "-" "Hobbit bbtest-net/4.2.3"
131.123.35.25 - - [14/Feb/2010:22:24:03 -0500] "GET / HTTP/1.1" 200 - "-" "Hobbit bbtest-net/4.2.3"
131.123.35.25 - - [14/Feb/2010:22:29:08 -0500] "GET / HTTP/1.1" 200 - "-" "Hobbit bbtest-net/4.2.3"
131.123.35.25 - - [14/Feb/2010:22:34:04 -0500] "GET / HTTP/1.1" 200 - "-" "Hobbit bbtest-net/4.2.3"
131.123.35.25 - - [14/Feb/2010:22:39:09 -0500] "GET / HTTP/1.1" 200 - "-" "Hobbit bbtest-net/4.2.3"
131.123.35.25 - - [14/Feb/2010:22:44:04 -0500] "GET / HTTP/1.1" 200 - "-" "Hobbit bbtest-net/4.2.3"
10.244.16.158 - - [14/Feb/2010:22:45:06 -0500] "GET /10051/ HTTP/1.1" 200 6245 "http://monkey.cs.kent.edu/~pwang/" "Mozilla/5.0 (Windows; U; Windows NT 6.0; en-US; rv:1.9.1.7) Gecko/20091221 Firefox/3.5.7"
10.244.16.158 - - [14/Feb/2010:22:45:06 -0500] "GET /10051/10051.css HTTP/1.1" 200 1734 "http://cgi.cs.kent.edu/10051/" "Mozilla/5.0 (Windows; U; Windows NT 6.0; en-US; rv:1.9.1.7) Gecko/20091221 Firefox/3.5.7"
10.244.16.158 - - [14/Feb/2010:22:45:06 -0500] "GET /10051/graphics/cleardot.gif HTTP/1.1" 200 49 "http://cgi.cs.kent.edu/10051/" "Mozilla/5.0 (Windows; U; Windows NT 6.0; en-US; rv:1.9.1.7) Gecko/20091221 Firefox/3.5.7"
10.244.16.158 - - [14/Feb/2010:22:45:06 -0500] "GET /10051/graphics/10051.png HTTP/1.1" 200 10813 "http://cgi.cs.kent.edu/10051/" "Mozilla/5.0 (Windows; U; Windows NT 6.0; en-US; rv:1.9.1.7) Gecko/20091221 Firefox/3.5.7"
10.244.16.158 - - [14/Feb/2010:22:45:06 -0500] "GET /10051/graphics/bottom.gif HTTP/1.1" 200 1217 "http://cgi.cs.kent.edu/10051/" "Mozilla/5.0 (Windows; U; Windows NT 6.0; en-US; rv:1.9.1.7) Gecko/20091221 Firefox/3.5.7"
10.244.16.158 - - [14/Feb/2010:22:45:06 -0500] "GET /favicon.ico HTTP/1.1" 404 290 "-" "Mozilla/5.0 (Windows; U; Windows NT 6.0; en-US; rv:1.9.1.7) Gecko/20091221 Firefox/3.5.7"
10.244.16.158 - - [14/Feb/2010:22:45:07 -0500] "GET /favicon.ico HTTP/1.1" 404 290 "-" "Mozilla/5.0 (Windows; U; Windows NT 6.0; en-US; rv:1.9.1.7) Gecko/20091221 Firefox/3.5.7"
10.244.16.158 - - [14/Feb/2010:22:45:20 -0500] "GET /10051/homework.html HTTP/1.1" 200 2412 "http://cgi.cs.kent.edu/10051/" "Mozilla/5.0 (Windows; U; Windows NT 6.0; en-US; rv:1.9.1.7) Gecko/20091221 Firefox/3.5.7"
10.244.16.158 - - [14/Feb/2010:22:45:24 -0500] "GET /10051/evehomework.html HTTP/1.1" 200 11180 "http://cgi.cs.kent.edu/10051/homework.html" "Mozilla/5.0 (Windows; U; Windows NT 6.0; en-US; rv:1.9.1.7) Gecko/20091221 Firefox/3.5.7"
131.123.35.25 - - [14/Feb/2010:22:49:09 -0500] "GET / HTTP/1.1" 200 - "-" "Hobbit bbtest-net/4.2.3"
131.123.156.225 - - [14/Feb/2010:22:52:45 -0500] "GET /10051/10051.css HTTP/1.1" 200 1734 "http://monkey.cs.kent.edu/10051/index.html" "Mozilla/5.0 (Windows; U; Windows NT 5.1; en-US; rv:1.9.1.7) Gecko/20091221 Firefox/3.5.7 (.NET CLR 3.5.30729)"
68.12.174.21 - - [14/Feb/2010:22:53:48 -0500] "POST http://cgi.mcs.kent.edu/cgi-bin/users/kkoch/guestbook.cgi HTTP/1.1" 404 313 "http://cgi.mcs.kent.edu/cgi-bin/users/kkoch/guestbook.cgi" "Mozilla/4.0 (compatible; MSIE 6.0; Windows NT 5.1; SV1)"
38.107.228.130 - - [14/Feb/2010:22:53:50 -0500] "POST /cgi-bin/users/kkoch/guestbook.cgi HTTP/1.1" 404 313 "http://cgi.mcs.kent.edu/cgi-bin/users/kkoch/guestbook.cgi" "Mozilla/4.0 (compatible; MSIE 6.0; Windows NT 5.1; SV1)"
131.123.35.25 - - [14/Feb/2010:22:54:04 -0500] "GET / HTTP/1.1" 200 - "-" "Hobbit bbtest-net/4.2.3"
178.93.40.20 - - [14/Feb/2010:22:56:59 -0500] "GET /cgi-bin/users/kkoch/guestbook.cgi HTTP/1.0" 404 313 "http://cgi.mcs.kent.edu/cgi-bin/users/kkoch/guestbook.cgi" "Mozilla/4.0 (compatible; MSIE 7.0b; Windows NT 6.0 ; .NET CLR 2.0.50215; SL Commerce Client v1.0; Tablet PC 2.0"
178.93.40.20 - - [14/Feb/2010:22:56:59 -0500] "GET / HTTP/1.0" 200 - "http://cgi.mcs.kent.edu/" "Mozilla/4.0 (compatible; MSIE 7.0b; Windows NT 6.0 ; .NET CLR 2.0.50215; SL Commerce Client v1.0; Tablet PC 2.0"
94.102.63.60 - - [14/Feb/2010:22:57:44 -0500] "GET /cgi-bin/users/kkoch/guestbook.cgi HTTP/1.0" 404 313 "http://aimtrust.com/aim/r/60008" "Mozilla/0.91 Beta (Windows)"
131.123.35.25 - - [14/Feb/2010:22:59:09 -0500] "GET / HTTP/1.1" 200 - "-" "Hobbit bbtest-net/4.2.3"
131.123.35.25 - - [14/Feb/2010:23:04:05 -0500] "GET / HTTP/1.1" 200 - "-" "Hobbit bbtest-net/4.2.3"
131.123.84.85 - - [14/Feb/2010:23:08:29 -0500] "GET /10051/ HTTP/1.1" 200 6245 "-" "Mozilla/5.0 (Windows; U; Windows NT 6.1; en-US) AppleWebKit/532.5 (KHTML, like Gecko) Chrome/4.0.249.89 Safari/532.5"
131.123.84.85 - - [14/Feb/2010:23:08:29 -0500] "GET /10051/10051.css HTTP/1.1" 304 - "http://cgi.cs.kent.edu/10051/" "Mozilla/5.0 (Windows; U; Windows NT 6.1; en-US) AppleWebKit/532.5 (KHTML, like Gecko) Chrome/4.0.249.89 Safari/532.5"
131.123.84.85 - - [14/Feb/2010:23:08:29 -0500] "GET /favicon.ico HTTP/1.1" 404 290 "-" "Mozilla/5.0 (Windows; U; Windows NT 6.1; en-US) AppleWebKit/532.5 (KHTML, like Gecko) Chrome/4.0.249.89 Safari/532.5"
131.123.84.85 - - [14/Feb/2010:23:08:31 -0500] "GET /10051/homework.html HTTP/1.1" 200 2412 "http://cgi.cs.kent.edu/10051/" "Mozilla/5.0 (Windows; U; Windows NT 6.1; en-US) AppleWebKit/532.5 (KHTML, like Gecko) Chrome/4.0.249.89 Safari/532.5"
131.123.84.85 - - [14/Feb/2010:23:08:31 -0500] "GET /favicon.ico HTTP/1.1" 404 290 "-" "Mozilla/5.0 (Windows; U; Windows NT 6.1; en-US) AppleWebKit/532.5 (KHTML, like Gecko) Chrome/4.0.249.89 Safari/532.5"
131.123.84.85 - - [14/Feb/2010:23:08:33 -0500] "GET /10051/dayhomework.html HTTP/1.1" 200 9142 "http://cgi.cs.kent.edu/10051/homework.html" "Mozilla/5.0 (Windows; U; Windows NT 6.1; en-US) AppleWebKit/532.5 (KHTML, like Gecko) Chrome/4.0.249.89 Safari/532.5"
131.123.84.85 - - [14/Feb/2010:23:08:33 -0500] "GET /favicon.ico HTTP/1.1" 404 290 "-" "Mozilla/5.0 (Windows; U; Windows NT 6.1; en-US) AppleWebKit/532.5 (KHTML, like Gecko) Chrome/4.0.249.89 Safari/532.5"
131.123.35.25 - - [14/Feb/2010:23:09:10 -0500] "GET / HTTP/1.1" 200 - "-" "Hobbit bbtest-net/4.2.3"
131.123.35.25 - - [14/Feb/2010:23:14:05 -0500] "GET / HTTP/1.1" 200 - "-" "Hobbit bbtest-net/4.2.3"
131.123.35.25 - - [14/Feb/2010:23:19:10 -0500] "GET / HTTP/1.1" 200 - "-" "Hobbit bbtest-net/4.2.3"
66.61.12.52 - - [14/Feb/2010:23:23:20 -0500] "GET /10051/evehomework.html HTTP/1.1" 200 11180 "-" "Mozilla/5.0 (Macintosh; U; Intel Mac OS X 10.6; en-US; rv:1.9.1.7) Gecko/20091221 Firefox/3.5.7"
66.61.12.52 - - [14/Feb/2010:23:23:21 -0500] "GET /10051/10051.css HTTP/1.1" 200 1734 "http://cgi.cs.kent.edu/10051/evehomework.html" "Mozilla/5.0 (Macintosh; U; Intel Mac OS X 10.6; en-US; rv:1.9.1.7) Gecko/20091221 Firefox/3.5.7"
66.61.12.52 - - [14/Feb/2010:23:23:21 -0500] "GET /10051/graphics/10051.png HTTP/1.1" 200 10813 "http://cgi.cs.kent.edu/10051/evehomework.html" "Mozilla/5.0 (Macintosh; U; Intel Mac OS X 10.6; en-US; rv:1.9.1.7) Gecko/20091221 Firefox/3.5.7"
66.61.12.52 - - [14/Feb/2010:23:23:21 -0500] "GET /10051/graphics/bottom.gif HTTP/1.1" 200 1217 "http://cgi.cs.kent.edu/10051/evehomework.html" "Mozilla/5.0 (Macintosh; U; Intel Mac OS X 10.6; en-US; rv:1.9.1.7) Gecko/20091221 Firefox/3.5.7"
66.61.12.52 - - [14/Feb/2010:23:23:21 -0500] "GET /10051/graphics/cleardot.gif HTTP/1.1" 200 49 "http://cgi.cs.kent.edu/10051/evehomework.html" "Mozilla/5.0 (Macintosh; U; Intel Mac OS X 10.6; en-US; rv:1.9.1.7) Gecko/20091221 Firefox/3.5.7"
66.61.12.52 - - [14/Feb/2010:23:23:38 -0500] "GET /favicon.ico HTTP/1.1" 404 290 "-" "Mozilla/5.0 (Macintosh; U; Intel Mac OS X 10.6; en-US; rv:1.9.1.7) Gecko/20091221 Firefox/3.5.7"
66.61.12.52 - - [14/Feb/2010:23:23:45 -0500] "GET /favicon.ico HTTP/1.1" 404 290 "-" "Mozilla/5.0 (Macintosh; U; Intel Mac OS X 10.6; en-US; rv:1.9.1.7) Gecko/20091221 Firefox/3.5.7"
131.123.35.25 - - [14/Feb/2010:23:24:05 -0500] "GET / HTTP/1.1" 200 - "-" "Hobbit bbtest-net/4.2.3"
131.123.35.25 - - [14/Feb/2010:23:29:10 -0500] "GET / HTTP/1.1" 200 - "-" "Hobbit bbtest-net/4.2.3"
190.71.44.58 - - [14/Feb/2010:23:31:22 -0500] "GET /~jbrownel/catalyst HTTP/1.1" 301 331 "http://www.jerrybrownell.com/work.html" "Mozilla/5.0 (Macintosh; U; PPC Mac OS X 10_5_8; en-us) AppleWebKit/531.21.8 (KHTML, like Gecko) Version/4.0.4 Safari/531.21.10"
190.71.44.58 - - [14/Feb/2010:23:31:22 -0500] "GET /~jbrownel/catalyst/ HTTP/1.1" 200 7160 "http://www.jerrybrownell.com/work.html" "Mozilla/5.0 (Macintosh; U; PPC Mac OS X 10_5_8; en-us) AppleWebKit/531.21.8 (KHTML, like Gecko) Version/4.0.4 Safari/531.21.10"
190.71.44.58 - - [14/Feb/2010:23:31:22 -0500] "GET /~jbrownel/catalyst/src/adapter/shadowbox-base.js HTTP/1.1" 200 10709 "http://cgi.cs.kent.edu/~jbrownel/catalyst/" "Mozilla/5.0 (Macintosh; U; PPC Mac OS X 10_5_8; en-us) AppleWebKit/531.21.8 (KHTML, like Gecko) Version/4.0.4 Safari/531.21.10"
190.71.44.58 - - [14/Feb/2010:23:31:22 -0500] "GET /~jbrownel/catalyst/_lib/css/catalyst_spring.css HTTP/1.1" 200 5032 "http://cgi.cs.kent.edu/~jbrownel/catalyst/" "Mozilla/5.0 (Macintosh; U; PPC Mac OS X 10_5_8; en-us) AppleWebKit/531.21.8 (KHTML, like Gecko) Version/4.0.4 Safari/531.21.10"
190.71.44.58 - - [14/Feb/2010:23:31:22 -0500] "GET /~jbrownel/catalyst/Scripts/AC_RunActiveContent.js HTTP/1.1" 200 8029 "http://cgi.cs.kent.edu/~jbrownel/catalyst/" "Mozilla/5.0 (Macintosh; U; PPC Mac OS X 10_5_8; en-us) AppleWebKit/531.21.8 (KHTML, like Gecko) Version/4.0.4 Safari/531.21.10"
190.71.44.58 - - [14/Feb/2010:23:31:23 -0500] "GET /~jbrownel/catalyst/Scripts/AC_ActiveX.js HTTP/1.1" 200 2068 "http://cgi.cs.kent.edu/~jbrownel/catalyst/" "Mozilla/5.0 (Macintosh; U; PPC Mac OS X 10_5_8; en-us) AppleWebKit/531.21.8 (KHTML, like Gecko) Version/4.0.4 Safari/531.21.10"
190.71.44.58 - - [14/Feb/2010:23:31:22 -0500] "GET /~jbrownel/catalyst/src/shadowbox.js HTTP/1.1" 200 71504 "http://cgi.cs.kent.edu/~jbrownel/catalyst/" "Mozilla/5.0 (Macintosh; U; PPC Mac OS X 10_5_8; en-us) AppleWebKit/531.21.8 (KHTML, like Gecko) Version/4.0.4 Safari/531.21.10"
190.71.44.58 - - [14/Feb/2010:23:31:24 -0500] "GET /~jbrownel/catalyst/src/lang/shadowbox-en.js HTTP/1.1" 200 2337 "http://cgi.cs.kent.edu/~jbrownel/catalyst/" "Mozilla/5.0 (Macintosh; U; PPC Mac OS X 10_5_8; en-us) AppleWebKit/531.21.8 (KHTML, like Gecko) Version/4.0.4 Safari/531.21.10"
190.71.44.58 - - [14/Feb/2010:23:31:24 -0500] "GET /~jbrownel/catalyst/src/skin/classic/skin.css HTTP/1.1" 200 5236 "http://cgi.cs.kent.edu/~jbrownel/catalyst/" "Mozilla/5.0 (Macintosh; U; PPC Mac OS X 10_5_8; en-us) AppleWebKit/531.21.8 (KHTML, like Gecko) Version/4.0.4 Safari/531.21.10"
190.71.44.58 - - [14/Feb/2010:23:31:24 -0500] "GET /~jbrownel/catalyst/src/player/shadowbox-flv.js HTTP/1.1" 200 4159 "http://cgi.cs.kent.edu/~jbrownel/catalyst/" "Mozilla/5.0 (Macintosh; U; PPC Mac OS X 10_5_8; en-us) AppleWebKit/531.21.8 (KHTML, like Gecko) Version/4.0.4 Safari/531.21.10"
190.71.44.58 - - [14/Feb/2010:23:31:24 -0500] "GET /~jbrownel/catalyst/src/skin/classic/skin.js HTTP/1.1" 200 3495 "http://cgi.cs.kent.edu/~jbrownel/catalyst/" "Mozilla/5.0 (Macintosh; U; PPC Mac OS X 10_5_8; en-us) AppleWebKit/531.21.8 (KHTML, like Gecko) Version/4.0.4 Safari/531.21.10"
190.71.44.58 - - [14/Feb/2010:23:31:24 -0500] "GET /~jbrownel/catalyst/src/player/shadowbox-html.js HTTP/1.1" 200 2655 "http://cgi.cs.kent.edu/~jbrownel/catalyst/" "Mozilla/5.0 (Macintosh; U; PPC Mac OS X 10_5_8; en-us) AppleWebKit/531.21.8 (KHTML, like Gecko) Version/4.0.4 Safari/531.21.10"
190.71.44.58 - - [14/Feb/2010:23:31:24 -0500] "GET /~jbrownel/catalyst/src/player/shadowbox-iframe.js HTTP/1.1" 200 3965 "http://cgi.cs.kent.edu/~jbrownel/catalyst/" "Mozilla/5.0 (Macintosh; U; PPC Mac OS X 10_5_8; en-us) AppleWebKit/531.21.8 (KHTML, like Gecko) Version/4.0.4 Safari/531.21.10"
190.71.44.58 - - [14/Feb/2010:23:31:24 -0500] "GET /~jbrownel/catalyst/src/player/shadowbox-img.js HTTP/1.1" 200 8324 "http://cgi.cs.kent.edu/~jbrownel/catalyst/" "Mozilla/5.0 (Macintosh; U; PPC Mac OS X 10_5_8; en-us) AppleWebKit/531.21.8 (KHTML, like Gecko) Version/4.0.4 Safari/531.21.10"
190.71.44.58 - - [14/Feb/2010:23:31:24 -0500] "GET /~jbrownel/catalyst/src/player/shadowbox-qt.js HTTP/1.1" 200 4015 "http://cgi.cs.kent.edu/~jbrownel/catalyst/" "Mozilla/5.0 (Macintosh; U; PPC Mac OS X 10_5_8; en-us) AppleWebKit/531.21.8 (KHTML, like Gecko) Version/4.0.4 Safari/531.21.10"
190.71.44.58 - - [14/Feb/2010:23:31:24 -0500] "GET /~jbrownel/catalyst/src/player/shadowbox-swf.js HTTP/1.1" 200 3133 "http://cgi.cs.kent.edu/~jbrownel/catalyst/" "Mozilla/5.0 (Macintosh; U; PPC Mac OS X 10_5_8; en-us) AppleWebKit/531.21.8 (KHTML, like Gecko) Version/4.0.4 Safari/531.21.10"
190.71.44.58 - - [14/Feb/2010:23:31:24 -0500] "GET /~jbrownel/catalyst/src/player/shadowbox-wmp.js HTTP/1.1" 200 4445 "http://cgi.cs.kent.edu/~jbrownel/catalyst/" "Mozilla/5.0 (Macintosh; U; PPC Mac OS X 10_5_8; en-us) AppleWebKit/531.21.8 (KHTML, like Gecko) Version/4.0.4 Safari/531.21.10"
190.71.44.58 - - [14/Feb/2010:23:31:25 -0500] "GET /~jbrownel/catalyst/_lib/web2/latest_news2.png HTTP/1.1" 200 5809 "http://cgi.cs.kent.edu/~jbrownel/catalyst/" "Mozilla/5.0 (Macintosh; U; PPC Mac OS X 10_5_8; en-us) AppleWebKit/531.21.8 (KHTML, like Gecko) Version/4.0.4 Safari/531.21.10"
190.71.44.58 - - [14/Feb/2010:23:31:25 -0500] "GET /~jbrownel/catalyst/_lib/web2/spring_bg.jpg HTTP/1.1" 200 42830 "http://cgi.cs.kent.edu/~jbrownel/catalyst/" "Mozilla/5.0 (Macintosh; U; PPC Mac OS X 10_5_8; en-us) AppleWebKit/531.21.8 (KHTML, like Gecko) Version/4.0.4 Safari/531.21.10"
190.71.44.58 - - [14/Feb/2010:23:31:25 -0500] "GET /~jbrownel/catalyst/_lib/web2/gethere2.png HTTP/1.1" 200 31135 "http://cgi.cs.kent.edu/~jbrownel/catalyst/" "Mozilla/5.0 (Macintosh; U; PPC Mac OS X 10_5_8; en-us) AppleWebKit/531.21.8 (KHTML, like Gecko) Version/4.0.4 Safari/531.21.10"
190.71.44.58 - - [14/Feb/2010:23:31:25 -0500] "GET /~jbrownel/catalyst/_lib/web2/minis2.png HTTP/1.1" 200 98991 "http://cgi.cs.kent.edu/~jbrownel/catalyst/" "Mozilla/5.0 (Macintosh; U; PPC Mac OS X 10_5_8; en-us) AppleWebKit/531.21.8 (KHTML, like Gecko) Version/4.0.4 Safari/531.21.10"
190.71.44.58 - - [14/Feb/2010:23:31:25 -0500] "GET /~jbrownel/catalyst/_lib/web2/banner2.png HTTP/1.1" 200 172614 "http://cgi.cs.kent.edu/~jbrownel/catalyst/" "Mozilla/5.0 (Macintosh; U; PPC Mac OS X 10_5_8; en-us) AppleWebKit/531.21.8 (KHTML, like Gecko) Version/4.0.4 Safari/531.21.10"
190.71.44.58 - - [14/Feb/2010:23:31:26 -0500] "GET /~jbrownel/catalyst/_lib/web2/meetpastor2.png HTTP/1.1" 200 50273 "http://cgi.cs.kent.edu/~jbrownel/catalyst/" "Mozilla/5.0 (Macintosh; U; PPC Mac OS X 10_5_8; en-us) AppleWebKit/531.21.8 (KHTML, like Gecko) Version/4.0.4 Safari/531.21.10"
190.71.44.58 - - [14/Feb/2010:23:31:25 -0500] "GET /~jbrownel/catalyst/banner.swf HTTP/1.1" 200 137038 "http://cgi.cs.kent.edu/~jbrownel/catalyst/" "Mozilla/5.0 (Macintosh; U; PPC Mac OS X 10_5_8; en-us) AppleWebKit/531.21.8 (KHTML, like Gecko) Version/4.0.4 Safari/531.21.10"
190.71.44.58 - - [14/Feb/2010:23:31:27 -0500] "GET /~jbrownel/catalyst/_lib/web2/tell_friend2.png HTTP/1.1" 200 12935 "http://cgi.cs.kent.edu/~jbrownel/catalyst/" "Mozilla/5.0 (Macintosh; U; PPC Mac OS X 10_5_8; en-us) AppleWebKit/531.21.8 (KHTML, like Gecko) Version/4.0.4 Safari/531.21.10"
190.71.44.58 - - [14/Feb/2010:23:31:28 -0500] "GET /~jbrownel/catalyst/_lib/web2/dropus2.png HTTP/1.1" 200 3258 "http://cgi.cs.kent.edu/~jbrownel/catalyst/" "Mozilla/5.0 (Macintosh; U; PPC Mac OS X 10_5_8; en-us) AppleWebKit/531.21.8 (KHTML, like Gecko) Version/4.0.4 Safari/531.21.10"
190.71.44.58 - - [14/Feb/2010:23:31:28 -0500] "GET /~jbrownel/catalyst/_lib/web2/web20.png HTTP/1.1" 200 6150 "http://cgi.cs.kent.edu/~jbrownel/catalyst/" "Mozilla/5.0 (Macintosh; U; PPC Mac OS X 10_5_8; en-us) AppleWebKit/531.21.8 (KHTML, like Gecko) Version/4.0.4 Safari/531.21.10"
190.71.44.58 - - [14/Feb/2010:23:31:28 -0500] "GET /~jbrownel/catalyst/_lib/web/vimeo.png HTTP/1.1" 200 2335 "http://cgi.cs.kent.edu/~jbrownel/catalyst/" "Mozilla/5.0 (Macintosh; U; PPC Mac OS X 10_5_8; en-us) AppleWebKit/531.21.8 (KHTML, like Gecko) Version/4.0.4 Safari/531.21.10"
190.71.44.58 - - [14/Feb/2010:23:31:28 -0500] "GET /~jbrownel/catalyst/_lib/web/facebook.png HTTP/1.1" 200 2095 "http://cgi.cs.kent.edu/~jbrownel/catalyst/" "Mozilla/5.0 (Macintosh; U; PPC Mac OS X 10_5_8; en-us) AppleWebKit/531.21.8 (KHTML, like Gecko) Version/4.0.4 Safari/531.21.10"
190.71.44.58 - - [14/Feb/2010:23:31:28 -0500] "GET /~jbrownel/catalyst/_lib/web/youtube.png HTTP/1.1" 200 1820 "http://cgi.cs.kent.edu/~jbrownel/catalyst/" "Mozilla/5.0 (Macintosh; U; PPC Mac OS X 10_5_8; en-us) AppleWebKit/531.21.8 (KHTML, like Gecko) Version/4.0.4 Safari/531.21.10"
190.71.44.58 - - [14/Feb/2010:23:31:28 -0500] "GET /~jbrownel/catalyst/_lib/web2/footer_right.png HTTP/1.1" 200 523 "http://cgi.cs.kent.edu/~jbrownel/catalyst/" "Mozilla/5.0 (Macintosh; U; PPC Mac OS X 10_5_8; en-us) AppleWebKit/531.21.8 (KHTML, like Gecko) Version/4.0.4 Safari/531.21.10"
190.71.44.58 - - [14/Feb/2010:23:32:07 -0500] "GET /favicon.ico HTTP/1.1" 404 290 "http://cgi.cs.kent.edu/~jbrownel/catalyst/" "Mozilla/5.0 (Macintosh; U; PPC Mac OS X 10_5_8; en-us) AppleWebKit/531.21.8 (KHTML, like Gecko) Version/4.0.4 Safari/531.21.10"
65.55.234.159 - - [14/Feb/2010:23:33:00 -0500] "GET /robots.txt HTTP/1.1" 404 289 "-" "msnbot-media/1.1 (+http://search.msn.com/msnbot.htm)"
65.55.234.159 - - [14/Feb/2010:23:33:00 -0500] "GET /10051/ HTTP/1.1" 200 6245 "-" "msnbot-media/1.1 (+http://search.msn.com/msnbot.htm)"
131.123.35.25 - - [14/Feb/2010:23:34:06 -0500] "GET / HTTP/1.1" 200 - "-" "Hobbit bbtest-net/4.2.3"
131.123.35.25 - - [14/Feb/2010:23:39:11 -0500] "GET / HTTP/1.1" 200 - "-" "Hobbit bbtest-net/4.2.3"
131.123.35.25 - - [14/Feb/2010:23:44:06 -0500] "GET / HTTP/1.1" 200 - "-" "Hobbit bbtest-net/4.2.3"
24.29.228.87 - - [14/Feb/2010:23:44:31 -0500] "GET /10051/10051.css HTTP/1.1" 200 1734 "http://monkey.cs.kent.edu/10051/" "Mozilla/4.0 (compatible; MSIE 8.0; Windows NT 6.1; Trident/4.0; SLCC2; .NET CLR 2.0.50727; .NET CLR 3.5.30729; .NET CLR 3.0.30729; Media Center PC 6.0; InfoPath.2; OfficeLiveConnector.1.4; OfficeLivePatch.1.3)"
24.29.228.87 - - [14/Feb/2010:23:44:34 -0500] "GET /10051/evehomework.html HTTP/1.1" 200 11180 "http://monkey.cs.kent.edu/10051/" "Mozilla/4.0 (compatible; MSIE 8.0; Windows NT 6.1; Trident/4.0; SLCC2; .NET CLR 2.0.50727; .NET CLR 3.5.30729; .NET CLR 3.0.30729; Media Center PC 6.0; InfoPath.2; OfficeLiveConnector.1.4; OfficeLivePatch.1.3)"
24.29.228.87 - - [14/Feb/2010:23:44:34 -0500] "GET /10051/graphics/10051.png HTTP/1.1" 200 10813 "http://cgi.cs.kent.edu/10051/evehomework.html" "Mozilla/4.0 (compatible; MSIE 8.0; Windows NT 6.1; Trident/4.0; SLCC2; .NET CLR 2.0.50727; .NET CLR 3.5.30729; .NET CLR 3.0.30729; Media Center PC 6.0; InfoPath.2; OfficeLiveConnector.1.4; OfficeLivePatch.1.3)"
24.29.228.87 - - [14/Feb/2010:23:44:34 -0500] "GET /10051/graphics/cleardot.gif HTTP/1.1" 200 49 "http://cgi.cs.kent.edu/10051/evehomework.html" "Mozilla/4.0 (compatible; MSIE 8.0; Windows NT 6.1; Trident/4.0; SLCC2; .NET CLR 2.0.50727; .NET CLR 3.5.30729; .NET CLR 3.0.30729; Media Center PC 6.0; InfoPath.2; OfficeLiveConnector.1.4; OfficeLivePatch.1.3)"
24.29.228.87 - - [14/Feb/2010:23:44:34 -0500] "GET /10051/graphics/bottom.gif HTTP/1.1" 200 1217 "http://cgi.cs.kent.edu/10051/evehomework.html" "Mozilla/4.0 (compatible; MSIE 8.0; Windows NT 6.1; Trident/4.0; SLCC2; .NET CLR 2.0.50727; .NET CLR 3.5.30729; .NET CLR 3.0.30729; Media Center PC 6.0; InfoPath.2; OfficeLiveConnector.1.4; OfficeLivePatch.1.3)"
24.29.228.87 - - [14/Feb/2010:23:44:34 -0500] "GET /favicon.ico HTTP/1.1" 404 290 "-" "Mozilla/4.0 (compatible; MSIE 8.0; Windows NT 6.1; Trident/4.0; SLCC2; .NET CLR 2.0.50727; .NET CLR 3.5.30729; .NET CLR 3.0.30729; Media Center PC 6.0; InfoPath.2; OfficeLiveConnector.1.4; OfficeLivePatch.1.3)"
220.255.7.13 - - [14/Feb/2010:23:47:44 -0500] "POST /cgi-bin/users/kkoch/guestbook.cgi HTTP/1.1" 404 313 "http://cgi.mcs.kent.edu/cgi-bin/users/kkoch/guestbook.cgi" "Mozilla/4.0 (compatible; MSIE 6.0; Windows NT 5.1; SV1)"
202.197.64.12 - - [14/Feb/2010:23:48:02 -0500] "POST /cgi-bin/users/kkoch/guestbook.cgi HTTP/1.1" 404 313 "http://cgi.mcs.kent.edu/cgi-bin/users/kkoch/guestbook.cgi" "Mozilla/4.0 (compatible; MSIE 6.0; Windows NT 5.1; SV1)"
131.123.35.25 - - [14/Feb/2010:23:49:11 -0500] "GET / HTTP/1.1" 200 - "-" "Hobbit bbtest-net/4.2.3"
131.123.35.25 - - [14/Feb/2010:23:54:06 -0500] "GET / HTTP/1.1" 200 - "-" "Hobbit bbtest-net/4.2.3"
66.61.12.52 - - [14/Feb/2010:23:55:41 -0500] "GET /10051/evehomework.html HTTP/1.1" 200 11180 "-" "Mozilla/5.0 (Macintosh; U; Intel Mac OS X 10.6; en-US; rv:1.9.1.7) Gecko/20091221 Firefox/3.5.7"
66.61.12.52 - - [14/Feb/2010:23:55:41 -0500] "GET /10051/10051.css HTTP/1.1" 200 1734 "http://cgi.cs.kent.edu/10051/evehomework.html" "Mozilla/5.0 (Macintosh; U; Intel Mac OS X 10.6; en-US; rv:1.9.1.7) Gecko/20091221 Firefox/3.5.7"
66.61.12.52 - - [14/Feb/2010:23:55:41 -0500] "GET /10051/graphics/10051.png HTTP/1.1" 200 10813 "http://cgi.cs.kent.edu/10051/evehomework.html" "Mozilla/5.0 (Macintosh; U; Intel Mac OS X 10.6; en-US; rv:1.9.1.7) Gecko/20091221 Firefox/3.5.7"
66.61.12.52 - - [14/Feb/2010:23:55:41 -0500] "GET /10051/graphics/cleardot.gif HTTP/1.1" 200 49 "http://cgi.cs.kent.edu/10051/evehomework.html" "Mozilla/5.0 (Macintosh; U; Intel Mac OS X 10.6; en-US; rv:1.9.1.7) Gecko/20091221 Firefox/3.5.7"
66.61.12.52 - - [14/Feb/2010:23:55:41 -0500] "GET /10051/graphics/bottom.gif HTTP/1.1" 200 1217 "http://cgi.cs.kent.edu/10051/evehomework.html" "Mozilla/5.0 (Macintosh; U; Intel Mac OS X 10.6; en-US; rv:1.9.1.7) Gecko/20091221 Firefox/3.5.7"
66.61.12.52 - - [14/Feb/2010:23:55:42 -0500] "GET /favicon.ico HTTP/1.1" 404 290 "-" "Mozilla/5.0 (Macintosh; U; Intel Mac OS X 10.6; en-US; rv:1.9.1.7) Gecko/20091221 Firefox/3.5.7"
66.61.12.52 - - [14/Feb/2010:23:55:49 -0500] "GET /favicon.ico HTTP/1.1" 404 290 "-" "Mozilla/5.0 (Macintosh; U; Intel Mac OS X 10.6; en-US; rv:1.9.1.7) Gecko/20091221 Firefox/3.5.7"
77.88.31.247 - - [14/Feb/2010:23:56:26 -0500] "GET /robots.txt HTTP/1.1" 404 289 "-" "Yandex/1.01.001 (compatible; Win16; I)"
131.123.35.25 - - [14/Feb/2010:23:59:11 -0500] "GET / HTTP/1.1" 200 - "-" "Hobbit bbtest-net/4.2.3"
131.123.35.25 - - [15/Feb/2010:00:04:07 -0500] "GET / HTTP/1.1" 200 - "-" "Hobbit bbtest-net/4.2.3"
24.29.234.232 - - [15/Feb/2010:00:05:44 -0500] "GET /10051/ HTTP/1.1" 200 6245 "-" "Mozilla/5.0 (Macintosh; U; Intel Mac OS X 10_6_2; en-us) AppleWebKit/531.21.8 (KHTML, like Gecko) Version/4.0.4 Safari/531.21.10"
131.123.35.25 - - [15/Feb/2010:00:09:12 -0500] "GET / HTTP/1.1" 200 - "-" "Hobbit bbtest-net/4.2.3"
207.46.195.225 - - [15/Feb/2010:00:11:26 -0500] "GET /robots.txt HTTP/1.1" 404 289 "-" "msnbot/2.0b (+http://search.msn.com/msnbot.htm)"
66.61.12.52 - - [15/Feb/2010:00:11:52 -0500] "GET /10051/evehomework.html HTTP/1.1" 200 11180 "-" "Mozilla/5.0 (Macintosh; U; Intel Mac OS X 10.6; en-US; rv:1.9.1.7) Gecko/20091221 Firefox/3.5.7"
66.61.12.52 - - [15/Feb/2010:00:11:52 -0500] "GET /10051/graphics/10051.png HTTP/1.1" 200 10813 "http://cgi.cs.kent.edu/10051/evehomework.html" "Mozilla/5.0 (Macintosh; U; Intel Mac OS X 10.6; en-US; rv:1.9.1.7) Gecko/20091221 Firefox/3.5.7"
66.61.12.52 - - [15/Feb/2010:00:11:52 -0500] "GET /10051/graphics/cleardot.gif HTTP/1.1" 200 49 "http://cgi.cs.kent.edu/10051/evehomework.html" "Mozilla/5.0 (Macintosh; U; Intel Mac OS X 10.6; en-US; rv:1.9.1.7) Gecko/20091221 Firefox/3.5.7"
66.61.12.52 - - [15/Feb/2010:00:11:52 -0500] "GET /10051/graphics/bottom.gif HTTP/1.1" 200 1217 "http://cgi.cs.kent.edu/10051/evehomework.html" "Mozilla/5.0 (Macintosh; U; Intel Mac OS X 10.6; en-US; rv:1.9.1.7) Gecko/20091221 Firefox/3.5.7"
66.61.12.52 - - [15/Feb/2010:00:11:53 -0500] "GET /10051/10051.css HTTP/1.1" 200 1734 "http://cgi.cs.kent.edu/10051/evehomework.html" "Mozilla/5.0 (Macintosh; U; Intel Mac OS X 10.6; en-US; rv:1.9.1.7) Gecko/20091221 Firefox/3.5.7"
66.61.12.52 - - [15/Feb/2010:00:11:58 -0500] "GET /favicon.ico HTTP/1.1" 404 290 "-" "Mozilla/5.0 (Macintosh; U; Intel Mac OS X 10.6; en-US; rv:1.9.1.7) Gecko/20091221 Firefox/3.5.7"
66.61.12.52 - - [15/Feb/2010:00:12:01 -0500] "GET /favicon.ico HTTP/1.1" 404 290 "-" "Mozilla/5.0 (Macintosh; U; Intel Mac OS X 10.6; en-US; rv:1.9.1.7) Gecko/20091221 Firefox/3.5.7"
131.123.35.25 - - [15/Feb/2010:00:14:07 -0500] "GET / HTTP/1.1" 200 - "-" "Hobbit bbtest-net/4.2.3"
131.123.35.25 - - [15/Feb/2010:00:19:12 -0500] "GET / HTTP/1.1" 200 - "-" "Hobbit bbtest-net/4.2.3"
131.123.35.25 - - [15/Feb/2010:00:24:07 -0500] "GET / HTTP/1.1" 200 - "-" "Hobbit bbtest-net/4.2.3"
173.212.243.202 - - [15/Feb/2010:00:25:40 -0500] "GET /cgi-bin/users/kreeser/CTR/index.php?Buy-phentermine-online-without-prescription/ HTTP/1.1" 404 314 "-" "Mozilla/4.0 (compatible; MSIE 5.0; Windows 98; DigExt\\)"
173.212.243.202 - - [15/Feb/2010:00:25:40 -0500] "GET /cgi-bin/users/kreeser/CTR/index.php?Buy-phentermine-online-without-prescription/ HTTP/1.1" 404 314 "-" "Mozilla/4.0 (compatible; MSIE 6.0; Windows NT 5.1; SV1)"
173.212.243.202 - - [15/Feb/2010:00:25:40 -0500] "GET /cgi-bin/users/kreeser/CTR/?Buy-phentermine-online-without-prescription/ HTTP/1.1" 404 305 "-" "Mozilla/4.0 (compatible; MSIE 5.0; Windows 98; DigExt\\)"
131.123.35.25 - - [15/Feb/2010:00:29:12 -0500] "GET / HTTP/1.1" 200 - "-" "Hobbit bbtest-net/4.2.3"
131.123.35.25 - - [15/Feb/2010:00:34:08 -0500] "GET / HTTP/1.1" 200 - "-" "Hobbit bbtest-net/4.2.3"
68.172.244.189 - - [15/Feb/2010:00:39:05 -0500] "GET /cgi-bin/users/rmuhamma/Counter/livecntr.cgi?1+6 HTTP/1.1" 404 322 "http://www.personal.kent.edu/~rmuhamma/" "Mozilla/4.0 (compatible; MSIE 7.0; Windows NT 5.1; .NET CLR 1.1.4322; .NET CLR 2.0.50727; .NET CLR 3.0.04506.30; .NET CLR 3.0.04506.648; .NET CLR 3.0.4506.2152; .NET CLR 3.5.30729; InfoPath.2)"
68.172.244.189 - - [15/Feb/2010:00:39:05 -0500] "GET /cgi-bin/users/rmuhamma/Counter/livecntr.cgi?0+6 HTTP/1.1" 404 322 "http://www.personal.kent.edu/~rmuhamma/" "Mozilla/4.0 (compatible; MSIE 7.0; Windows NT 5.1; .NET CLR 1.1.4322; .NET CLR 2.0.50727; .NET CLR 3.0.04506.30; .NET CLR 3.0.04506.648; .NET CLR 3.0.4506.2152; .NET CLR 3.5.30729; InfoPath.2)"
68.172.244.189 - - [15/Feb/2010:00:39:06 -0500] "GET /cgi-bin/users/rmuhamma/Counter/livecntr.cgi?2+6 HTTP/1.1" 404 322 "http://www.personal.kent.edu/~rmuhamma/" "Mozilla/4.0 (compatible; MSIE 7.0; Windows NT 5.1; .NET CLR 1.1.4322; .NET CLR 2.0.50727; .NET CLR 3.0.04506.30; .NET CLR 3.0.04506.648; .NET CLR 3.0.4506.2152; .NET CLR 3.5.30729; InfoPath.2)"
68.172.244.189 - - [15/Feb/2010:00:39:06 -0500] "GET /cgi-bin/users/rmuhamma/Counter/livecntr.cgi?3+6 HTTP/1.1" 404 322 "http://www.personal.kent.edu/~rmuhamma/" "Mozilla/4.0 (compatible; MSIE 7.0; Windows NT 5.1; .NET CLR 1.1.4322; .NET CLR 2.0.50727; .NET CLR 3.0.04506.30; .NET CLR 3.0.04506.648; .NET CLR 3.0.4506.2152; .NET CLR 3.5.30729; InfoPath.2)"
68.172.244.189 - - [15/Feb/2010:00:39:06 -0500] "GET /cgi-bin/users/rmuhamma/Counter/livecntr.cgi?4+6 HTTP/1.1" 404 322 "http://www.personal.kent.edu/~rmuhamma/" "Mozilla/4.0 (compatible; MSIE 7.0; Windows NT 5.1; .NET CLR 1.1.4322; .NET CLR 2.0.50727; .NET CLR 3.0.04506.30; .NET CLR 3.0.04506.648; .NET CLR 3.0.4506.2152; .NET CLR 3.5.30729; InfoPath.2)"
68.172.244.189 - - [15/Feb/2010:00:39:06 -0500] "GET /cgi-bin/users/rmuhamma/Counter/livecntr.cgi?5+6 HTTP/1.1" 404 322 "http://www.personal.kent.edu/~rmuhamma/" "Mozilla/4.0 (compatible; MSIE 7.0; Windows NT 5.1; .NET CLR 1.1.4322; .NET CLR 2.0.50727; .NET CLR 3.0.04506.30; .NET CLR 3.0.04506.648; .NET CLR 3.0.4506.2152; .NET CLR 3.5.30729; InfoPath.2)"
131.123.35.25 - - [15/Feb/2010:00:39:13 -0500] "GET / HTTP/1.1" 200 - "-" "Hobbit bbtest-net/4.2.3"
80.121.144.229 - - [15/Feb/2010:00:43:18 -0500] "POST /cgi-bin/users/kkoch/guestbook.cgi HTTP/1.1" 404 313 "http://cgi.mcs.kent.edu/cgi-bin/users/kkoch/guestbook.cgi" "Mozilla/4.0 (compatible; MSIE 6.0; Windows NT 5.1; SV1)"
60.217.248.136 - - [15/Feb/2010:00:43:20 -0500] "POST /cgi-bin/users/kkoch/guestbook.cgi HTTP/1.1" 404 313 "http://cgi.mcs.kent.edu/cgi-bin/users/kkoch/guestbook.cgi" "Mozilla/4.0 (compatible; MSIE 6.0; Windows NT 5.1; SV1)"
68.172.244.189 - - [15/Feb/2010:00:43:32 -0500] "GET /cgi-bin/users/rmuhamma/Counter/livecntr.cgi?0+6 HTTP/1.1" 404 322 "http://www.personal.kent.edu/~rmuhamma/" "Mozilla/4.0 (compatible; MSIE 7.0; Windows NT 5.1; .NET CLR 1.1.4322; .NET CLR 2.0.50727; .NET CLR 3.0.04506.30; .NET CLR 3.0.04506.648; .NET CLR 3.0.4506.2152; .NET CLR 3.5.30729; InfoPath.2)"
68.172.244.189 - - [15/Feb/2010:00:43:32 -0500] "GET /cgi-bin/users/rmuhamma/Counter/livecntr.cgi?1+6 HTTP/1.1" 404 322 "http://www.personal.kent.edu/~rmuhamma/" "Mozilla/4.0 (compatible; MSIE 7.0; Windows NT 5.1; .NET CLR 1.1.4322; .NET CLR 2.0.50727; .NET CLR 3.0.04506.30; .NET CLR 3.0.04506.648; .NET CLR 3.0.4506.2152; .NET CLR 3.5.30729; InfoPath.2)"
68.172.244.189 - - [15/Feb/2010:00:43:32 -0500] "GET /cgi-bin/users/rmuhamma/Counter/livecntr.cgi?2+6 HTTP/1.1" 404 322 "http://www.personal.kent.edu/~rmuhamma/" "Mozilla/4.0 (compatible; MSIE 7.0; Windows NT 5.1; .NET CLR 1.1.4322; .NET CLR 2.0.50727; .NET CLR 3.0.04506.30; .NET CLR 3.0.04506.648; .NET CLR 3.0.4506.2152; .NET CLR 3.5.30729; InfoPath.2)"
68.172.244.189 - - [15/Feb/2010:00:43:32 -0500] "GET /cgi-bin/users/rmuhamma/Counter/livecntr.cgi?3+6 HTTP/1.1" 404 322 "http://www.personal.kent.edu/~rmuhamma/" "Mozilla/4.0 (compatible; MSIE 7.0; Windows NT 5.1; .NET CLR 1.1.4322; .NET CLR 2.0.50727; .NET CLR 3.0.04506.30; .NET CLR 3.0.04506.648; .NET CLR 3.0.4506.2152; .NET CLR 3.5.30729; InfoPath.2)"
68.172.244.189 - - [15/Feb/2010:00:43:32 -0500] "GET /cgi-bin/users/rmuhamma/Counter/livecntr.cgi?5+6 HTTP/1.1" 404 322 "http://www.personal.kent.edu/~rmuhamma/" "Mozilla/4.0 (compatible; MSIE 7.0; Windows NT 5.1; .NET CLR 1.1.4322; .NET CLR 2.0.50727; .NET CLR 3.0.04506.30; .NET CLR 3.0.04506.648; .NET CLR 3.0.4506.2152; .NET CLR 3.5.30729; InfoPath.2)"
68.172.244.189 - - [15/Feb/2010:00:43:32 -0500] "GET /cgi-bin/users/rmuhamma/Counter/livecntr.cgi?4+6 HTTP/1.1" 404 322 "http://www.personal.kent.edu/~rmuhamma/" "Mozilla/4.0 (compatible; MSIE 7.0; Windows NT 5.1; .NET CLR 1.1.4322; .NET CLR 2.0.50727; .NET CLR 3.0.04506.30; .NET CLR 3.0.04506.648; .NET CLR 3.0.4506.2152; .NET CLR 3.5.30729; InfoPath.2)"
131.123.35.25 - - [15/Feb/2010:00:44:08 -0500] "GET / HTTP/1.1" 200 - "-" "Hobbit bbtest-net/4.2.3"
65.55.207.53 - - [15/Feb/2010:00:47:28 -0500] "GET /robots.txt HTTP/1.1" 404 289 "-" "msnbot/2.0b (+http://search.msn.com/msnbot.htm)"
65.55.207.53 - - [15/Feb/2010:00:48:22 -0500] "GET /10051/resources/5/lecture5aprt.pdf HTTP/1.1" 200 445789 "-" "msnbot/2.0b (+http://search.msn.com/msnbot.htm)"
131.123.35.25 - - [15/Feb/2010:00:49:13 -0500] "GET / HTTP/1.1" 200 - "-" "Hobbit bbtest-net/4.2.3"
131.123.35.25 - - [15/Feb/2010:00:54:08 -0500] "GET / HTTP/1.1" 200 - "-" "Hobbit bbtest-net/4.2.3"
131.123.35.25 - - [15/Feb/2010:00:59:13 -0500] "GET / HTTP/1.1" 200 - "-" "Hobbit bbtest-net/4.2.3"
91.195.89.146 - - [15/Feb/2010:01:00:00 -0500] "GET /cgi-bin/users/rmuhamma/Counter/livecntr.cgi?2+6 HTTP/1.1" 404 322 "http://www.personal.kent.edu/~rmuhamma/" "Mozilla/5.0 (Windows; U; Windows NT 6.0; en-US; rv:1.9.1.7) Gecko/20091221 Firefox/3.5.7 (.NET CLR 3.5.30729)"
91.195.89.146 - - [15/Feb/2010:01:00:00 -0500] "GET /cgi-bin/users/rmuhamma/Counter/livecntr.cgi?3+6 HTTP/1.1" 404 322 "http://www.personal.kent.edu/~rmuhamma/" "Mozilla/5.0 (Windows; U; Windows NT 6.0; en-US; rv:1.9.1.7) Gecko/20091221 Firefox/3.5.7 (.NET CLR 3.5.30729)"
91.195.89.146 - - [15/Feb/2010:01:00:00 -0500] "GET /cgi-bin/users/rmuhamma/Counter/livecntr.cgi?5+6 HTTP/1.1" 404 322 "http://www.personal.kent.edu/~rmuhamma/" "Mozilla/5.0 (Windows; U; Windows NT 6.0; en-US; rv:1.9.1.7) Gecko/20091221 Firefox/3.5.7 (.NET CLR 3.5.30729)"
91.195.89.146 - - [15/Feb/2010:01:00:00 -0500] "GET /cgi-bin/users/rmuhamma/Counter/livecntr.cgi?0+6 HTTP/1.1" 404 322 "http://www.personal.kent.edu/~rmuhamma/" "Mozilla/5.0 (Windows; U; Windows NT 6.0; en-US; rv:1.9.1.7) Gecko/20091221 Firefox/3.5.7 (.NET CLR 3.5.30729)"
91.195.89.146 - - [15/Feb/2010:01:00:00 -0500] "GET /cgi-bin/users/rmuhamma/Counter/livecntr.cgi?1+6 HTTP/1.1" 404 322 "http://www.personal.kent.edu/~rmuhamma/" "Mozilla/5.0 (Windows; U; Windows NT 6.0; en-US; rv:1.9.1.7) Gecko/20091221 Firefox/3.5.7 (.NET CLR 3.5.30729)"
91.195.89.146 - - [15/Feb/2010:01:00:00 -0500] "GET /cgi-bin/users/rmuhamma/Counter/livecntr.cgi?4+6 HTTP/1.1" 404 322 "http://www.personal.kent.edu/~rmuhamma/" "Mozilla/5.0 (Windows; U; Windows NT 6.0; en-US; rv:1.9.1.7) Gecko/20091221 Firefox/3.5.7 (.NET CLR 3.5.30729)"
203.88.149.94 - - [15/Feb/2010:01:00:10 -0500] "GET /cgi-bin/users/rmuhamma/Counter/livecntr.cgi?0+6 HTTP/1.0" 404 322 "http://www.personal.kent.edu/~rmuhamma/" "Mozilla/4.0 (compatible; MSIE 7.0; Windows NT 5.1; MathPlayer 2.10d; .NET CLR 2.0.50727; InfoPath.2)"
203.88.149.94 - - [15/Feb/2010:01:00:10 -0500] "GET /cgi-bin/users/rmuhamma/Counter/livecntr.cgi?3+6 HTTP/1.0" 404 322 "http://www.personal.kent.edu/~rmuhamma/" "Mozilla/4.0 (compatible; MSIE 7.0; Windows NT 5.1; MathPlayer 2.10d; .NET CLR 2.0.50727; InfoPath.2)"
203.88.149.94 - - [15/Feb/2010:01:00:10 -0500] "GET /cgi-bin/users/rmuhamma/Counter/livecntr.cgi?5+6 HTTP/1.0" 404 322 "http://www.personal.kent.edu/~rmuhamma/" "Mozilla/4.0 (compatible; MSIE 7.0; Windows NT 5.1; MathPlayer 2.10d; .NET CLR 2.0.50727; InfoPath.2)"
203.88.149.94 - - [15/Feb/2010:01:00:10 -0500] "GET /cgi-bin/users/rmuhamma/Counter/livecntr.cgi?1+6 HTTP/1.0" 404 322 "http://www.personal.kent.edu/~rmuhamma/" "Mozilla/4.0 (compatible; MSIE 7.0; Windows NT 5.1; MathPlayer 2.10d; .NET CLR 2.0.50727; InfoPath.2)"
203.88.149.94 - - [15/Feb/2010:01:00:10 -0500] "GET /cgi-bin/users/rmuhamma/Counter/livecntr.cgi?4+6 HTTP/1.0" 404 322 "http://www.personal.kent.edu/~rmuhamma/" "Mozilla/4.0 (compatible; MSIE 7.0; Windows NT 5.1; MathPlayer 2.10d; .NET CLR 2.0.50727; InfoPath.2)"
