131.123.81.88 - - [15/Feb/2010:18:40:20 -0500] "GET /10051/graphics/bottom.gif HTTP/1.1" 200 1217 "http://cgi.cs.kent.edu/10051/dayhomework.html" "Mozilla/5.0 (Windows; U; Windows NT 6.0; en-US) AppleWebKit/532.5 (KHTML, like Gecko) Chrome/4.0.249.89 Safari/532.5"
131.123.81.88 - - [15/Feb/2010:18:40:20 -0500] "GET /favicon.ico HTTP/1.1" 404 290 "-" "Mozilla/5.0 (Windows; U; Windows NT 6.0; en-US) AppleWebKit/532.5 (KHTML, like Gecko) Chrome/4.0.249.89 Safari/532.5"
131.123.81.88 - - [15/Feb/2010:18:40:25 -0500] "GET /10051/lab/index.html HTTP/1.1" 200 14398 "http://cgi.cs.kent.edu/10051/dayhomework.html" "Mozilla/5.0 (Windows; U; Windows NT 6.0; en-US) AppleWebKit/532.5 (KHTML, like Gecko) Chrome/4.0.249.89 Safari/532.5"
131.123.81.88 - - [15/Feb/2010:18:40:25 -0500] "GET /favicon.ico HTTP/1.1" 404 290 "-" "Mozilla/5.0 (Windows; U; Windows NT 6.0; en-US) AppleWebKit/532.5 (KHTML, like Gecko) Chrome/4.0.249.89 Safari/532.5"
184.56.16.125 - - [15/Feb/2010:18:42:37 -0500] "GET /~llbharr1/ HTTP/1.1" 200 388 "-" "Mozilla/5.0 (Windows; U; Windows NT 6.0; en-US) AppleWebKit/532.5 (KHTML, like Gecko) Chrome/4.0.249.89 Safari/532.5"
184.56.16.125 - - [15/Feb/2010:18:42:37 -0500] "GET /favicon.ico HTTP/1.1" 404 290 "-" "Mozilla/5.0 (Windows; U; Windows NT 6.0; en-US) AppleWebKit/532.5 (KHTML, like Gecko) Chrome/4.0.249.89 Safari/532.5"
131.123.35.25 - - [15/Feb/2010:18:44:50 -0500] "GET / HTTP/1.1" 200 - "-" "Hobbit bbtest-net/4.2.3"
184.56.16.125 - - [15/Feb/2010:18:45:13 -0500] "GET /10051/10051.css HTTP/1.1" 304 - "http://monkey.cs.kent.edu/10051/" "Mozilla/5.0 (Windows; U; Windows NT 6.0; en-US) AppleWebKit/532.5 (KHTML, like Gecko) Chrome/4.0.249.89 Safari/532.5"
184.56.16.125 - - [15/Feb/2010:18:45:14 -0500] "GET /10051/10051.css HTTP/1.1" 200 1734 "-" "OSSProxy 1.3.325.351 (Build 325.351 Win32 en-us)(Dec 21 2009 17:36:40)"
209.33.207.253 - - [15/Feb/2010:18:49:35 -0500] "GET /cgi-bin/users/rmuhamma/Counter/livecntr.cgi?0+6 HTTP/1.1" 404 322 "http://www.personal.kent.edu/~rmuhamma/" "Mozilla/4.0 (compatible; MSIE 8.0; Windows NT 5.1; Trident/4.0; .NET CLR 1.1.4322; .NET CLR 2.0.50727; .NET CLR 3.0.04506.30; .NET CLR 3.0.4506.2152; .NET CLR 3.5.30729; MS-RTC LM 8; InfoPath.2; OfficeLiveConnector.1.4; OfficeLivePatch.1.3)"
209.33.207.253 - - [15/Feb/2010:18:49:35 -0500] "GET /cgi-bin/users/rmuhamma/Counter/livecntr.cgi?3+6 HTTP/1.1" 404 322 "http://www.personal.kent.edu/~rmuhamma/" "Mozilla/4.0 (compatible; MSIE 8.0; Windows NT 5.1; Trident/4.0; .NET CLR 1.1.4322; .NET CLR 2.0.50727; .NET CLR 3.0.04506.30; .NET CLR 3.0.4506.2152; .NET CLR 3.5.30729; MS-RTC LM 8; InfoPath.2; OfficeLiveConnector.1.4; OfficeLivePatch.1.3)"
209.33.207.253 - - [15/Feb/2010:18:49:35 -0500] "GET /cgi-bin/users/rmuhamma/Counter/livecntr.cgi?1+6 HTTP/1.1" 404 322 "http://www.personal.kent.edu/~rmuhamma/" "Mozilla/4.0 (compatible; MSIE 8.0; Windows NT 5.1; Trident/4.0; .NET CLR 1.1.4322; .NET CLR 2.0.50727; .NET CLR 3.0.04506.30; .NET CLR 3.0.4506.2152; .NET CLR 3.5.30729; MS-RTC LM 8; InfoPath.2; OfficeLiveConnector.1.4; OfficeLivePatch.1.3)"
209.33.207.253 - - [15/Feb/2010:18:49:35 -0500] "GET /cgi-bin/users/rmuhamma/Counter/livecntr.cgi?5+6 HTTP/1.1" 404 322 "http://www.personal.kent.edu/~rmuhamma/" "Mozilla/4.0 (compatible; MSIE 8.0; Windows NT 5.1; Trident/4.0; .NET CLR 1.1.4322; .NET CLR 2.0.50727; .NET CLR 3.0.04506.30; .NET CLR 3.0.4506.2152; .NET CLR 3.5.30729; MS-RTC LM 8; InfoPath.2; OfficeLiveConnector.1.4; OfficeLivePatch.1.3)"
209.33.207.253 - - [15/Feb/2010:18:49:35 -0500] "GET /cgi-bin/users/rmuhamma/Counter/livecntr.cgi?4+6 HTTP/1.1" 404 322 "http://www.personal.kent.edu/~rmuhamma/" "Mozilla/4.0 (compatible; MSIE 8.0; Windows NT 5.1; Trident/4.0; .NET CLR 1.1.4322; .NET CLR 2.0.50727; .NET CLR 3.0.04506.30; .NET CLR 3.0.4506.2152; .NET CLR 3.5.30729; MS-RTC LM 8; InfoPath.2; OfficeLiveConnector.1.4; OfficeLivePatch.1.3)"
209.33.207.253 - - [15/Feb/2010:18:49:35 -0500] "GET /cgi-bin/users/rmuhamma/Counter/livecntr.cgi?2+6 HTTP/1.1" 404 322 "http://www.personal.kent.edu/~rmuhamma/" "Mozilla/4.0 (compatible; MSIE 8.0; Windows NT 5.1; Trident/4.0; .NET CLR 1.1.4322; .NET CLR 2.0.50727; .NET CLR 3.0.04506.30; .NET CLR 3.0.4506.2152; .NET CLR 3.5.30729; MS-RTC LM 8; InfoPath.2; OfficeLiveConnector.1.4; OfficeLivePatch.1.3)"
131.123.35.25 - - [15/Feb/2010:18:49:55 -0500] "GET / HTTP/1.1" 200 - "-" "Hobbit bbtest-net/4.2.3"
131.123.35.25 - - [15/Feb/2010:18:54:50 -0500] "GET / HTTP/1.1" 200 - "-" "Hobbit bbtest-net/4.2.3"
71.66.104.190 - - [15/Feb/2010:18:59:45 -0500] "GET /10051/index.html HTTP/1.1" 200 6245 "-" "Mozilla/4.0 (compatible; MSIE 8.0; Windows NT 6.0; Trident/4.0; MathPlayer 2.10d; GTB5; SLCC1; .NET CLR 2.0.50727; Media Center PC 5.0; .NET CLR 3.5.30729; .NET CLR 3.0.30729)"
71.66.104.190 - - [15/Feb/2010:18:59:45 -0500] "GET /10051/10051.css HTTP/1.1" 304 - "http://cgi.cs.kent.edu/10051/index.html" "Mozilla/4.0 (compatible; MSIE 8.0; Windows NT 6.0; Trident/4.0; MathPlayer 2.10d; GTB5; SLCC1; .NET CLR 2.0.50727; Media Center PC 5.0; .NET CLR 3.5.30729; .NET CLR 3.0.30729)"
71.66.104.190 - - [15/Feb/2010:18:59:45 -0500] "GET /10051/graphics/10051.png HTTP/1.1" 304 - "http://cgi.cs.kent.edu/10051/index.html" "Mozilla/4.0 (compatible; MSIE 8.0; Windows NT 6.0; Trident/4.0; MathPlayer 2.10d; GTB5; SLCC1; .NET CLR 2.0.50727; Media Center PC 5.0; .NET CLR 3.5.30729; .NET CLR 3.0.30729)"
71.66.104.190 - - [15/Feb/2010:18:59:45 -0500] "GET /10051/graphics/cleardot.gif HTTP/1.1" 304 - "http://cgi.cs.kent.edu/10051/index.html" "Mozilla/4.0 (compatible; MSIE 8.0; Windows NT 6.0; Trident/4.0; MathPlayer 2.10d; GTB5; SLCC1; .NET CLR 2.0.50727; Media Center PC 5.0; .NET CLR 3.5.30729; .NET CLR 3.0.30729)"
71.66.104.190 - - [15/Feb/2010:18:59:45 -0500] "GET /10051/graphics/bottom.gif HTTP/1.1" 304 - "http://cgi.cs.kent.edu/10051/index.html" "Mozilla/4.0 (compatible; MSIE 8.0; Windows NT 6.0; Trident/4.0; MathPlayer 2.10d; GTB5; SLCC1; .NET CLR 2.0.50727; Media Center PC 5.0; .NET CLR 3.5.30729; .NET CLR 3.0.30729)"
71.66.104.190 - - [15/Feb/2010:18:59:50 -0500] "GET /10051/homework.html HTTP/1.1" 200 2412 "http://cgi.cs.kent.edu/10051/index.html" "Mozilla/4.0 (compatible; MSIE 8.0; Windows NT 6.0; Trident/4.0; MathPlayer 2.10d; GTB5; SLCC1; .NET CLR 2.0.50727; Media Center PC 5.0; .NET CLR 3.5.30729; .NET CLR 3.0.30729)"
71.66.104.190 - - [15/Feb/2010:18:59:54 -0500] "GET /10051/dayhomework.html HTTP/1.1" 200 9142 "http://cgi.cs.kent.edu/10051/homework.html" "Mozilla/4.0 (compatible; MSIE 8.0; Windows NT 6.0; Trident/4.0; MathPlayer 2.10d; GTB5; SLCC1; .NET CLR 2.0.50727; Media Center PC 5.0; .NET CLR 3.5.30729; .NET CLR 3.0.30729)"
131.123.35.25 - - [15/Feb/2010:18:59:55 -0500] "GET / HTTP/1.1" 200 - "-" "Hobbit bbtest-net/4.2.3"
71.66.104.190 - - [15/Feb/2010:19:01:31 -0500] "GET /10051/syllabus.html HTTP/1.1" 200 19940 "http://cgi.cs.kent.edu/10051/dayhomework.html" "Mozilla/4.0 (compatible; MSIE 8.0; Windows NT 6.0; Trident/4.0; MathPlayer 2.10d; GTB5; SLCC1; .NET CLR 2.0.50727; Media Center PC 5.0; .NET CLR 3.5.30729; .NET CLR 3.0.30729)"
71.66.104.190 - - [15/Feb/2010:19:01:31 -0500] "GET /10051/graphics/textbook.jpg HTTP/1.1" 304 - "http://cgi.cs.kent.edu/10051/syllabus.html" "Mozilla/4.0 (compatible; MSIE 8.0; Windows NT 6.0; Trident/4.0; MathPlayer 2.10d; GTB5; SLCC1; .NET CLR 2.0.50727; Media Center PC 5.0; .NET CLR 3.5.30729; .NET CLR 3.0.30729)"
131.123.159.180 - - [15/Feb/2010:19:04:04 -0500] "GET /10051/ HTTP/1.1" 200 6245 "http://www.cs.kent.edu/~volkert/" "Mozilla/5.0 (Windows; U; Windows NT 6.0; en-US) AppleWebKit/532.5 (KHTML, like Gecko) Chrome/4.0.249.89 Safari/532.5"
131.123.159.180 - - [15/Feb/2010:19:04:04 -0500] "GET /10051/10051.css HTTP/1.1" 200 1734 "http://cgi.cs.kent.edu/10051/" "Mozilla/5.0 (Windows; U; Windows NT 6.0; en-US) AppleWebKit/532.5 (KHTML, like Gecko) Chrome/4.0.249.89 Safari/532.5"
131.123.159.180 - - [15/Feb/2010:19:04:04 -0500] "GET /10051/graphics/10051.png HTTP/1.1" 200 10813 "http://cgi.cs.kent.edu/10051/" "Mozilla/5.0 (Windows; U; Windows NT 6.0; en-US) AppleWebKit/532.5 (KHTML, like Gecko) Chrome/4.0.249.89 Safari/532.5"
131.123.159.180 - - [15/Feb/2010:19:04:04 -0500] "GET /10051/graphics/cleardot.gif HTTP/1.1" 200 49 "http://cgi.cs.kent.edu/10051/" "Mozilla/5.0 (Windows; U; Windows NT 6.0; en-US) AppleWebKit/532.5 (KHTML, like Gecko) Chrome/4.0.249.89 Safari/532.5"
131.123.159.180 - - [15/Feb/2010:19:04:04 -0500] "GET /10051/graphics/bottom.gif HTTP/1.1" 200 1217 "http://cgi.cs.kent.edu/10051/" "Mozilla/5.0 (Windows; U; Windows NT 6.0; en-US) AppleWebKit/532.5 (KHTML, like Gecko) Chrome/4.0.249.89 Safari/532.5"
131.123.159.180 - - [15/Feb/2010:19:04:04 -0500] "GET /favicon.ico HTTP/1.1" 404 290 "-" "Mozilla/5.0 (Windows; U; Windows NT 6.0; en-US) AppleWebKit/532.5 (KHTML, like Gecko) Chrome/4.0.249.89 Safari/532.5"
131.123.159.180 - - [15/Feb/2010:19:04:07 -0500] "GET /10051/homework.html HTTP/1.1" 200 2412 "http://cgi.cs.kent.edu/10051/" "Mozilla/5.0 (Windows; U; Windows NT 6.0; en-US) AppleWebKit/532.5 (KHTML, like Gecko) Chrome/4.0.249.89 Safari/532.5"
131.123.159.180 - - [15/Feb/2010:19:04:07 -0500] "GET /favicon.ico HTTP/1.1" 404 290 "-" "Mozilla/5.0 (Windows; U; Windows NT 6.0; en-US) AppleWebKit/532.5 (KHTML, like Gecko) Chrome/4.0.249.89 Safari/532.5"
131.123.159.180 - - [15/Feb/2010:19:04:13 -0500] "GET /10051/dayhomework.html HTTP/1.1" 200 9142 "http://cgi.cs.kent.edu/10051/homework.html" "Mozilla/5.0 (Windows; U; Windows NT 6.0; en-US) AppleWebKit/532.5 (KHTML, like Gecko) Chrome/4.0.249.89 Safari/532.5"
131.123.159.180 - - [15/Feb/2010:19:04:13 -0500] "GET /favicon.ico HTTP/1.1" 404 290 "-" "Mozilla/5.0 (Windows; U; Windows NT 6.0; en-US) AppleWebKit/532.5 (KHTML, like Gecko) Chrome/4.0.249.89 Safari/532.5"
131.123.35.25 - - [15/Feb/2010:19:04:51 -0500] "GET / HTTP/1.1" 200 - "-" "Hobbit bbtest-net/4.2.3"
131.123.35.25 - - [15/Feb/2010:19:09:56 -0500] "GET / HTTP/1.1" 200 - "-" "Hobbit bbtest-net/4.2.3"
131.123.35.25 - - [15/Feb/2010:19:14:51 -0500] "GET / HTTP/1.1" 200 - "-" "Hobbit bbtest-net/4.2.3"
64.58.243.68 - - [15/Feb/2010:19:15:50 -0500] "GET /10051/10051.css HTTP/1.1" 304 - "-" "Mozilla/4.0 (compatible;)"
207.46.199.44 - - [15/Feb/2010:19:15:55 -0500] "GET /robots.txt HTTP/1.1" 404 289 "-" "msnbot/2.0b (+http://search.msn.com/msnbot.htm)"
66.249.71.231 - - [15/Feb/2010:19:19:04 -0500] "GET /~dostanle/sysprog/wiki/moin.cgi/SysProgHWAssignments08/HW1?action=login HTTP/1.1" 404 337 "-" "Mozilla/5.0 (compatible; Googlebot/2.1; +http://www.google.com/bot.html)"
131.123.35.25 - - [15/Feb/2010:19:19:56 -0500] "GET / HTTP/1.1" 200 - "-" "Hobbit bbtest-net/4.2.3"
67.195.115.99 - - [15/Feb/2010:19:20:42 -0500] "GET / HTTP/1.0" 200 - "-" "Mozilla/5.0 (compatible; Yahoo! Slurp/3.0; http://help.yahoo.com/help/us/ysearch/slurp)"
174.100.17.132 - - [15/Feb/2010:19:20:56 -0500] "GET /10051/ HTTP/1.1" 200 6245 "-" "Mozilla/5.0 (X11; U; Linux i686 (x86_64); en-US; rv:1.9.1.7) Gecko/20091221 Firefox/3.5.7"
174.100.17.132 - - [15/Feb/2010:19:20:56 -0500] "GET /10051/10051.css HTTP/1.1" 200 1734 "http://cgi.cs.kent.edu/10051/" "Mozilla/5.0 (X11; U; Linux i686 (x86_64); en-US; rv:1.9.1.7) Gecko/20091221 Firefox/3.5.7"
174.100.17.132 - - [15/Feb/2010:19:20:56 -0500] "GET /10051/graphics/cleardot.gif HTTP/1.1" 200 49 "http://cgi.cs.kent.edu/10051/" "Mozilla/5.0 (X11; U; Linux i686 (x86_64); en-US; rv:1.9.1.7) Gecko/20091221 Firefox/3.5.7"
174.100.17.132 - - [15/Feb/2010:19:20:56 -0500] "GET /10051/graphics/10051.png HTTP/1.1" 200 10813 "http://cgi.cs.kent.edu/10051/" "Mozilla/5.0 (X11; U; Linux i686 (x86_64); en-US; rv:1.9.1.7) Gecko/20091221 Firefox/3.5.7"
174.100.17.132 - - [15/Feb/2010:19:20:56 -0500] "GET /10051/graphics/bottom.gif HTTP/1.1" 200 1217 "http://cgi.cs.kent.edu/10051/" "Mozilla/5.0 (X11; U; Linux i686 (x86_64); en-US; rv:1.9.1.7) Gecko/20091221 Firefox/3.5.7"
174.100.17.132 - - [15/Feb/2010:19:20:56 -0500] "GET /favicon.ico HTTP/1.1" 404 290 "-" "Mozilla/5.0 (X11; U; Linux i686 (x86_64); en-US; rv:1.9.1.7) Gecko/20091221 Firefox/3.5.7"
174.100.17.132 - - [15/Feb/2010:19:20:58 -0500] "GET /10051/homework.html HTTP/1.1" 200 2412 "http://cgi.cs.kent.edu/10051/" "Mozilla/5.0 (X11; U; Linux i686 (x86_64); en-US; rv:1.9.1.7) Gecko/20091221 Firefox/3.5.7"
174.100.17.132 - - [15/Feb/2010:19:21:01 -0500] "GET /10051/evehomework.html HTTP/1.1" 200 11614 "http://cgi.cs.kent.edu/10051/homework.html" "Mozilla/5.0 (X11; U; Linux i686 (x86_64); en-US; rv:1.9.1.7) Gecko/20091221 Firefox/3.5.7"
174.100.17.132 - - [15/Feb/2010:19:21:03 -0500] "GET /10051/evehomework.html HTTP/1.1" 200 11614 "http://cgi.cs.kent.edu/10051/homework.html" "Mozilla/5.0 (X11; U; Linux i686 (x86_64); en-US; rv:1.9.1.7) Gecko/20091221 Firefox/3.5.7"
174.100.17.132 - - [15/Feb/2010:19:21:03 -0500] "GET /10051/10051.css HTTP/1.1" 304 - "http://cgi.cs.kent.edu/10051/evehomework.html" "Mozilla/5.0 (X11; U; Linux i686 (x86_64); en-US; rv:1.9.1.7) Gecko/20091221 Firefox/3.5.7"
174.100.17.132 - - [15/Feb/2010:19:21:03 -0500] "GET /10051/graphics/10051.png HTTP/1.1" 304 - "http://cgi.cs.kent.edu/10051/evehomework.html" "Mozilla/5.0 (X11; U; Linux i686 (x86_64); en-US; rv:1.9.1.7) Gecko/20091221 Firefox/3.5.7"
174.100.17.132 - - [15/Feb/2010:19:21:04 -0500] "GET /10051/graphics/cleardot.gif HTTP/1.1" 304 - "http://cgi.cs.kent.edu/10051/evehomework.html" "Mozilla/5.0 (X11; U; Linux i686 (x86_64); en-US; rv:1.9.1.7) Gecko/20091221 Firefox/3.5.7"
174.100.17.132 - - [15/Feb/2010:19:21:04 -0500] "GET /10051/graphics/bottom.gif HTTP/1.1" 304 - "http://cgi.cs.kent.edu/10051/evehomework.html" "Mozilla/5.0 (X11; U; Linux i686 (x86_64); en-US; rv:1.9.1.7) Gecko/20091221 Firefox/3.5.7"
174.100.17.132 - - [15/Feb/2010:19:22:03 -0500] "GET /10051/evehomework.html HTTP/1.1" 200 11656 "http://cgi.cs.kent.edu/10051/homework.html" "Mozilla/5.0 (X11; U; Linux i686 (x86_64); en-US; rv:1.9.1.7) Gecko/20091221 Firefox/3.5.7"
174.100.17.132 - - [15/Feb/2010:19:22:03 -0500] "GET /10051/10051.css HTTP/1.1" 304 - "http://cgi.cs.kent.edu/10051/evehomework.html" "Mozilla/5.0 (X11; U; Linux i686 (x86_64); en-US; rv:1.9.1.7) Gecko/20091221 Firefox/3.5.7"
174.100.17.132 - - [15/Feb/2010:19:22:03 -0500] "GET /10051/graphics/10051.png HTTP/1.1" 304 - "http://cgi.cs.kent.edu/10051/evehomework.html" "Mozilla/5.0 (X11; U; Linux i686 (x86_64); en-US; rv:1.9.1.7) Gecko/20091221 Firefox/3.5.7"
174.100.17.132 - - [15/Feb/2010:19:22:03 -0500] "GET /10051/graphics/cleardot.gif HTTP/1.1" 304 - "http://cgi.cs.kent.edu/10051/evehomework.html" "Mozilla/5.0 (X11; U; Linux i686 (x86_64); en-US; rv:1.9.1.7) Gecko/20091221 Firefox/3.5.7"
174.100.17.132 - - [15/Feb/2010:19:22:03 -0500] "GET /10051/graphics/bottom.gif HTTP/1.1" 304 - "http://cgi.cs.kent.edu/10051/evehomework.html" "Mozilla/5.0 (X11; U; Linux i686 (x86_64); en-US; rv:1.9.1.7) Gecko/20091221 Firefox/3.5.7"
174.100.17.132 - - [15/Feb/2010:19:22:03 -0500] "GET /favicon.ico HTTP/1.1" 404 290 "-" "Mozilla/5.0 (X11; U; Linux i686 (x86_64); en-US; rv:1.9.1.7) Gecko/20091221 Firefox/3.5.7"
189.192.55.40 - - [15/Feb/2010:19:22:13 -0500] "POST /cgi-bin/users/lgabriel/guestbook.cgi HTTP/1.1" 404 316 "http://cgi.mcs.kent.edu/cgi-bin/users/lgabriel/guestbook.cgi" "Mozilla/4.0 (compatible; MSIE 6.0; Windows NT 5.0)"
131.123.35.25 - - [15/Feb/2010:19:24:51 -0500] "GET / HTTP/1.1" 200 - "-" "Hobbit bbtest-net/4.2.3"
24.29.239.99 - - [15/Feb/2010:19:26:58 -0500] "GET /~mhipsher/WDP2/ HTTP/1.1" 200 2942 "-" "Mozilla/5.0 (Macintosh; U; Intel Mac OS X 10.5; en-US; rv:1.9.1.7) Gecko/20091221 Firefox/3.5.7"
24.29.239.99 - - [15/Feb/2010:19:26:58 -0500] "GET /icons/blank.gif HTTP/1.1" 200 148 "http://cgi.cs.kent.edu/~mhipsher/WDP2/" "Mozilla/5.0 (Macintosh; U; Intel Mac OS X 10.5; en-US; rv:1.9.1.7) Gecko/20091221 Firefox/3.5.7"
24.29.239.99 - - [15/Feb/2010:19:26:58 -0500] "GET /icons/unknown.gif HTTP/1.1" 200 245 "http://cgi.cs.kent.edu/~mhipsher/WDP2/" "Mozilla/5.0 (Macintosh; U; Intel Mac OS X 10.5; en-US; rv:1.9.1.7) Gecko/20091221 Firefox/3.5.7"
24.29.239.99 - - [15/Feb/2010:19:26:58 -0500] "GET /icons/back.gif HTTP/1.1" 200 216 "http://cgi.cs.kent.edu/~mhipsher/WDP2/" "Mozilla/5.0 (Macintosh; U; Intel Mac OS X 10.5; en-US; rv:1.9.1.7) Gecko/20091221 Firefox/3.5.7"
24.29.239.99 - - [15/Feb/2010:19:26:58 -0500] "GET /icons/text.gif HTTP/1.1" 200 229 "http://cgi.cs.kent.edu/~mhipsher/WDP2/" "Mozilla/5.0 (Macintosh; U; Intel Mac OS X 10.5; en-US; rv:1.9.1.7) Gecko/20091221 Firefox/3.5.7"
24.29.239.99 - - [15/Feb/2010:19:27:07 -0500] "GET /~mhipsher/WDP2/pizza.php HTTP/1.1" 200 2021 "http://cgi.cs.kent.edu/~mhipsher/WDP2/" "Mozilla/5.0 (Macintosh; U; Intel Mac OS X 10.5; en-US; rv:1.9.1.7) Gecko/20091221 Firefox/3.5.7"
65.55.207.136 - - [15/Feb/2010:19:27:08 -0500] "GET /robots.txt HTTP/1.1" 404 289 "-" "msnbot/2.0b (+http://search.msn.com/msnbot.htm)"
65.55.207.136 - - [15/Feb/2010:19:27:52 -0500] "GET /10051/resources/9/lecture9prt.pdf HTTP/1.1" 404 312 "-" "msnbot/2.0b (+http://search.msn.com/msnbot.htm)"
24.29.239.99 - - [15/Feb/2010:19:28:47 -0500] "GET /~eharber/WDP2/HW2/pizza.php HTTP/1.1" 200 1317 "-" "Mozilla/5.0 (Macintosh; U; Intel Mac OS X 10.5; en-US; rv:1.9.1.7) Gecko/20091221 Firefox/3.5.7"
24.29.239.99 - - [15/Feb/2010:19:28:48 -0500] "GET /~eharber/WDP2/HW2/pizza.css HTTP/1.1" 200 31 "http://cgi.cs.kent.edu/~eharber/WDP2/HW2/pizza.php" "Mozilla/5.0 (Macintosh; U; Intel Mac OS X 10.5; en-US; rv:1.9.1.7) Gecko/20091221 Firefox/3.5.7"
24.29.239.99 - - [15/Feb/2010:19:28:48 -0500] "GET /~eharber/WDP2/HW2/pizzahead.png HTTP/1.1" 404 310 "http://cgi.cs.kent.edu/~eharber/WDP2/HW2/pizza.php" "Mozilla/5.0 (Macintosh; U; Intel Mac OS X 10.5; en-US; rv:1.9.1.7) Gecko/20091221 Firefox/3.5.7"
24.29.239.99 - - [15/Feb/2010:19:29:00 -0500] "GET /~eharber/WDP2/HW2/pizza.php HTTP/1.1" 200 1317 "-" "Mozilla/5.0 (Macintosh; U; Intel Mac OS X 10.5; en-US; rv:1.9.1.7) Gecko/20091221 Firefox/3.5.7"
24.29.239.99 - - [15/Feb/2010:19:29:00 -0500] "GET /~eharber/WDP2/HW2/pizza.css HTTP/1.1" 200 33 "http://cgi.cs.kent.edu/~eharber/WDP2/HW2/pizza.php" "Mozilla/5.0 (Macintosh; U; Intel Mac OS X 10.5; en-US; rv:1.9.1.7) Gecko/20091221 Firefox/3.5.7"
24.29.239.99 - - [15/Feb/2010:19:29:00 -0500] "GET /~eharber/WDP2/HW2/pizzahead.png HTTP/1.1" 404 310 "http://cgi.cs.kent.edu/~eharber/WDP2/HW2/pizza.php" "Mozilla/5.0 (Macintosh; U; Intel Mac OS X 10.5; en-US; rv:1.9.1.7) Gecko/20091221 Firefox/3.5.7"
131.123.35.25 - - [15/Feb/2010:19:29:56 -0500] "GET / HTTP/1.1" 200 - "-" "Hobbit bbtest-net/4.2.3"
69.133.97.182 - - [15/Feb/2010:19:31:44 -0500] "GET /10051/ HTTP/1.1" 200 6245 "http://www.google.com/custom?q=Introduction+to+Computing&domains=kent.edu&sitesearch=kent.edu&Submit=go" "Mozilla/5.0 (Macintosh; U; Intel Mac OS X 10.6; en-US; rv:1.9.1.7) Gecko/20091221 Firefox/3.5.7"
69.133.97.182 - - [15/Feb/2010:19:31:44 -0500] "GET /10051/graphics/cleardot.gif HTTP/1.1" 200 49 "http://cgi.cs.kent.edu/10051/" "Mozilla/5.0 (Macintosh; U; Intel Mac OS X 10.6; en-US; rv:1.9.1.7) Gecko/20091221 Firefox/3.5.7"
69.133.97.182 - - [15/Feb/2010:19:31:44 -0500] "GET /10051/10051.css HTTP/1.1" 200 1734 "http://cgi.cs.kent.edu/10051/" "Mozilla/5.0 (Macintosh; U; Intel Mac OS X 10.6; en-US; rv:1.9.1.7) Gecko/20091221 Firefox/3.5.7"
69.133.97.182 - - [15/Feb/2010:19:31:44 -0500] "GET /10051/graphics/10051.png HTTP/1.1" 200 10813 "http://cgi.cs.kent.edu/10051/" "Mozilla/5.0 (Macintosh; U; Intel Mac OS X 10.6; en-US; rv:1.9.1.7) Gecko/20091221 Firefox/3.5.7"
69.133.97.182 - - [15/Feb/2010:19:31:44 -0500] "GET /10051/graphics/bottom.gif HTTP/1.1" 200 1217 "http://cgi.cs.kent.edu/10051/" "Mozilla/5.0 (Macintosh; U; Intel Mac OS X 10.6; en-US; rv:1.9.1.7) Gecko/20091221 Firefox/3.5.7"
69.133.97.182 - - [15/Feb/2010:19:31:44 -0500] "GET /favicon.ico HTTP/1.1" 404 290 "-" "Mozilla/5.0 (Macintosh; U; Intel Mac OS X 10.6; en-US; rv:1.9.1.7) Gecko/20091221 Firefox/3.5.7"
69.133.97.182 - - [15/Feb/2010:19:31:47 -0500] "GET /favicon.ico HTTP/1.1" 404 290 "-" "Mozilla/5.0 (Macintosh; U; Intel Mac OS X 10.6; en-US; rv:1.9.1.7) Gecko/20091221 Firefox/3.5.7"
81.52.143.34 - - [15/Feb/2010:19:32:27 -0500] "GET /robots.txt HTTP/1.1" 404 290 "-" "Mozilla/5.0 (Windows; U; Windows NT 5.1; fr; rv:1.8.1) VoilaBot BETA 1.2 (support.voilabot@orange-ftgroup.com)"
81.52.143.34 - - [15/Feb/2010:19:32:29 -0500] "GET / HTTP/1.1" 200 - "-" "Mozilla/5.0 (Windows; U; Windows NT 5.1; fr; rv:1.8.1) VoilaBot BETA 1.2 (support.voilabot@orange-ftgroup.com)"
209.33.207.253 - - [15/Feb/2010:19:32:33 -0500] "GET /cgi-bin/users/rmuhamma/Counter/livecntr.cgi?0+6 HTTP/1.1" 404 322 "http://www.personal.kent.edu/~rmuhamma/" "Mozilla/4.0 (compatible; MSIE 8.0; Windows NT 5.1; Trident/4.0; .NET CLR 1.1.4322; .NET CLR 2.0.50727; .NET CLR 3.0.04506.30; .NET CLR 3.0.4506.2152; .NET CLR 3.5.30729; MS-RTC LM 8; InfoPath.2; OfficeLiveConnector.1.4; OfficeLivePatch.1.3)"
209.33.207.253 - - [15/Feb/2010:19:32:33 -0500] "GET /cgi-bin/users/rmuhamma/Counter/livecntr.cgi?1+6 HTTP/1.1" 404 322 "http://www.personal.kent.edu/~rmuhamma/" "Mozilla/4.0 (compatible; MSIE 8.0; Windows NT 5.1; Trident/4.0; .NET CLR 1.1.4322; .NET CLR 2.0.50727; .NET CLR 3.0.04506.30; .NET CLR 3.0.4506.2152; .NET CLR 3.5.30729; MS-RTC LM 8; InfoPath.2; OfficeLiveConnector.1.4; OfficeLivePatch.1.3)"
209.33.207.253 - - [15/Feb/2010:19:32:33 -0500] "GET /cgi-bin/users/rmuhamma/Counter/livecntr.cgi?3+6 HTTP/1.1" 404 322 "http://www.personal.kent.edu/~rmuhamma/" "Mozilla/4.0 (compatible; MSIE 8.0; Windows NT 5.1; Trident/4.0; .NET CLR 1.1.4322; .NET CLR 2.0.50727; .NET CLR 3.0.04506.30; .NET CLR 3.0.4506.2152; .NET CLR 3.5.30729; MS-RTC LM 8; InfoPath.2; OfficeLiveConnector.1.4; OfficeLivePatch.1.3)"
209.33.207.253 - - [15/Feb/2010:19:32:33 -0500] "GET /cgi-bin/users/rmuhamma/Counter/livecntr.cgi?5+6 HTTP/1.1" 404 322 "http://www.personal.kent.edu/~rmuhamma/" "Mozilla/4.0 (compatible; MSIE 8.0; Windows NT 5.1; Trident/4.0; .NET CLR 1.1.4322; .NET CLR 2.0.50727; .NET CLR 3.0.04506.30; .NET CLR 3.0.4506.2152; .NET CLR 3.5.30729; MS-RTC LM 8; InfoPath.2; OfficeLiveConnector.1.4; OfficeLivePatch.1.3)"
209.33.207.253 - - [15/Feb/2010:19:32:33 -0500] "GET /cgi-bin/users/rmuhamma/Counter/livecntr.cgi?4+6 HTTP/1.1" 404 322 "http://www.personal.kent.edu/~rmuhamma/" "Mozilla/4.0 (compatible; MSIE 8.0; Windows NT 5.1; Trident/4.0; .NET CLR 1.1.4322; .NET CLR 2.0.50727; .NET CLR 3.0.04506.30; .NET CLR 3.0.4506.2152; .NET CLR 3.5.30729; MS-RTC LM 8; InfoPath.2; OfficeLiveConnector.1.4; OfficeLivePatch.1.3)"
209.33.207.253 - - [15/Feb/2010:19:32:34 -0500] "GET /cgi-bin/users/rmuhamma/Counter/livecntr.cgi?2+6 HTTP/1.1" 404 322 "http://www.personal.kent.edu/~rmuhamma/" "Mozilla/4.0 (compatible; MSIE 8.0; Windows NT 5.1; Trident/4.0; .NET CLR 1.1.4322; .NET CLR 2.0.50727; .NET CLR 3.0.04506.30; .NET CLR 3.0.4506.2152; .NET CLR 3.5.30729; MS-RTC LM 8; InfoPath.2; OfficeLiveConnector.1.4; OfficeLivePatch.1.3)"
24.29.239.99 - - [15/Feb/2010:19:34:00 -0500] "GET /~eharber/WDP2/HW2/pizza.php HTTP/1.1" 200 1290 "-" "Mozilla/5.0 (Macintosh; U; Intel Mac OS X 10.5; en-US; rv:1.9.1.7) Gecko/20091221 Firefox/3.5.7"
24.29.239.99 - - [15/Feb/2010:19:34:00 -0500] "GET /~eharber/WDP2/HW2/pizza.css HTTP/1.1" 200 81 "http://cgi.cs.kent.edu/~eharber/WDP2/HW2/pizza.php" "Mozilla/5.0 (Macintosh; U; Intel Mac OS X 10.5; en-US; rv:1.9.1.7) Gecko/20091221 Firefox/3.5.7"
131.123.35.25 - - [15/Feb/2010:19:34:52 -0500] "GET / HTTP/1.1" 200 - "-" "Hobbit bbtest-net/4.2.3"
195.70.55.151 - - [15/Feb/2010:19:36:14 -0500] "POST /cgi-bin/users/kkoch/guestbook.cgi HTTP/1.1" 404 313 "http://cgi.mcs.kent.edu/cgi-bin/users/kkoch/guestbook.cgi" "Mozilla/4.0 (compatible; MSIE 6.0; Windows NT 5.1; SV1)"
89.179.166.43 - - [15/Feb/2010:19:36:15 -0500] "POST /cgi-bin/users/kkoch/guestbook.cgi HTTP/1.1" 404 313 "http://cgi.mcs.kent.edu/cgi-bin/users/kkoch/guestbook.cgi" "Mozilla/4.0 (compatible; MSIE 6.0; Windows NT 5.1; SV1)"
60.217.248.76 - - [15/Feb/2010:19:36:17 -0500] "POST /cgi-bin/users/kkoch/guestbook.cgi HTTP/1.1" 404 313 "http://cgi.mcs.kent.edu/cgi-bin/users/kkoch/guestbook.cgi" "Mozilla/4.0 (compatible; MSIE 6.0; Windows NT 5.1; SV1)"
131.123.35.25 - - [15/Feb/2010:19:39:57 -0500] "GET / HTTP/1.1" 200 - "-" "Hobbit bbtest-net/4.2.3"
131.123.35.25 - - [15/Feb/2010:19:44:52 -0500] "GET / HTTP/1.1" 200 - "-" "Hobbit bbtest-net/4.2.3"
131.123.35.25 - - [15/Feb/2010:19:49:57 -0500] "GET / HTTP/1.1" 200 - "-" "Hobbit bbtest-net/4.2.3"
131.123.35.25 - - [15/Feb/2010:19:54:52 -0500] "GET / HTTP/1.1" 200 - "-" "Hobbit bbtest-net/4.2.3"
131.123.35.25 - - [15/Feb/2010:19:59:57 -0500] "GET / HTTP/1.1" 200 - "-" "Hobbit bbtest-net/4.2.3"
68.127.119.47 - - [15/Feb/2010:20:00:53 -0500] "GET /cgi-bin/users/rmuhamma/Counter/livecntr.cgi?0+6 HTTP/1.1" 404 322 "http://www.personal.kent.edu/~rmuhamma/" "Mozilla/5.0 (Windows; U; Windows NT 6.0; en-US; rv:1.9.1.7) Gecko/20091221 Firefox/3.5.7 (.NET CLR 3.5.30729)"
68.127.119.47 - - [15/Feb/2010:20:00:53 -0500] "GET /cgi-bin/users/rmuhamma/Counter/livecntr.cgi?1+6 HTTP/1.1" 404 322 "http://www.personal.kent.edu/~rmuhamma/" "Mozilla/5.0 (Windows; U; Windows NT 6.0; en-US; rv:1.9.1.7) Gecko/20091221 Firefox/3.5.7 (.NET CLR 3.5.30729)"
68.127.119.47 - - [15/Feb/2010:20:00:53 -0500] "GET /cgi-bin/users/rmuhamma/Counter/livecntr.cgi?2+6 HTTP/1.1" 404 322 "http://www.personal.kent.edu/~rmuhamma/" "Mozilla/5.0 (Windows; U; Windows NT 6.0; en-US; rv:1.9.1.7) Gecko/20091221 Firefox/3.5.7 (.NET CLR 3.5.30729)"
68.127.119.47 - - [15/Feb/2010:20:00:53 -0500] "GET /cgi-bin/users/rmuhamma/Counter/livecntr.cgi?3+6 HTTP/1.1" 404 322 "http://www.personal.kent.edu/~rmuhamma/" "Mozilla/5.0 (Windows; U; Windows NT 6.0; en-US; rv:1.9.1.7) Gecko/20091221 Firefox/3.5.7 (.NET CLR 3.5.30729)"
68.127.119.47 - - [15/Feb/2010:20:00:53 -0500] "GET /cgi-bin/users/rmuhamma/Counter/livecntr.cgi?4+6 HTTP/1.1" 404 322 "http://www.personal.kent.edu/~rmuhamma/" "Mozilla/5.0 (Windows; U; Windows NT 6.0; en-US; rv:1.9.1.7) Gecko/20091221 Firefox/3.5.7 (.NET CLR 3.5.30729)"
68.127.119.47 - - [15/Feb/2010:20:00:53 -0500] "GET /cgi-bin/users/rmuhamma/Counter/livecntr.cgi?5+6 HTTP/1.1" 404 322 "http://www.personal.kent.edu/~rmuhamma/" "Mozilla/5.0 (Windows; U; Windows NT 6.0; en-US; rv:1.9.1.7) Gecko/20091221 Firefox/3.5.7 (.NET CLR 3.5.30729)"
131.123.35.25 - - [15/Feb/2010:20:04:53 -0500] "GET / HTTP/1.1" 200 - "-" "Hobbit bbtest-net/4.2.3"
131.123.35.25 - - [15/Feb/2010:20:09:58 -0500] "GET / HTTP/1.1" 200 - "-" "Hobbit bbtest-net/4.2.3"
131.123.35.25 - - [15/Feb/2010:20:14:53 -0500] "GET / HTTP/1.1" 200 - "-" "Hobbit bbtest-net/4.2.3"
66.249.71.145 - - [15/Feb/2010:20:18:54 -0500] "GET /robots.txt HTTP/1.1" 404 290 "-" "Mozilla/5.0 (compatible; Googlebot/2.1; +http://www.google.com/bot.html)"
66.249.71.145 - - [15/Feb/2010:20:18:54 -0500] "GET /~cschafer/web2/hw/form.php HTTP/1.1" 200 407 "-" "Mozilla/5.0 (compatible; Googlebot/2.1; +http://www.google.com/bot.html)"
66.249.71.145 - - [15/Feb/2010:20:18:54 -0500] "GET /~cschafer/web2/php/aformmail.php HTTP/1.1" 200 1706 "-" "Mozilla/5.0 (compatible; Googlebot/2.1; +http://www.google.com/bot.html)"
66.249.71.145 - - [15/Feb/2010:20:18:55 -0500] "GET /~cschafer/web2/php/postform.php HTTP/1.1" 200 278 "-" "Mozilla/5.0 (compatible; Googlebot/2.1; +http://www.google.com/bot.html)"
66.249.71.145 - - [15/Feb/2010:20:18:55 -0500] "GET /~cschafer/web2/hw/mytable.php HTTP/1.1" 200 243 "-" "Mozilla/5.0 (compatible; Googlebot/2.1; +http://www.google.com/bot.html)"
131.123.35.25 - - [15/Feb/2010:20:19:58 -0500] "GET / HTTP/1.1" 200 - "-" "Hobbit bbtest-net/4.2.3"
66.249.71.145 - - [15/Feb/2010:20:22:20 -0500] "GET /~cschafer/web2/php/info.php HTTP/1.1" 200 58552 "-" "Mozilla/5.0 (compatible; Googlebot/2.1; +http://www.google.com/bot.html)"
77.87.34.204 - - [15/Feb/2010:20:23:17 -0500] "GET /cgi-bin/users/kreeser/CTR/index.php HTTP/1.0" 404 314 "http://ambiendrug.com" "Mozilla/4.0 (compatible; MSIE 6.0; Windows NT 5.1; .NET CLR 1.1.4322)"
77.87.34.204 - - [15/Feb/2010:20:23:17 -0500] "GET / HTTP/1.0" 200 - "http://cgi.cs.kent.edu/" "Mozilla/4.0 (compatible; MSIE 6.0; Windows NT 5.1; .NET CLR 1.1.4322)"
207.46.204.182 - - [15/Feb/2010:20:23:56 -0500] "GET /robots.txt HTTP/1.1" 404 289 "-" "msnbot/2.0b (+http://search.msn.com/msnbot.htm)"
131.123.35.25 - - [15/Feb/2010:20:24:53 -0500] "GET / HTTP/1.1" 200 - "-" "Hobbit bbtest-net/4.2.3"
65.55.207.126 - - [15/Feb/2010:20:25:29 -0500] "GET /robots.txt HTTP/1.1" 404 289 "-" "msnbot/2.0b (+http://search.msn.com/msnbot.htm)"
65.55.207.126 - - [15/Feb/2010:20:26:21 -0500] "GET /10051/ HTTP/1.1" 200 6245 "-" "msnbot/2.0b (+http://search.msn.com/msnbot.htm)"
66.249.71.145 - - [15/Feb/2010:20:26:44 -0500] "GET /~cschafer/web2/php/fileinc.php HTTP/1.1" 200 321 "-" "Mozilla/5.0 (compatible; Googlebot/2.1; +http://www.google.com/bot.html)"
131.123.35.25 - - [15/Feb/2010:20:29:58 -0500] "GET / HTTP/1.1" 200 - "-" "Hobbit bbtest-net/4.2.3"
66.249.71.145 - - [15/Feb/2010:20:31:08 -0500] "GET /~cschafer/web2/php/aphpmail.txt HTTP/1.1" 200 5648 "-" "Mozilla/5.0 (compatible; Googlebot/2.1; +http://www.google.com/bot.html)"
67.195.115.99 - - [15/Feb/2010:20:34:18 -0500] "GET /10051/resources/8/lecture8scr.pdf HTTP/1.0" 404 312 "-" "Mozilla/5.0 (compatible; Yahoo! Slurp/3.0; http://help.yahoo.com/help/us/ysearch/slurp)"
131.123.35.25 - - [15/Feb/2010:20:34:54 -0500] "GET / HTTP/1.1" 200 - "-" "Hobbit bbtest-net/4.2.3"
66.249.71.145 - - [15/Feb/2010:20:35:33 -0500] "GET /~cschafer/web2/mysql/sqlh2.html HTTP/1.1" 200 988 "-" "Mozilla/5.0 (compatible; Googlebot/2.1; +http://www.google.com/bot.html)"
71.204.252.19 - - [15/Feb/2010:20:39:14 -0500] "POST http://cgi.mcs.kent.edu/cgi-bin/users/kkoch/guestbook.cgi HTTP/1.1" 404 313 "http://cgi.mcs.kent.edu/cgi-bin/users/kkoch/guestbook.cgi" "Mozilla/4.0 (compatible; MSIE 6.0; Windows NT 5.1; SV1)"
196.216.71.51 - - [15/Feb/2010:20:39:19 -0500] "POST /cgi-bin/users/kkoch/guestbook.cgi HTTP/1.0" 404 313 "http://cgi.mcs.kent.edu/cgi-bin/users/kkoch/guestbook.cgi" "Mozilla/4.0 (compatible; MSIE 6.0; Windows NT 5.1; SV1)"
99.51.90.152 - - [15/Feb/2010:20:39:38 -0500] "GET /10051 HTTP/1.1" 301 318 "-" "Mozilla/4.0 (compatible; MSIE 8.0; Windows NT 6.0; WOW64; Trident/4.0; SLCC1; .NET CLR 2.0.50727; Media Center PC 5.0; .NET CLR 3.5.30729; .NET CLR 3.0.30618)"
99.51.90.152 - - [15/Feb/2010:20:39:38 -0500] "GET /10051/ HTTP/1.1" 200 6245 "-" "Mozilla/4.0 (compatible; MSIE 8.0; Windows NT 6.0; WOW64; Trident/4.0; SLCC1; .NET CLR 2.0.50727; Media Center PC 5.0; .NET CLR 3.5.30729; .NET CLR 3.0.30618)"
99.51.90.152 - - [15/Feb/2010:20:39:39 -0500] "GET /10051/graphics/10051.png HTTP/1.1" 200 10813 "http://cgi.cs.kent.edu/10051/" "Mozilla/4.0 (compatible; MSIE 8.0; Windows NT 6.0; WOW64; Trident/4.0; SLCC1; .NET CLR 2.0.50727; Media Center PC 5.0; .NET CLR 3.5.30729; .NET CLR 3.0.30618)"
99.51.90.152 - - [15/Feb/2010:20:39:39 -0500] "GET /10051/graphics/cleardot.gif HTTP/1.1" 200 49 "http://cgi.cs.kent.edu/10051/" "Mozilla/4.0 (compatible; MSIE 8.0; Windows NT 6.0; WOW64; Trident/4.0; SLCC1; .NET CLR 2.0.50727; Media Center PC 5.0; .NET CLR 3.5.30729; .NET CLR 3.0.30618)"
99.51.90.152 - - [15/Feb/2010:20:39:39 -0500] "GET /10051/10051.css HTTP/1.1" 200 1734 "http://cgi.cs.kent.edu/10051/" "Mozilla/4.0 (compatible; MSIE 8.0; Windows NT 6.0; WOW64; Trident/4.0; SLCC1; .NET CLR 2.0.50727; Media Center PC 5.0; .NET CLR 3.5.30729; .NET CLR 3.0.30618)"
99.51.90.152 - - [15/Feb/2010:20:39:39 -0500] "GET /10051/graphics/bottom.gif HTTP/1.1" 200 1217 "http://cgi.cs.kent.edu/10051/" "Mozilla/4.0 (compatible; MSIE 8.0; Windows NT 6.0; WOW64; Trident/4.0; SLCC1; .NET CLR 2.0.50727; Media Center PC 5.0; .NET CLR 3.5.30729; .NET CLR 3.0.30618)"
99.51.90.152 - - [15/Feb/2010:20:39:42 -0500] "GET /10051/announce/index.html HTTP/1.1" 200 5201 "http://cgi.cs.kent.edu/10051/" "Mozilla/4.0 (compatible; MSIE 8.0; Windows NT 6.0; WOW64; Trident/4.0; SLCC1; .NET CLR 2.0.50727; Media Center PC 5.0; .NET CLR 3.5.30729; .NET CLR 3.0.30618)"
66.249.71.145 - - [15/Feb/2010:20:39:58 -0500] "GET /~cschafer/web2/mysql/sqlh1.html HTTP/1.1" 200 977 "-" "Mozilla/5.0 (compatible; Googlebot/2.1; +http://www.google.com/bot.html)"
131.123.35.25 - - [15/Feb/2010:20:39:59 -0500] "GET / HTTP/1.1" 200 - "-" "Hobbit bbtest-net/4.2.3"
99.51.90.152 - - [15/Feb/2010:20:40:03 -0500] "GET /10051/lectures.html HTTP/1.1" 200 2111 "http://cgi.cs.kent.edu/10051/announce/index.html" "Mozilla/4.0 (compatible; MSIE 8.0; Windows NT 6.0; WOW64; Trident/4.0; SLCC1; .NET CLR 2.0.50727; Media Center PC 5.0; .NET CLR 3.5.30729; .NET CLR 3.0.30618)"
99.51.90.152 - - [15/Feb/2010:20:40:10 -0500] "GET /10051/syllabus.html HTTP/1.1" 200 19940 "http://cgi.cs.kent.edu/10051/lectures.html" "Mozilla/4.0 (compatible; MSIE 8.0; Windows NT 6.0; WOW64; Trident/4.0; SLCC1; .NET CLR 2.0.50727; Media Center PC 5.0; .NET CLR 3.5.30729; .NET CLR 3.0.30618)"
99.51.90.152 - - [15/Feb/2010:20:40:10 -0500] "GET /10051/graphics/textbook.jpg HTTP/1.1" 200 8668 "http://cgi.cs.kent.edu/10051/syllabus.html" "Mozilla/4.0 (compatible; MSIE 8.0; Windows NT 6.0; WOW64; Trident/4.0; SLCC1; .NET CLR 2.0.50727; Media Center PC 5.0; .NET CLR 3.5.30729; .NET CLR 3.0.30618)"
99.51.90.152 - - [15/Feb/2010:20:40:19 -0500] "GET /10051/resources/index.html HTTP/1.1" 200 6297 "http://cgi.cs.kent.edu/10051/syllabus.html" "Mozilla/4.0 (compatible; MSIE 8.0; Windows NT 6.0; WOW64; Trident/4.0; SLCC1; .NET CLR 2.0.50727; Media Center PC 5.0; .NET CLR 3.5.30729; .NET CLR 3.0.30618)"
65.55.216.55 - - [15/Feb/2010:20:40:21 -0500] "GET /10051/syllabus.html HTTP/1.1" 200 19940 "-" "msnbot/2.0b (+http://search.msn.com/msnbot.htm)"
99.51.90.152 - - [15/Feb/2010:20:41:19 -0500] "GET /10051/homework.html HTTP/1.1" 200 2412 "http://cgi.cs.kent.edu/10051/resources/index.html" "Mozilla/4.0 (compatible; MSIE 8.0; Windows NT 6.0; WOW64; Trident/4.0; SLCC1; .NET CLR 2.0.50727; Media Center PC 5.0; .NET CLR 3.5.30729; .NET CLR 3.0.30618)"
99.51.90.152 - - [15/Feb/2010:20:41:25 -0500] "GET /10051/lectures.html HTTP/1.1" 200 2111 "http://cgi.cs.kent.edu/10051/homework.html" "Mozilla/4.0 (compatible; MSIE 8.0; Windows NT 6.0; WOW64; Trident/4.0; SLCC1; .NET CLR 2.0.50727; Media Center PC 5.0; .NET CLR 3.5.30729; .NET CLR 3.0.30618)"
66.249.71.145 - - [15/Feb/2010:20:44:23 -0500] "GET /~cschafer/web2/php/aphpformmail.html HTTP/1.1" 200 1814 "-" "Mozilla/5.0 (compatible; Googlebot/2.1; +http://www.google.com/bot.html)"
131.123.35.25 - - [15/Feb/2010:20:44:54 -0500] "GET / HTTP/1.1" 200 - "-" "Hobbit bbtest-net/4.2.3"
131.123.35.25 - - [15/Feb/2010:20:49:59 -0500] "GET / HTTP/1.1" 200 - "-" "Hobbit bbtest-net/4.2.3"
131.123.156.47 - - [15/Feb/2010:20:54:09 -0500] "GET /10051/ HTTP/1.1" 200 6245 "http://www.cs.kent.edu/~volkert/" "Mozilla/5.0 (Windows; U; Windows NT 6.0; en-US; rv:1.9.2) Gecko/20100115 Firefox/3.6 (.NET CLR 3.5.30729)"
131.123.156.47 - - [15/Feb/2010:20:54:11 -0500] "GET /favicon.ico HTTP/1.1" 404 290 "-" "Mozilla/5.0 (Windows; U; Windows NT 6.0; en-US; rv:1.9.2) Gecko/20100115 Firefox/3.6 (.NET CLR 3.5.30729)"
131.123.156.47 - - [15/Feb/2010:20:54:11 -0500] "GET /10051/lab/index.html HTTP/1.1" 200 14398 "http://cgi.cs.kent.edu/10051/" "Mozilla/5.0 (Windows; U; Windows NT 6.0; en-US; rv:1.9.2) Gecko/20100115 Firefox/3.6 (.NET CLR 3.5.30729)"
131.123.156.47 - - [15/Feb/2010:20:54:15 -0500] "GET /10051/lab/labschedule.html HTTP/1.1" 200 6591 "http://cgi.cs.kent.edu/10051/lab/index.html" "Mozilla/5.0 (Windows; U; Windows NT 6.0; en-US; rv:1.9.2) Gecko/20100115 Firefox/3.6 (.NET CLR 3.5.30729)"
131.123.156.47 - - [15/Feb/2010:20:54:27 -0500] "GET /10051/resources/2/Lab2-F09.pdf HTTP/1.1" 200 289441 "http://cgi.cs.kent.edu/10051/lab/labschedule.html" "Mozilla/5.0 (Windows; U; Windows NT 6.0; en-US; rv:1.9.2) Gecko/20100115 Firefox/3.6 (.NET CLR 3.5.30729)"
131.123.156.47 - - [15/Feb/2010:20:54:34 -0500] "GET /10051/resources/2/Lab2-F09.pdf HTTP/1.1" 206 256895 "-" "Mozilla/5.0 (Windows; U; Windows NT 6.0; en-US; rv:1.9.2) Gecko/20100115 Firefox/3.6 (.NET CLR 3.5.30729)"
131.123.35.25 - - [15/Feb/2010:20:54:54 -0500] "GET / HTTP/1.1" 200 - "-" "Hobbit bbtest-net/4.2.3"
131.123.156.47 - - [15/Feb/2010:20:58:37 -0500] "GET /10051/instructors.html HTTP/1.1" 200 4350 "http://cgi.cs.kent.edu/10051/lab/labschedule.html" "Mozilla/5.0 (Windows; U; Windows NT 6.0; en-US; rv:1.9.2) Gecko/20100115 Firefox/3.6 (.NET CLR 3.5.30729)"
131.123.35.25 - - [15/Feb/2010:20:59:54 -0500] "GET / HTTP/1.1" 200 - "-" "Hobbit bbtest-net/4.2.3"
131.123.156.47 - - [15/Feb/2010:21:00:42 -0500] "GET /10051/ HTTP/1.1" 200 6245 "http://www.cs.kent.edu/~volkert/" "Mozilla/5.0 (Windows; U; Windows NT 6.0; en-US; rv:1.9.2) Gecko/20100115 Firefox/3.6 (.NET CLR 3.5.30729)"
131.123.156.47 - - [15/Feb/2010:21:00:49 -0500] "GET /10051/instructors.html HTTP/1.1" 200 4350 "http://cgi.cs.kent.edu/10051/" "Mozilla/5.0 (Windows; U; Windows NT 6.0; en-US; rv:1.9.2) Gecko/20100115 Firefox/3.6 (.NET CLR 3.5.30729)"
131.123.156.47 - - [15/Feb/2010:21:00:52 -0500] "GET /10051/index.html HTTP/1.1" 200 6245 "http://cgi.cs.kent.edu/10051/instructors.html" "Mozilla/5.0 (Windows; U; Windows NT 6.0; en-US; rv:1.9.2) Gecko/20100115 Firefox/3.6 (.NET CLR 3.5.30729)"
131.123.156.47 - - [15/Feb/2010:21:01:09 -0500] "GET /10051/syllabus.html HTTP/1.1" 200 19940 "http://cgi.cs.kent.edu/10051/index.html" "Mozilla/5.0 (Windows; U; Windows NT 6.0; en-US; rv:1.9.2) Gecko/20100115 Firefox/3.6 (.NET CLR 3.5.30729)"
131.123.156.47 - - [15/Feb/2010:21:01:10 -0500] "GET /10051/graphics/textbook.jpg HTTP/1.1" 200 8668 "http://cgi.cs.kent.edu/10051/syllabus.html" "Mozilla/5.0 (Windows; U; Windows NT 6.0; en-US; rv:1.9.2) Gecko/20100115 Firefox/3.6 (.NET CLR 3.5.30729)"
131.123.156.47 - - [15/Feb/2010:21:01:20 -0500] "GET /10051/schedule.html HTTP/1.1" 200 2464 "http://cgi.cs.kent.edu/10051/syllabus.html" "Mozilla/5.0 (Windows; U; Windows NT 6.0; en-US; rv:1.9.2) Gecko/20100115 Firefox/3.6 (.NET CLR 3.5.30729)"
131.123.35.25 - - [15/Feb/2010:21:04:55 -0500] "GET / HTTP/1.1" 200 - "-" "Hobbit bbtest-net/4.2.3"
188.92.75.34 - - [15/Feb/2010:21:09:49 -0500] "GET /cgi-bin/users/kkoch/guestbook.cgi HTTP/1.0" 404 313 "http://cgi.mcs.kent.edu/cgi-bin/users/kkoch/guestbook.cgi" "Mozilla/4.0 (compatible; MSIE 5.0; Windows NT; DigExt)"
188.92.75.34 - - [15/Feb/2010:21:09:50 -0500] "GET / HTTP/1.0" 200 - "http://cgi.mcs.kent.edu/" "Mozilla/4.0 (compatible; MSIE 5.0; Windows NT; DigExt)"
131.123.35.25 - - [15/Feb/2010:21:10:00 -0500] "GET / HTTP/1.1" 200 - "-" "Hobbit bbtest-net/4.2.3"
131.123.81.232 - - [15/Feb/2010:21:12:32 -0500] "GET /10051/ HTTP/1.1" 200 6245 "http://www.cs.kent.edu/~volkert/" "Mozilla/5.0 (Windows; U; Windows NT 6.0; en-US) AppleWebKit/531.21.8 (KHTML, like Gecko) Version/4.0.4 Safari/531.21.10"
131.123.81.232 - - [15/Feb/2010:21:12:32 -0500] "GET /10051/graphics/10051.png HTTP/1.1" 200 10813 "http://cgi.cs.kent.edu/10051/" "Mozilla/5.0 (Windows; U; Windows NT 6.0; en-US) AppleWebKit/531.21.8 (KHTML, like Gecko) Version/4.0.4 Safari/531.21.10"
131.123.81.232 - - [15/Feb/2010:21:12:32 -0500] "GET /10051/graphics/bottom.gif HTTP/1.1" 200 1217 "http://cgi.cs.kent.edu/10051/" "Mozilla/5.0 (Windows; U; Windows NT 6.0; en-US) AppleWebKit/531.21.8 (KHTML, like Gecko) Version/4.0.4 Safari/531.21.10"
131.123.81.232 - - [15/Feb/2010:21:12:32 -0500] "GET /10051/10051.css HTTP/1.1" 200 1734 "http://cgi.cs.kent.edu/10051/" "Mozilla/5.0 (Windows; U; Windows NT 6.0; en-US) AppleWebKit/531.21.8 (KHTML, like Gecko) Version/4.0.4 Safari/531.21.10"
131.123.81.232 - - [15/Feb/2010:21:12:32 -0500] "GET /10051/graphics/cleardot.gif HTTP/1.1" 200 49 "http://cgi.cs.kent.edu/10051/" "Mozilla/5.0 (Windows; U; Windows NT 6.0; en-US) AppleWebKit/531.21.8 (KHTML, like Gecko) Version/4.0.4 Safari/531.21.10"
131.123.81.232 - - [15/Feb/2010:21:12:32 -0500] "GET /favicon.ico HTTP/1.1" 404 290 "http://cgi.cs.kent.edu/10051/" "Mozilla/5.0 (Windows; U; Windows NT 6.0; en-US) AppleWebKit/531.21.8 (KHTML, like Gecko) Version/4.0.4 Safari/531.21.10"
131.123.81.232 - - [15/Feb/2010:21:12:35 -0500] "GET /10051/homework.html HTTP/1.1" 200 2412 "http://cgi.cs.kent.edu/10051/" "Mozilla/5.0 (Windows; U; Windows NT 6.0; en-US) AppleWebKit/531.21.8 (KHTML, like Gecko) Version/4.0.4 Safari/531.21.10"
131.123.81.232 - - [15/Feb/2010:21:12:38 -0500] "GET /10051/dayhomework.html HTTP/1.1" 200 9142 "http://cgi.cs.kent.edu/10051/homework.html" "Mozilla/5.0 (Windows; U; Windows NT 6.0; en-US) AppleWebKit/531.21.8 (KHTML, like Gecko) Version/4.0.4 Safari/531.21.10"
131.123.35.25 - - [15/Feb/2010:21:14:55 -0500] "GET / HTTP/1.1" 200 - "-" "Hobbit bbtest-net/4.2.3"
188.92.76.233 - - [15/Feb/2010:21:15:23 -0500] "POST /cgi-bin/users/abasuki/guest.cgi HTTP/1.0" 404 311 "http://www.cs.kent.edu/%7Eabasuki/guest.html" "Mozilla/4.0 (compatible; MSIE 5.5; Windows NT 5.0)"
188.92.76.233 - - [15/Feb/2010:21:15:24 -0500] "POST /http://cgi.mcs.kent.edu/cgi-bin/users/abasuki/guest.cgi HTTP/1.0" 404 335 "http://www.cs.kent.edu/%7Eabasuki/guest.html" "Mozilla/4.0 (compatible; MSIE 5.5; Windows NT 5.0)"
188.92.76.233 - - [15/Feb/2010:21:15:25 -0500] "GET /%7Eabasuki/guest.html HTTP/1.0" 200 2482 "http://cgi.mcs.kent.edu/%7Eabasuki/guest.html" "Mozilla/4.0 (compatible; MSIE 5.5; Windows NT 5.0)"
188.92.76.233 - - [15/Feb/2010:21:15:26 -0500] "GET /%7Eabasuki/guest.html HTTP/1.0" 200 2482 "http://cgi.mcs.kent.edu/%7Eabasuki/guest.html" "Mozilla/4.0 (compatible; MSIE 5.5; Windows NT 5.0)"
66.249.71.231 - - [15/Feb/2010:21:15:53 -0500] "GET /10051/10051.css HTTP/1.1" 200 1734 "-" "Mozilla/5.0 (compatible; Googlebot/2.1; +http://www.google.com/bot.html)"
174.129.54.166 - - [15/Feb/2010:21:19:10 -0500] "GET /10051/resources/1/Pset1-F09.pdf HTTP/1.0" 200 268039 "http://cgi.cs.kent.edu/index.html" "Mozilla/5.0 (Windows; U; Windows NT 5.1; en-US; rv:1.9.0.3) Gecko/2008092417 Firefox/3.0.3"
184.73.1.127 - - [15/Feb/2010:21:19:14 -0500] "GET /10051/resources/3/Lab3-F09.pdf HTTP/1.0" 200 381749 "http://cgi.cs.kent.edu/index.html" "Mozilla/5.0 (Windows; U; Windows NT 5.1; en-US; rv:1.9.0.3) Gecko/2008092417 Firefox/3.0.3"
174.129.54.166 - - [15/Feb/2010:21:19:31 -0500] "GET /10051/resources/1/lecture1prt.pdf HTTP/1.0" 200 2792568 "http://cgi.cs.kent.edu/index.html" "Mozilla/5.0 (Windows; U; Windows NT 5.1; en-US; rv:1.9.0.3) Gecko/2008092417 Firefox/3.0.3"
72.44.40.201 - - [15/Feb/2010:21:19:35 -0500] "GET /10051/resources/5/lecture5aprt.pdf HTTP/1.0" 200 445789 "http://cgi.cs.kent.edu/index.html" "Mozilla/5.0 (Windows; U; Windows NT 5.1; en-US; rv:1.9.0.3) Gecko/2008092417 Firefox/3.0.3"
184.73.1.127 - - [15/Feb/2010:21:19:35 -0500] "GET /10051/resources/3/lecture3aprt.pdf HTTP/1.0" 200 889007 "http://cgi.cs.kent.edu/index.html" "Mozilla/5.0 (Windows; U; Windows NT 5.1; en-US; rv:1.9.0.3) Gecko/2008092417 Firefox/3.0.3"
67.202.23.165 - - [15/Feb/2010:21:19:38 -0500] "GET /10051/resources/ScratchGettingStartedv14.1.pdf HTTP/1.0" 200 1932862 "http://cgi.cs.kent.edu/index.html" "Mozilla/5.0 (Windows; U; Windows NT 5.1; en-US; rv:1.9.0.3) Gecko/2008092417 Firefox/3.0.3"
72.44.40.201 - - [15/Feb/2010:21:19:49 -0500] "GET /10051/resources/6/Lab6-F09.pdf HTTP/1.0" 200 157581 "http://cgi.cs.kent.edu/index.html" "Mozilla/5.0 (Windows; U; Windows NT 5.1; en-US; rv:1.9.0.3) Gecko/2008092417 Firefox/3.0.3"
174.129.54.166 - - [15/Feb/2010:21:19:49 -0500] "GET /10051/resources/2/Lab2-F09.pdf HTTP/1.0" 200 289441 "http://cgi.cs.kent.edu/index.html" "Mozilla/5.0 (Windows; U; Windows NT 5.1; en-US; rv:1.9.0.3) Gecko/2008092417 Firefox/3.0.3"
184.73.1.127 - - [15/Feb/2010:21:19:52 -0500] "GET /10051/resources/3/lecture3bprt.pdf HTTP/1.0" 200 400620 "http://cgi.cs.kent.edu/index.html" "Mozilla/5.0 (Windows; U; Windows NT 5.1; en-US; rv:1.9.0.3) Gecko/2008092417 Firefox/3.0.3"
131.123.35.25 - - [15/Feb/2010:21:20:00 -0500] "GET / HTTP/1.1" 200 - "-" "Hobbit bbtest-net/4.2.3"
67.202.23.165 - - [15/Feb/2010:21:20:00 -0500] "GET /10051/resources/ScratchReferenceGuide14.1.pdf HTTP/1.0" 200 2573301 "http://cgi.cs.kent.edu/index.html" "Mozilla/5.0 (Windows; U; Windows NT 5.1; en-US; rv:1.9.0.3) Gecko/2008092417 Firefox/3.0.3"
72.44.40.201 - - [15/Feb/2010:21:20:04 -0500] "GET /10051/resources/6/lecture6ascr.pdf HTTP/1.0" 200 221511 "http://cgi.cs.kent.edu/index.html" "Mozilla/5.0 (Windows; U; Windows NT 5.1; en-US; rv:1.9.0.3) Gecko/2008092417 Firefox/3.0.3"
174.129.54.166 - - [15/Feb/2010:21:20:09 -0500] "GET /10051/resources/2/lecture2prt.pdf HTTP/1.0" 200 204425 "http://cgi.cs.kent.edu/index.html" "Mozilla/5.0 (Windows; U; Windows NT 5.1; en-US; rv:1.9.0.3) Gecko/2008092417 Firefox/3.0.3"
184.73.1.127 - - [15/Feb/2010:21:20:13 -0500] "GET /10051/resources/4/lecture4scr.pdf HTTP/1.0" 200 222226 "http://cgi.cs.kent.edu/index.html" "Mozilla/5.0 (Windows; U; Windows NT 5.1; en-US; rv:1.9.0.3) Gecko/2008092417 Firefox/3.0.3"
174.129.190.195 - - [15/Feb/2010:21:20:18 -0500] "GET /~acook/PolicyStatement.pdf HTTP/1.0" 200 35419 "http://cgi.cs.kent.edu/index.html" "Mozilla/5.0 (Windows; U; Windows NT 5.1; en-US; rv:1.9.0.3) Gecko/2008092417 Firefox/3.0.3"
72.44.40.201 - - [15/Feb/2010:21:20:21 -0500] "GET /10051/resources/7/Pset3PartBsolutions.pdf HTTP/1.0" 200 107948 "http://cgi.cs.kent.edu/index.html" "Mozilla/5.0 (Windows; U; Windows NT 5.1; en-US; rv:1.9.0.3) Gecko/2008092417 Firefox/3.0.3"
67.202.23.165 - - [15/Feb/2010:21:20:23 -0500] "GET /10051/resources/linux_quick_ref_card.pdf HTTP/1.0" 200 401569 "http://cgi.cs.kent.edu/index.html" "Mozilla/5.0 (Windows; U; Windows NT 5.1; en-US; rv:1.9.0.3) Gecko/2008092417 Firefox/3.0.3"
174.129.54.166 - - [15/Feb/2010:21:20:28 -0500] "GET /10051/resources/2/lecture2scr.pdf HTTP/1.0" 200 198957 "http://cgi.cs.kent.edu/index.html" "Mozilla/5.0 (Windows; U; Windows NT 5.1; en-US; rv:1.9.0.3) Gecko/2008092417 Firefox/3.0.3"
184.73.1.127 - - [15/Feb/2010:21:20:38 -0500] "GET /10051/resources/5/Pset3-F09.pdf HTTP/1.0" 200 196660 "http://cgi.cs.kent.edu/index.html" "Mozilla/5.0 (Windows; U; Windows NT 5.1; en-US; rv:1.9.0.3) Gecko/2008092417 Firefox/3.0.3"
72.44.40.201 - - [15/Feb/2010:21:20:39 -0500] "GET /10051/resources/7/midtermExamSampleQuestions-Solutions.pdf HTTP/1.0" 200 166271 "http://cgi.cs.kent.edu/index.html" "Mozilla/5.0 (Windows; U; Windows NT 5.1; en-US; rv:1.9.0.3) Gecko/2008092417 Firefox/3.0.3"
174.129.190.195 - - [15/Feb/2010:21:20:39 -0500] "GET /~acook/lectures/typography-color.pdf HTTP/1.0" 200 2344282 "http://cgi.cs.kent.edu/index.html" "Mozilla/5.0 (Windows; U; Windows NT 5.1; en-US; rv:1.9.0.3) Gecko/2008092417 Firefox/3.0.3"
67.202.23.165 - - [15/Feb/2010:21:20:49 -0500] "GET /10051/resources/vimintro.pdf HTTP/1.0" 200 113183 "http://cgi.cs.kent.edu/index.html" "Mozilla/5.0 (Windows; U; Windows NT 5.1; en-US; rv:1.9.0.3) Gecko/2008092417 Firefox/3.0.3"
67.202.23.165 - - [15/Feb/2010:21:21:08 -0500] "GET /10051/resources/viquickref.pdf HTTP/1.0" 200 82466 "http://cgi.cs.kent.edu/index.html" "Mozilla/5.0 (Windows; U; Windows NT 5.1; en-US; rv:1.9.0.3) Gecko/2008092417 Firefox/3.0.3"
115.167.105.185 - - [15/Feb/2010:21:21:26 -0500] "GET /cgi-bin/users/rmuhamma/Counter/livecntr.cgi?5+6 HTTP/1.1" 404 322 "http://www.personal.kent.edu/~rmuhamma/" "Mozilla/4.0 (compatible; MSIE 8.0; Windows NT 5.1; Trident/4.0; Mozilla/4.0 (compatible; MSIE 6.0; Windows NT 5.1; SV1) ; .NET CLR 2.0.50727; .NET CLR 3.0.4506.2152; .NET CLR 3.5.30729)"
115.167.105.185 - - [15/Feb/2010:21:21:26 -0500] "GET /cgi-bin/users/rmuhamma/Counter/livecntr.cgi?0+6 HTTP/1.1" 404 322 "http://www.personal.kent.edu/~rmuhamma/" "Mozilla/4.0 (compatible; MSIE 8.0; Windows NT 5.1; Trident/4.0; Mozilla/4.0 (compatible; MSIE 6.0; Windows NT 5.1; SV1) ; .NET CLR 2.0.50727; .NET CLR 3.0.4506.2152; .NET CLR 3.5.30729)"
115.167.105.185 - - [15/Feb/2010:21:21:26 -0500] "GET /cgi-bin/users/rmuhamma/Counter/livecntr.cgi?1+6 HTTP/1.1" 404 322 "http://www.personal.kent.edu/~rmuhamma/" "Mozilla/4.0 (compatible; MSIE 8.0; Windows NT 5.1; Trident/4.0; Mozilla/4.0 (compatible; MSIE 6.0; Windows NT 5.1; SV1) ; .NET CLR 2.0.50727; .NET CLR 3.0.4506.2152; .NET CLR 3.5.30729)"
115.167.105.185 - - [15/Feb/2010:21:21:26 -0500] "GET /cgi-bin/users/rmuhamma/Counter/livecntr.cgi?3+6 HTTP/1.1" 404 322 "http://www.personal.kent.edu/~rmuhamma/" "Mozilla/4.0 (compatible; MSIE 8.0; Windows NT 5.1; Trident/4.0; Mozilla/4.0 (compatible; MSIE 6.0; Windows NT 5.1; SV1) ; .NET CLR 2.0.50727; .NET CLR 3.0.4506.2152; .NET CLR 3.5.30729)"
115.167.105.185 - - [15/Feb/2010:21:21:26 -0500] "GET /cgi-bin/users/rmuhamma/Counter/livecntr.cgi?4+6 HTTP/1.1" 404 322 "http://www.personal.kent.edu/~rmuhamma/" "Mozilla/4.0 (compatible; MSIE 8.0; Windows NT 5.1; Trident/4.0; Mozilla/4.0 (compatible; MSIE 6.0; Windows NT 5.1; SV1) ; .NET CLR 2.0.50727; .NET CLR 3.0.4506.2152; .NET CLR 3.5.30729)"
115.167.105.185 - - [15/Feb/2010:21:21:30 -0500] "GET /cgi-bin/users/rmuhamma/Counter/livecntr.cgi?2+6 HTTP/1.1" 404 322 "http://www.personal.kent.edu/~rmuhamma/" "Mozilla/4.0 (compatible; MSIE 8.0; Windows NT 5.1; Trident/4.0; Mozilla/4.0 (compatible; MSIE 6.0; Windows NT 5.1; SV1) ; .NET CLR 2.0.50727; .NET CLR 3.0.4506.2152; .NET CLR 3.5.30729)"
184.73.1.136 - - [15/Feb/2010:21:21:34 -0500] "GET /10051/resources/1/Lab1-F09.pdf HTTP/1.0" 200 93428 "http://cgi.cs.kent.edu/index.html" "Mozilla/5.0 (Windows; U; Windows NT 5.1; en-US; rv:1.9.0.3) Gecko/2008092417 Firefox/3.0.3"
131.123.35.25 - - [15/Feb/2010:21:24:55 -0500] "GET / HTTP/1.1" 200 - "-" "Hobbit bbtest-net/4.2.3"
66.249.71.231 - - [15/Feb/2010:21:25:38 -0500] "GET /~acook/PolicyStatement.pdf HTTP/1.1" 304 - "-" "Mozilla/5.0 (compatible; Googlebot/2.1; +http://www.google.com/bot.html)"
67.195.115.99 - - [15/Feb/2010:21:25:42 -0500] "GET /10051/resources/5/src5.pdf HTTP/1.0" 404 305 "-" "Mozilla/5.0 (compatible; Yahoo! Slurp/3.0; http://help.yahoo.com/help/us/ysearch/slurp)"
131.123.81.232 - - [15/Feb/2010:21:27:12 -0500] "GET /10051/ HTTP/1.1" 200 6245 "http://www.cs.kent.edu/~volkert/" "Mozilla/5.0 (Windows; U; Windows NT 6.0; en-US) AppleWebKit/531.21.8 (KHTML, like Gecko) Version/4.0.4 Safari/531.21.10"
