76.235.78.50 - - [15/Feb/2010:14:19:49 -0500] "GET /cgi-bin/users/rmuhamma/Counter/livecntr.cgi?4+6 HTTP/1.1" 404 322 "http://www.personal.kent.edu/~rmuhamma/" "Mozilla/4.0 (compatible; MSIE 8.0; Windows NT 6.1; WOW64; Trident/4.0; SLCC2; .NET CLR 2.0.50727; .NET CLR 3.5.30729; .NET CLR 3.0.30729; Media Center PC 6.0; InfoPath.2; OfficeLiveConnector.1.4; OfficeLivePatch.1.3; Creative AutoUpdate v1.40.01)"
76.235.78.50 - - [15/Feb/2010:14:19:49 -0500] "GET /cgi-bin/users/rmuhamma/Counter/livecntr.cgi?5+6 HTTP/1.1" 404 322 "http://www.personal.kent.edu/~rmuhamma/" "Mozilla/4.0 (compatible; MSIE 8.0; Windows NT 6.1; WOW64; Trident/4.0; SLCC2; .NET CLR 2.0.50727; .NET CLR 3.5.30729; .NET CLR 3.0.30729; Media Center PC 6.0; InfoPath.2; OfficeLiveConnector.1.4; OfficeLivePatch.1.3; Creative AutoUpdate v1.40.01)"
131.123.33.144 - - [15/Feb/2010:14:20:57 -0500] "GET /10051/schedule.html HTTP/1.1" 200 2464 "http://cgi.cs.kent.edu/10051/" "Mozilla/4.0 (compatible; MSIE 7.0; Windows NT 6.0; SLCC1; .NET CLR 2.0.50727; Media Center PC 5.0; .NET CLR 3.5.30729; .NET CLR 3.0.30618; yie8)"
131.123.33.144 - - [15/Feb/2010:14:20:57 -0500] "GET /10051/10051.css HTTP/1.1" 304 - "http://cgi.cs.kent.edu/10051/schedule.html" "Mozilla/4.0 (compatible; MSIE 7.0; Windows NT 6.0; SLCC1; .NET CLR 2.0.50727; Media Center PC 5.0; .NET CLR 3.5.30729; .NET CLR 3.0.30618; yie8)"
131.123.33.144 - - [15/Feb/2010:14:20:57 -0500] "GET /10051/graphics/10051.png HTTP/1.1" 304 - "http://cgi.cs.kent.edu/10051/schedule.html" "Mozilla/4.0 (compatible; MSIE 7.0; Windows NT 6.0; SLCC1; .NET CLR 2.0.50727; Media Center PC 5.0; .NET CLR 3.5.30729; .NET CLR 3.0.30618; yie8)"
131.123.33.144 - - [15/Feb/2010:14:20:57 -0500] "GET /10051/graphics/cleardot.gif HTTP/1.1" 304 - "http://cgi.cs.kent.edu/10051/schedule.html" "Mozilla/4.0 (compatible; MSIE 7.0; Windows NT 6.0; SLCC1; .NET CLR 2.0.50727; Media Center PC 5.0; .NET CLR 3.5.30729; .NET CLR 3.0.30618; yie8)"
131.123.33.144 - - [15/Feb/2010:14:20:57 -0500] "GET /10051/graphics/bottom.gif HTTP/1.1" 304 - "http://cgi.cs.kent.edu/10051/schedule.html" "Mozilla/4.0 (compatible; MSIE 7.0; Windows NT 6.0; SLCC1; .NET CLR 2.0.50727; Media Center PC 5.0; .NET CLR 3.5.30729; .NET CLR 3.0.30618; yie8)"
131.123.33.144 - - [15/Feb/2010:14:21:02 -0500] "GET /10051/lectures.html HTTP/1.1" 200 2111 "http://cgi.cs.kent.edu/10051/schedule.html" "Mozilla/4.0 (compatible; MSIE 7.0; Windows NT 6.0; SLCC1; .NET CLR 2.0.50727; Media Center PC 5.0; .NET CLR 3.5.30729; .NET CLR 3.0.30618; yie8)"
58.177.209.216 - - [15/Feb/2010:14:23:10 -0500] "GET /user/soapCaller.bs HTTP/1.1" 404 295 "-" "Morfeus Fucking Scanner"
147.251.8.138 - - [15/Feb/2010:14:23:22 -0500] "GET /cgi-bin/users/rmuhamma/Counter/livecntr.cgi?0+6 HTTP/1.1" 404 322 "http://www.personal.kent.edu/~rmuhamma/" "Mozilla/5.0 (Windows; U; Windows NT 5.1; en-US; rv:1.9.1.7) Gecko/20091221 Firefox/3.5.7 GTB6"
147.251.8.138 - - [15/Feb/2010:14:23:22 -0500] "GET /cgi-bin/users/rmuhamma/Counter/livecntr.cgi?1+6 HTTP/1.1" 404 322 "http://www.personal.kent.edu/~rmuhamma/" "Mozilla/5.0 (Windows; U; Windows NT 5.1; en-US; rv:1.9.1.7) Gecko/20091221 Firefox/3.5.7 GTB6"
147.251.8.138 - - [15/Feb/2010:14:23:22 -0500] "GET /cgi-bin/users/rmuhamma/Counter/livecntr.cgi?2+6 HTTP/1.1" 404 322 "http://www.personal.kent.edu/~rmuhamma/" "Mozilla/5.0 (Windows; U; Windows NT 5.1; en-US; rv:1.9.1.7) Gecko/20091221 Firefox/3.5.7 GTB6"
147.251.8.138 - - [15/Feb/2010:14:23:22 -0500] "GET /cgi-bin/users/rmuhamma/Counter/livecntr.cgi?3+6 HTTP/1.1" 404 322 "http://www.personal.kent.edu/~rmuhamma/" "Mozilla/5.0 (Windows; U; Windows NT 5.1; en-US; rv:1.9.1.7) Gecko/20091221 Firefox/3.5.7 GTB6"
147.251.8.138 - - [15/Feb/2010:14:23:22 -0500] "GET /cgi-bin/users/rmuhamma/Counter/livecntr.cgi?4+6 HTTP/1.1" 404 322 "http://www.personal.kent.edu/~rmuhamma/" "Mozilla/5.0 (Windows; U; Windows NT 5.1; en-US; rv:1.9.1.7) Gecko/20091221 Firefox/3.5.7 GTB6"
147.251.8.138 - - [15/Feb/2010:14:23:22 -0500] "GET /cgi-bin/users/rmuhamma/Counter/livecntr.cgi?5+6 HTTP/1.1" 404 322 "http://www.personal.kent.edu/~rmuhamma/" "Mozilla/5.0 (Windows; U; Windows NT 5.1; en-US; rv:1.9.1.7) Gecko/20091221 Firefox/3.5.7 GTB6"
147.251.8.138 - - [15/Feb/2010:14:23:44 -0500] "GET /cgi-bin/users/rmuhamma/Counter/livecntr.cgi?5+6 HTTP/1.1" 404 322 "http://www.personal.kent.edu/~rmuhamma/" "Mozilla/5.0 (Windows; U; Windows NT 5.1; en-US; rv:1.9.1.7) Gecko/20091221 Firefox/3.5.7 GTB6"
147.251.8.138 - - [15/Feb/2010:14:23:44 -0500] "GET /cgi-bin/users/rmuhamma/Counter/livecntr.cgi?3+6 HTTP/1.1" 404 322 "http://www.personal.kent.edu/~rmuhamma/" "Mozilla/5.0 (Windows; U; Windows NT 5.1; en-US; rv:1.9.1.7) Gecko/20091221 Firefox/3.5.7 GTB6"
147.251.8.138 - - [15/Feb/2010:14:23:44 -0500] "GET /cgi-bin/users/rmuhamma/Counter/livecntr.cgi?0+6 HTTP/1.1" 404 322 "http://www.personal.kent.edu/~rmuhamma/" "Mozilla/5.0 (Windows; U; Windows NT 5.1; en-US; rv:1.9.1.7) Gecko/20091221 Firefox/3.5.7 GTB6"
147.251.8.138 - - [15/Feb/2010:14:23:44 -0500] "GET /cgi-bin/users/rmuhamma/Counter/livecntr.cgi?4+6 HTTP/1.1" 404 322 "http://www.personal.kent.edu/~rmuhamma/" "Mozilla/5.0 (Windows; U; Windows NT 5.1; en-US; rv:1.9.1.7) Gecko/20091221 Firefox/3.5.7 GTB6"
147.251.8.138 - - [15/Feb/2010:14:23:44 -0500] "GET /cgi-bin/users/rmuhamma/Counter/livecntr.cgi?2+6 HTTP/1.1" 404 322 "http://www.personal.kent.edu/~rmuhamma/" "Mozilla/5.0 (Windows; U; Windows NT 5.1; en-US; rv:1.9.1.7) Gecko/20091221 Firefox/3.5.7 GTB6"
147.251.8.138 - - [15/Feb/2010:14:23:45 -0500] "GET /cgi-bin/users/rmuhamma/Counter/livecntr.cgi?1+6 HTTP/1.1" 404 322 "http://www.personal.kent.edu/~rmuhamma/" "Mozilla/5.0 (Windows; U; Windows NT 5.1; en-US; rv:1.9.1.7) Gecko/20091221 Firefox/3.5.7 GTB6"
131.123.93.65 - - [15/Feb/2010:14:24:28 -0500] "GET /10051/index.html HTTP/1.1" 200 6245 "-" "Mozilla/5.0 (Windows; U; Windows NT 6.0; en-US; rv:1.9.1.7) Gecko/20091221 Firefox/3.5.7 (.NET CLR 3.5.30729)"
131.123.93.65 - - [15/Feb/2010:14:24:29 -0500] "GET /10051/10051.css HTTP/1.1" 200 1734 "http://cgi.cs.kent.edu/10051/index.html" "Mozilla/5.0 (Windows; U; Windows NT 6.0; en-US; rv:1.9.1.7) Gecko/20091221 Firefox/3.5.7 (.NET CLR 3.5.30729)"
131.123.93.65 - - [15/Feb/2010:14:24:32 -0500] "GET /10051/lectures.html HTTP/1.1" 200 2111 "http://cgi.cs.kent.edu/10051/index.html" "Mozilla/5.0 (Windows; U; Windows NT 6.0; en-US; rv:1.9.1.7) Gecko/20091221 Firefox/3.5.7 (.NET CLR 3.5.30729)"
131.123.35.25 - - [15/Feb/2010:14:24:41 -0500] "GET / HTTP/1.1" 200 - "-" "Hobbit bbtest-net/4.2.3"
131.123.177.7 - - [15/Feb/2010:14:26:27 -0500] "GET /10051 HTTP/1.1" 301 318 "-" "Mozilla/5.0 (Windows; U; Windows NT 5.1; en-US; rv:1.9) Gecko/2008052906 Firefox/3.0"
131.123.177.7 - - [15/Feb/2010:14:26:27 -0500] "GET /10051/ HTTP/1.1" 200 6245 "-" "Mozilla/5.0 (Windows; U; Windows NT 5.1; en-US; rv:1.9) Gecko/2008052906 Firefox/3.0"
131.123.177.7 - - [15/Feb/2010:14:26:27 -0500] "GET /10051/10051.css HTTP/1.1" 200 1734 "http://cgi.cs.kent.edu/10051/" "Mozilla/5.0 (Windows; U; Windows NT 5.1; en-US; rv:1.9) Gecko/2008052906 Firefox/3.0"
131.123.177.7 - - [15/Feb/2010:14:26:27 -0500] "GET /10051/graphics/10051.png HTTP/1.1" 200 10813 "http://cgi.cs.kent.edu/10051/" "Mozilla/5.0 (Windows; U; Windows NT 5.1; en-US; rv:1.9) Gecko/2008052906 Firefox/3.0"
131.123.177.7 - - [15/Feb/2010:14:26:27 -0500] "GET /10051/graphics/cleardot.gif HTTP/1.1" 200 49 "http://cgi.cs.kent.edu/10051/" "Mozilla/5.0 (Windows; U; Windows NT 5.1; en-US; rv:1.9) Gecko/2008052906 Firefox/3.0"
131.123.177.7 - - [15/Feb/2010:14:26:27 -0500] "GET /10051/graphics/bottom.gif HTTP/1.1" 200 1217 "http://cgi.cs.kent.edu/10051/" "Mozilla/5.0 (Windows; U; Windows NT 5.1; en-US; rv:1.9) Gecko/2008052906 Firefox/3.0"
131.123.177.7 - - [15/Feb/2010:14:26:27 -0500] "GET /favicon.ico HTTP/1.1" 404 290 "-" "Mozilla/5.0 (Windows; U; Windows NT 5.1; en-US; rv:1.9) Gecko/2008052906 Firefox/3.0"
131.123.177.7 - - [15/Feb/2010:14:26:30 -0500] "GET /10051/homework.html HTTP/1.1" 200 2412 "http://cgi.cs.kent.edu/10051/" "Mozilla/5.0 (Windows; U; Windows NT 5.1; en-US; rv:1.9) Gecko/2008052906 Firefox/3.0"
131.123.177.7 - - [15/Feb/2010:14:26:32 -0500] "GET /10051/evehomework.html HTTP/1.1" 200 11206 "http://cgi.cs.kent.edu/10051/homework.html" "Mozilla/5.0 (Windows; U; Windows NT 5.1; en-US; rv:1.9) Gecko/2008052906 Firefox/3.0"
115.167.105.185 - - [15/Feb/2010:14:26:33 -0500] "GET /cgi-bin/users/rmuhamma/Counter/livecntr.cgi?5+6 HTTP/1.1" 404 322 "http://www.personal.kent.edu/~rmuhamma/" "Mozilla/4.0 (compatible; MSIE 8.0; Windows NT 5.1; Trident/4.0; Mozilla/4.0 (compatible; MSIE 6.0; Windows NT 5.1; SV1) ; .NET CLR 2.0.50727; .NET CLR 3.0.4506.2152; .NET CLR 3.5.30729)"
115.167.105.185 - - [15/Feb/2010:14:26:33 -0500] "GET /cgi-bin/users/rmuhamma/Counter/livecntr.cgi?1+6 HTTP/1.1" 404 322 "http://www.personal.kent.edu/~rmuhamma/" "Mozilla/4.0 (compatible; MSIE 8.0; Windows NT 5.1; Trident/4.0; Mozilla/4.0 (compatible; MSIE 6.0; Windows NT 5.1; SV1) ; .NET CLR 2.0.50727; .NET CLR 3.0.4506.2152; .NET CLR 3.5.30729)"
115.167.105.185 - - [15/Feb/2010:14:26:33 -0500] "GET /cgi-bin/users/rmuhamma/Counter/livecntr.cgi?0+6 HTTP/1.1" 404 322 "http://www.personal.kent.edu/~rmuhamma/" "Mozilla/4.0 (compatible; MSIE 8.0; Windows NT 5.1; Trident/4.0; Mozilla/4.0 (compatible; MSIE 6.0; Windows NT 5.1; SV1) ; .NET CLR 2.0.50727; .NET CLR 3.0.4506.2152; .NET CLR 3.5.30729)"
115.167.105.185 - - [15/Feb/2010:14:26:33 -0500] "GET /cgi-bin/users/rmuhamma/Counter/livecntr.cgi?4+6 HTTP/1.1" 404 322 "http://www.personal.kent.edu/~rmuhamma/" "Mozilla/4.0 (compatible; MSIE 8.0; Windows NT 5.1; Trident/4.0; Mozilla/4.0 (compatible; MSIE 6.0; Windows NT 5.1; SV1) ; .NET CLR 2.0.50727; .NET CLR 3.0.4506.2152; .NET CLR 3.5.30729)"
115.167.105.185 - - [15/Feb/2010:14:26:33 -0500] "GET /cgi-bin/users/rmuhamma/Counter/livecntr.cgi?3+6 HTTP/1.1" 404 322 "http://www.personal.kent.edu/~rmuhamma/" "Mozilla/4.0 (compatible; MSIE 8.0; Windows NT 5.1; Trident/4.0; Mozilla/4.0 (compatible; MSIE 6.0; Windows NT 5.1; SV1) ; .NET CLR 2.0.50727; .NET CLR 3.0.4506.2152; .NET CLR 3.5.30729)"
115.167.105.185 - - [15/Feb/2010:14:26:34 -0500] "GET /cgi-bin/users/rmuhamma/Counter/livecntr.cgi?2+6 HTTP/1.1" 404 322 "http://www.personal.kent.edu/~rmuhamma/" "Mozilla/4.0 (compatible; MSIE 8.0; Windows NT 5.1; Trident/4.0; Mozilla/4.0 (compatible; MSIE 6.0; Windows NT 5.1; SV1) ; .NET CLR 2.0.50727; .NET CLR 3.0.4506.2152; .NET CLR 3.5.30729)"
131.123.93.65 - - [15/Feb/2010:14:26:52 -0500] "GET /10051/homework.html HTTP/1.1" 200 2412 "http://cgi.cs.kent.edu/10051/evehomework.html" "Mozilla/5.0 (Windows; U; Windows NT 6.0; en-US; rv:1.9.1.7) Gecko/20091221 Firefox/3.5.7 (.NET CLR 3.5.30729)"
65.55.207.70 - - [15/Feb/2010:14:26:53 -0500] "GET /10051/resources/8/src8.pdf HTTP/1.1" 404 305 "-" "msnbot/2.0b (+http://search.msn.com/msnbot.htm)"
131.123.93.65 - - [15/Feb/2010:14:26:54 -0500] "GET /10051/evehomework.html HTTP/1.1" 200 11206 "http://cgi.cs.kent.edu/10051/homework.html" "Mozilla/5.0 (Windows; U; Windows NT 6.0; en-US; rv:1.9.1.7) Gecko/20091221 Firefox/3.5.7 (.NET CLR 3.5.30729)"
147.251.8.138 - - [15/Feb/2010:14:28:03 -0500] "GET /cgi-bin/users/rmuhamma/Counter/livecntr.cgi?0+6 HTTP/1.1" 404 322 "http://www.personal.kent.edu/~rmuhamma/" "Mozilla/5.0 (Windows; U; Windows NT 5.1; en-US; rv:1.9.1.7) Gecko/20091221 Firefox/3.5.7 GTB6"
147.251.8.138 - - [15/Feb/2010:14:28:03 -0500] "GET /cgi-bin/users/rmuhamma/Counter/livecntr.cgi?1+6 HTTP/1.1" 404 322 "http://www.personal.kent.edu/~rmuhamma/" "Mozilla/5.0 (Windows; U; Windows NT 5.1; en-US; rv:1.9.1.7) Gecko/20091221 Firefox/3.5.7 GTB6"
147.251.8.138 - - [15/Feb/2010:14:28:03 -0500] "GET /cgi-bin/users/rmuhamma/Counter/livecntr.cgi?2+6 HTTP/1.1" 404 322 "http://www.personal.kent.edu/~rmuhamma/" "Mozilla/5.0 (Windows; U; Windows NT 5.1; en-US; rv:1.9.1.7) Gecko/20091221 Firefox/3.5.7 GTB6"
147.251.8.138 - - [15/Feb/2010:14:28:06 -0500] "GET /cgi-bin/users/rmuhamma/Counter/livecntr.cgi?4+6 HTTP/1.1" 404 322 "http://www.personal.kent.edu/~rmuhamma/" "Mozilla/5.0 (Windows; U; Windows NT 5.1; en-US; rv:1.9.1.7) Gecko/20091221 Firefox/3.5.7 GTB6"
147.251.8.138 - - [15/Feb/2010:14:28:06 -0500] "GET /cgi-bin/users/rmuhamma/Counter/livecntr.cgi?3+6 HTTP/1.1" 404 322 "http://www.personal.kent.edu/~rmuhamma/" "Mozilla/5.0 (Windows; U; Windows NT 5.1; en-US; rv:1.9.1.7) Gecko/20091221 Firefox/3.5.7 GTB6"
147.251.8.138 - - [15/Feb/2010:14:28:11 -0500] "GET /cgi-bin/users/rmuhamma/Counter/livecntr.cgi?5+6 HTTP/1.1" 404 322 "http://www.personal.kent.edu/~rmuhamma/" "Mozilla/5.0 (Windows; U; Windows NT 5.1; en-US; rv:1.9.1.7) Gecko/20091221 Firefox/3.5.7 GTB6"
131.123.35.25 - - [15/Feb/2010:14:29:46 -0500] "GET / HTTP/1.1" 200 - "-" "Hobbit bbtest-net/4.2.3"
24.29.234.232 - - [15/Feb/2010:14:29:57 -0500] "GET /10051/ HTTP/1.1" 200 6245 "-" "Mozilla/5.0 (Macintosh; U; Intel Mac OS X 10_6_2; en-us) AppleWebKit/531.21.8 (KHTML, like Gecko) Version/4.0.4 Safari/531.21.10"
24.29.234.232 - - [15/Feb/2010:14:30:04 -0500] "GET /10051/graphics/bottom.gif HTTP/1.1" 200 1217 "http://cgi.cs.kent.edu/10051/" "Mozilla/5.0 (Macintosh; U; Intel Mac OS X 10_6_2; en-us) AppleWebKit/531.21.8 (KHTML, like Gecko) Version/4.0.4 Safari/531.21.10"
24.29.234.232 - - [15/Feb/2010:14:30:04 -0500] "GET /10051/graphics/cleardot.gif HTTP/1.1" 200 49 "http://cgi.cs.kent.edu/10051/" "Mozilla/5.0 (Macintosh; U; Intel Mac OS X 10_6_2; en-us) AppleWebKit/531.21.8 (KHTML, like Gecko) Version/4.0.4 Safari/531.21.10"
24.29.234.232 - - [15/Feb/2010:14:30:04 -0500] "GET /10051/10051.css HTTP/1.1" 200 1734 "http://cgi.cs.kent.edu/10051/" "Mozilla/5.0 (Macintosh; U; Intel Mac OS X 10_6_2; en-us) AppleWebKit/531.21.8 (KHTML, like Gecko) Version/4.0.4 Safari/531.21.10"
24.29.234.232 - - [15/Feb/2010:14:30:04 -0500] "GET /10051/graphics/10051.png HTTP/1.1" 200 10813 "http://cgi.cs.kent.edu/10051/" "Mozilla/5.0 (Macintosh; U; Intel Mac OS X 10_6_2; en-us) AppleWebKit/531.21.8 (KHTML, like Gecko) Version/4.0.4 Safari/531.21.10"
147.251.8.138 - - [15/Feb/2010:14:30:27 -0500] "GET /cgi-bin/users/rmuhamma/Counter/livecntr.cgi?0+6 HTTP/1.1" 404 322 "http://www.personal.kent.edu/~rmuhamma/" "Mozilla/5.0 (Windows; U; Windows NT 5.1; en-US; rv:1.9.1.7) Gecko/20091221 Firefox/3.5.7 GTB6"
147.251.8.138 - - [15/Feb/2010:14:30:27 -0500] "GET /cgi-bin/users/rmuhamma/Counter/livecntr.cgi?1+6 HTTP/1.1" 404 322 "http://www.personal.kent.edu/~rmuhamma/" "Mozilla/5.0 (Windows; U; Windows NT 5.1; en-US; rv:1.9.1.7) Gecko/20091221 Firefox/3.5.7 GTB6"
147.251.8.138 - - [15/Feb/2010:14:30:28 -0500] "GET /cgi-bin/users/rmuhamma/Counter/livecntr.cgi?2+6 HTTP/1.1" 404 322 "http://www.personal.kent.edu/~rmuhamma/" "Mozilla/5.0 (Windows; U; Windows NT 5.1; en-US; rv:1.9.1.7) Gecko/20091221 Firefox/3.5.7 GTB6"
147.251.8.138 - - [15/Feb/2010:14:30:28 -0500] "GET /cgi-bin/users/rmuhamma/Counter/livecntr.cgi?3+6 HTTP/1.1" 404 322 "http://www.personal.kent.edu/~rmuhamma/" "Mozilla/5.0 (Windows; U; Windows NT 5.1; en-US; rv:1.9.1.7) Gecko/20091221 Firefox/3.5.7 GTB6"
147.251.8.138 - - [15/Feb/2010:14:30:28 -0500] "GET /cgi-bin/users/rmuhamma/Counter/livecntr.cgi?4+6 HTTP/1.1" 404 322 "http://www.personal.kent.edu/~rmuhamma/" "Mozilla/5.0 (Windows; U; Windows NT 5.1; en-US; rv:1.9.1.7) Gecko/20091221 Firefox/3.5.7 GTB6"
147.251.8.138 - - [15/Feb/2010:14:30:28 -0500] "GET /cgi-bin/users/rmuhamma/Counter/livecntr.cgi?5+6 HTTP/1.1" 404 322 "http://www.personal.kent.edu/~rmuhamma/" "Mozilla/5.0 (Windows; U; Windows NT 5.1; en-US; rv:1.9.1.7) Gecko/20091221 Firefox/3.5.7 GTB6"
131.123.35.25 - - [15/Feb/2010:14:34:42 -0500] "GET / HTTP/1.1" 200 - "-" "Hobbit bbtest-net/4.2.3"
67.195.115.99 - - [15/Feb/2010:14:35:04 -0500] "GET /~jbrownel/archive HTTP/1.0" 301 330 "-" "Mozilla/5.0 (compatible; Yahoo! Slurp/3.0; http://help.yahoo.com/help/us/ysearch/slurp)"
67.195.115.99 - - [15/Feb/2010:14:35:05 -0500] "GET /~jbrownel/archive/ HTTP/1.0" 200 1509 "-" "Mozilla/5.0 (compatible; Yahoo! Slurp/3.0; http://help.yahoo.com/help/us/ysearch/slurp)"
131.123.35.25 - - [15/Feb/2010:14:39:47 -0500] "GET / HTTP/1.1" 200 - "-" "Hobbit bbtest-net/4.2.3"
131.123.35.25 - - [15/Feb/2010:14:44:42 -0500] "GET / HTTP/1.1" 200 - "-" "Hobbit bbtest-net/4.2.3"
131.123.35.13 - - [15/Feb/2010:14:44:46 -0500] "GET /10051/ HTTP/1.1" 200 6245 "http://www.cs.kent.edu/~volkert/" "Mozilla/5.0 (X11; U; Linux i686; en-US; rv:1.9.0.16) Gecko/2009121708 CentOS/3.0.16-1.el5.centos Firefox/3.0.16"
131.123.35.13 - - [15/Feb/2010:14:44:46 -0500] "GET /10051/10051.css HTTP/1.1" 200 1734 "http://cgi.cs.kent.edu/10051/" "Mozilla/5.0 (X11; U; Linux i686; en-US; rv:1.9.0.16) Gecko/2009121708 CentOS/3.0.16-1.el5.centos Firefox/3.0.16"
131.123.35.13 - - [15/Feb/2010:14:44:46 -0500] "GET /10051/graphics/10051.png HTTP/1.1" 200 10813 "http://cgi.cs.kent.edu/10051/" "Mozilla/5.0 (X11; U; Linux i686; en-US; rv:1.9.0.16) Gecko/2009121708 CentOS/3.0.16-1.el5.centos Firefox/3.0.16"
131.123.35.13 - - [15/Feb/2010:14:44:46 -0500] "GET /10051/graphics/cleardot.gif HTTP/1.1" 200 49 "http://cgi.cs.kent.edu/10051/" "Mozilla/5.0 (X11; U; Linux i686; en-US; rv:1.9.0.16) Gecko/2009121708 CentOS/3.0.16-1.el5.centos Firefox/3.0.16"
131.123.35.13 - - [15/Feb/2010:14:44:46 -0500] "GET /10051/graphics/bottom.gif HTTP/1.1" 200 1217 "http://cgi.cs.kent.edu/10051/" "Mozilla/5.0 (X11; U; Linux i686; en-US; rv:1.9.0.16) Gecko/2009121708 CentOS/3.0.16-1.el5.centos Firefox/3.0.16"
131.123.35.13 - - [15/Feb/2010:14:44:46 -0500] "GET /favicon.ico HTTP/1.1" 404 290 "-" "Mozilla/5.0 (X11; U; Linux i686; en-US; rv:1.9.0.16) Gecko/2009121708 CentOS/3.0.16-1.el5.centos Firefox/3.0.16"
131.123.35.13 - - [15/Feb/2010:14:44:47 -0500] "GET /favicon.ico HTTP/1.1" 404 290 "-" "Mozilla/5.0 (X11; U; Linux i686; en-US; rv:1.9.0.16) Gecko/2009121708 CentOS/3.0.16-1.el5.centos Firefox/3.0.16"
131.123.49.118 - - [15/Feb/2010:14:49:38 -0500] "GET /10051/evehomework.html HTTP/1.1" 200 11206 "http://monkey.cs.kent.edu/10051/index.html" "Mozilla/5.0 (Windows; U; Windows NT 6.0; en-US; rv:1.9.1.7) Gecko/20091221 Firefox/3.5.7"
131.123.49.118 - - [15/Feb/2010:14:49:41 -0500] "GET /favicon.ico HTTP/1.1" 404 290 "-" "Mozilla/5.0 (Windows; U; Windows NT 6.0; en-US; rv:1.9.1.7) Gecko/20091221 Firefox/3.5.7"
131.123.35.25 - - [15/Feb/2010:14:49:47 -0500] "GET / HTTP/1.1" 200 - "-" "Hobbit bbtest-net/4.2.3"
131.123.35.25 - - [15/Feb/2010:14:54:42 -0500] "GET / HTTP/1.1" 200 - "-" "Hobbit bbtest-net/4.2.3"
131.123.33.144 - - [15/Feb/2010:14:55:21 -0500] "GET /~skhasawn HTTP/1.1" 301 322 "-" "Mozilla/4.0 (compatible; MSIE 7.0; Windows NT 6.0; SLCC1; .NET CLR 2.0.50727; Media Center PC 5.0; .NET CLR 3.5.30729; .NET CLR 3.0.30618; yie8)"
131.123.33.144 - - [15/Feb/2010:14:55:21 -0500] "GET /~skhasawn/ HTTP/1.1" 200 1956 "-" "Mozilla/4.0 (compatible; MSIE 7.0; Windows NT 6.0; SLCC1; .NET CLR 2.0.50727; Media Center PC 5.0; .NET CLR 3.5.30729; .NET CLR 3.0.30618; yie8)"
131.123.33.144 - - [15/Feb/2010:14:55:21 -0500] "GET /~skhasawn/images/me.JPG HTTP/1.1" 200 1439763 "http://cgi.cs.kent.edu/~skhasawn/" "Mozilla/4.0 (compatible; MSIE 7.0; Windows NT 6.0; SLCC1; .NET CLR 2.0.50727; Media Center PC 5.0; .NET CLR 3.5.30729; .NET CLR 3.0.30618; yie8)"
131.123.33.144 - - [15/Feb/2010:14:55:27 -0500] "GET /~skhasawn/testing/index.html HTTP/1.1" 404 307 "-" "Mozilla/4.0 (compatible; MSIE 7.0; Windows NT 6.0; SLCC1; .NET CLR 2.0.50727; Media Center PC 5.0; .NET CLR 3.5.30729; .NET CLR 3.0.30618; yie8)"
188.92.75.14 - - [15/Feb/2010:14:55:44 -0500] "GET /~dzeller/wdp2/admin.html HTTP/1.1" 200 3649 "-" "Mozilla/4.0 (compatible; MSIE 6.0; Windows NT 5.1; SV1)"
131.123.33.144 - - [15/Feb/2010:14:55:46 -0500] "GET /~skhasawn/testing/index.html HTTP/1.1" 404 307 "-" "Mozilla/4.0 (compatible; MSIE 7.0; Windows NT 6.0; SLCC1; .NET CLR 2.0.50727; Media Center PC 5.0; .NET CLR 3.5.30729; .NET CLR 3.0.30618; yie8)"
131.123.33.144 - - [15/Feb/2010:14:55:48 -0500] "GET /~skhasawn/testing/index.html HTTP/1.1" 404 307 "-" "Mozilla/4.0 (compatible; MSIE 7.0; Windows NT 6.0; SLCC1; .NET CLR 2.0.50727; Media Center PC 5.0; .NET CLR 3.5.30729; .NET CLR 3.0.30618; yie8)"
131.123.33.144 - - [15/Feb/2010:14:55:50 -0500] "GET /~skhasawn/testing/index.html HTTP/1.1" 404 307 "-" "Mozilla/4.0 (compatible; MSIE 7.0; Windows NT 6.0; SLCC1; .NET CLR 2.0.50727; Media Center PC 5.0; .NET CLR 3.5.30729; .NET CLR 3.0.30618; yie8)"
131.123.35.25 - - [15/Feb/2010:14:59:47 -0500] "GET / HTTP/1.1" 200 - "-" "Hobbit bbtest-net/4.2.3"
76.188.40.251 - - [15/Feb/2010:15:03:49 -0500] "GET /~acook/PolicyStatement.pdf HTTP/1.1" 200 35419 "http://www.google.com/custom?q=class+attendance&domains=kent.edu&sitesearch=kent.edu" "Mozilla/4.0 (compatible; MSIE 8.0; Windows NT 6.1; WOW64; Trident/4.0; GTB6.4; SLCC2; .NET CLR 2.0.50727; .NET CLR 3.5.30729; .NET CLR 3.0.30729; Media Center PC 6.0; eSobiSubscriber 2.0.4.16)"
131.123.35.25 - - [15/Feb/2010:15:04:43 -0500] "GET / HTTP/1.1" 200 - "-" "Hobbit bbtest-net/4.2.3"
74.193.74.242 - - [15/Feb/2010:15:08:24 -0500] "POST http://cgi.mcs.kent.edu/cgi-bin/users/kkoch/guestbook.cgi HTTP/1.1" 404 313 "http://cgi.mcs.kent.edu/cgi-bin/users/kkoch/guestbook.cgi" "Mozilla/4.0 (compatible; MSIE 6.0; Windows NT 5.1; SV1)"
202.108.50.76 - - [15/Feb/2010:15:08:28 -0500] "POST /cgi-bin/users/kkoch/guestbook.cgi HTTP/1.1" 404 313 "http://cgi.mcs.kent.edu/cgi-bin/users/kkoch/guestbook.cgi" "Mozilla/4.0 (compatible; MSIE 6.0; Windows NT 5.1; SV1)"
131.123.35.25 - - [15/Feb/2010:15:09:48 -0500] "GET / HTTP/1.1" 200 - "-" "Hobbit bbtest-net/4.2.3"
131.123.35.25 - - [15/Feb/2010:15:14:43 -0500] "GET / HTTP/1.1" 200 - "-" "Hobbit bbtest-net/4.2.3"
131.123.35.25 - - [15/Feb/2010:15:19:48 -0500] "GET / HTTP/1.1" 200 - "-" "Hobbit bbtest-net/4.2.3"
131.123.35.25 - - [15/Feb/2010:15:24:43 -0500] "GET / HTTP/1.1" 200 - "-" "Hobbit bbtest-net/4.2.3"
131.123.35.25 - - [15/Feb/2010:15:29:48 -0500] "GET / HTTP/1.1" 200 - "-" "Hobbit bbtest-net/4.2.3"
131.123.35.25 - - [15/Feb/2010:15:34:44 -0500] "GET / HTTP/1.1" 200 - "-" "Hobbit bbtest-net/4.2.3"
131.123.35.25 - - [15/Feb/2010:15:39:49 -0500] "GET / HTTP/1.1" 200 - "-" "Hobbit bbtest-net/4.2.3"
131.123.35.25 - - [15/Feb/2010:15:44:44 -0500] "GET / HTTP/1.1" 200 - "-" "Hobbit bbtest-net/4.2.3"
131.123.35.25 - - [15/Feb/2010:15:49:49 -0500] "GET / HTTP/1.1" 200 - "-" "Hobbit bbtest-net/4.2.3"
131.123.35.25 - - [15/Feb/2010:15:54:44 -0500] "GET / HTTP/1.1" 200 - "-" "Hobbit bbtest-net/4.2.3"
131.123.35.25 - - [15/Feb/2010:15:59:49 -0500] "GET / HTTP/1.1" 200 - "-" "Hobbit bbtest-net/4.2.3"
131.123.35.25 - - [15/Feb/2010:16:04:45 -0500] "GET / HTTP/1.1" 200 - "-" "Hobbit bbtest-net/4.2.3"
131.123.35.25 - - [15/Feb/2010:16:09:50 -0500] "GET / HTTP/1.1" 200 - "-" "Hobbit bbtest-net/4.2.3"
75.179.25.177 - - [15/Feb/2010:16:10:07 -0500] "GET /10051/dayhomework.html HTTP/1.1" 200 9142 "-" "Mozilla/5.0 (Windows; U; Windows NT 6.1; en-US) AppleWebKit/532.5 (KHTML, like Gecko) Chrome/4.0.249.89 Safari/532.5"
75.179.25.177 - - [15/Feb/2010:16:10:07 -0500] "GET /favicon.ico HTTP/1.1" 404 290 "-" "Mozilla/5.0 (Windows; U; Windows NT 6.1; en-US) AppleWebKit/532.5 (KHTML, like Gecko) Chrome/4.0.249.89 Safari/532.5"
24.29.234.232 - - [15/Feb/2010:16:11:39 -0500] "GET /10051/ HTTP/1.1" 200 6245 "-" "Mozilla/5.0 (Macintosh; U; Intel Mac OS X 10_6_2; en-us) AppleWebKit/531.21.8 (KHTML, like Gecko) Version/4.0.4 Safari/531.21.10"
24.29.234.232 - - [15/Feb/2010:16:11:41 -0500] "GET /10051/homework.html HTTP/1.1" 200 2412 "http://cgi.cs.kent.edu/10051/" "Mozilla/5.0 (Macintosh; U; Intel Mac OS X 10_6_2; en-us) AppleWebKit/531.21.8 (KHTML, like Gecko) Version/4.0.4 Safari/531.21.10"
24.29.234.232 - - [15/Feb/2010:16:11:44 -0500] "GET /10051/evehomework.html HTTP/1.1" 200 11206 "http://cgi.cs.kent.edu/10051/homework.html" "Mozilla/5.0 (Macintosh; U; Intel Mac OS X 10_6_2; en-us) AppleWebKit/531.21.8 (KHTML, like Gecko) Version/4.0.4 Safari/531.21.10"
131.123.35.25 - - [15/Feb/2010:16:14:45 -0500] "GET / HTTP/1.1" 200 - "-" "Hobbit bbtest-net/4.2.3"
131.123.35.25 - - [15/Feb/2010:16:19:50 -0500] "GET / HTTP/1.1" 200 - "-" "Hobbit bbtest-net/4.2.3"
174.129.28.18 - - [15/Feb/2010:16:20:24 -0500] "POST /cgi-bin/users/kkoch/guestbook.cgi HTTP/1.1" 404 313 "http://cgi.mcs.kent.edu/cgi-bin/users/kkoch/guestbook.cgi" "Mozilla/4.0 (compatible; MSIE 6.0; Windows NT 5.1; SV1)"
131.123.35.25 - - [15/Feb/2010:16:24:45 -0500] "GET / HTTP/1.1" 200 - "-" "Hobbit bbtest-net/4.2.3"
67.195.115.99 - - [15/Feb/2010:16:25:36 -0500] "GET /robots.txt HTTP/1.0" 404 289 "-" "Mozilla/5.0 (compatible; Yahoo! Slurp; http://help.yahoo.com/help/us/ysearch/slurp)"
67.195.115.99 - - [15/Feb/2010:16:25:36 -0500] "GET /10051/instructors.html HTTP/1.0" 200 4350 "-" "Mozilla/5.0 (compatible; Yahoo! Slurp/3.0; http://help.yahoo.com/help/us/ysearch/slurp)"
67.195.115.99 - - [15/Feb/2010:16:25:36 -0500] "GET /10051/10051.css HTTP/1.0" 200 1734 "http://cgi.cs.kent.edu/10051/instructors.html" "Mozilla/5.0 (compatible; Yahoo! Slurp/3.0; http://help.yahoo.com/help/us/ysearch/slurp)"
75.179.25.177 - - [15/Feb/2010:16:27:25 -0500] "GET /10051/dayhomework.html HTTP/1.1" 200 9142 "-" "Mozilla/5.0 (Windows; U; Windows NT 6.1; en-US) AppleWebKit/532.5 (KHTML, like Gecko) Chrome/4.0.249.89 Safari/532.5"
75.179.25.177 - - [15/Feb/2010:16:27:25 -0500] "GET /favicon.ico HTTP/1.1" 404 290 "-" "Mozilla/5.0 (Windows; U; Windows NT 6.1; en-US) AppleWebKit/532.5 (KHTML, like Gecko) Chrome/4.0.249.89 Safari/532.5"
67.218.116.134 - - [15/Feb/2010:16:28:09 -0500] "GET /10051/resources/UNIX_commands_reference_card.pdf HTTP/1.1" 200 13069 "-" "Mozilla/5.0 (Twiceler-0.9 http://www.cuil.com/twiceler/robot.html)"
131.123.35.25 - - [15/Feb/2010:16:29:45 -0500] "GET / HTTP/1.1" 200 - "-" "Hobbit bbtest-net/4.2.3"
131.123.35.25 - - [15/Feb/2010:16:34:45 -0500] "GET / HTTP/1.1" 200 - "-" "Hobbit bbtest-net/4.2.3"
165.91.4.186 - - [15/Feb/2010:16:35:25 -0500] "GET /cgi-bin/users/rmuhamma/Counter/livecntr.cgi?0+6 HTTP/1.1" 404 322 "http://www.personal.kent.edu/~rmuhamma/" "Mozilla/4.0 (compatible; MSIE 8.0; Windows NT 5.1; Trident/4.0; .NET CLR 2.0.50727; .NET CLR 3.0.04506.648; .NET CLR 3.5.21022; InfoPath.2; .NET CLR 3.0.4506.2152; .NET CLR 3.5.30729)"
165.91.4.186 - - [15/Feb/2010:16:35:25 -0500] "GET /cgi-bin/users/rmuhamma/Counter/livecntr.cgi?1+6 HTTP/1.1" 404 322 "http://www.personal.kent.edu/~rmuhamma/" "Mozilla/4.0 (compatible; MSIE 8.0; Windows NT 5.1; Trident/4.0; .NET CLR 2.0.50727; .NET CLR 3.0.04506.648; .NET CLR 3.5.21022; InfoPath.2; .NET CLR 3.0.4506.2152; .NET CLR 3.5.30729)"
165.91.4.186 - - [15/Feb/2010:16:35:25 -0500] "GET /cgi-bin/users/rmuhamma/Counter/livecntr.cgi?4+6 HTTP/1.1" 404 322 "http://www.personal.kent.edu/~rmuhamma/" "Mozilla/4.0 (compatible; MSIE 8.0; Windows NT 5.1; Trident/4.0; .NET CLR 2.0.50727; .NET CLR 3.0.04506.648; .NET CLR 3.5.21022; InfoPath.2; .NET CLR 3.0.4506.2152; .NET CLR 3.5.30729)"
165.91.4.186 - - [15/Feb/2010:16:35:25 -0500] "GET /cgi-bin/users/rmuhamma/Counter/livecntr.cgi?5+6 HTTP/1.1" 404 322 "http://www.personal.kent.edu/~rmuhamma/" "Mozilla/4.0 (compatible; MSIE 8.0; Windows NT 5.1; Trident/4.0; .NET CLR 2.0.50727; .NET CLR 3.0.04506.648; .NET CLR 3.5.21022; InfoPath.2; .NET CLR 3.0.4506.2152; .NET CLR 3.5.30729)"
165.91.4.186 - - [15/Feb/2010:16:35:25 -0500] "GET /cgi-bin/users/rmuhamma/Counter/livecntr.cgi?3+6 HTTP/1.1" 404 322 "http://www.personal.kent.edu/~rmuhamma/" "Mozilla/4.0 (compatible; MSIE 8.0; Windows NT 5.1; Trident/4.0; .NET CLR 2.0.50727; .NET CLR 3.0.04506.648; .NET CLR 3.5.21022; InfoPath.2; .NET CLR 3.0.4506.2152; .NET CLR 3.5.30729)"
165.91.4.186 - - [15/Feb/2010:16:35:25 -0500] "GET /cgi-bin/users/rmuhamma/Counter/livecntr.cgi?2+6 HTTP/1.1" 404 322 "http://www.personal.kent.edu/~rmuhamma/" "Mozilla/4.0 (compatible; MSIE 8.0; Windows NT 5.1; Trident/4.0; .NET CLR 2.0.50727; .NET CLR 3.0.04506.648; .NET CLR 3.5.21022; InfoPath.2; .NET CLR 3.0.4506.2152; .NET CLR 3.5.30729)"
165.91.4.186 - - [15/Feb/2010:16:35:35 -0500] "GET /cgi-bin/users/rmuhamma/Counter/livecntr.cgi?0+6 HTTP/1.1" 404 322 "http://www.personal.kent.edu/~rmuhamma/" "Mozilla/4.0 (compatible; MSIE 8.0; Windows NT 5.1; Trident/4.0; .NET CLR 2.0.50727; .NET CLR 3.0.04506.648; .NET CLR 3.5.21022; InfoPath.2; .NET CLR 3.0.4506.2152; .NET CLR 3.5.30729)"
165.91.4.186 - - [15/Feb/2010:16:35:35 -0500] "GET /cgi-bin/users/rmuhamma/Counter/livecntr.cgi?2+6 HTTP/1.1" 404 322 "http://www.personal.kent.edu/~rmuhamma/" "Mozilla/4.0 (compatible; MSIE 8.0; Windows NT 5.1; Trident/4.0; .NET CLR 2.0.50727; .NET CLR 3.0.04506.648; .NET CLR 3.5.21022; InfoPath.2; .NET CLR 3.0.4506.2152; .NET CLR 3.5.30729)"
165.91.4.186 - - [15/Feb/2010:16:35:35 -0500] "GET /cgi-bin/users/rmuhamma/Counter/livecntr.cgi?3+6 HTTP/1.1" 404 322 "http://www.personal.kent.edu/~rmuhamma/" "Mozilla/4.0 (compatible; MSIE 8.0; Windows NT 5.1; Trident/4.0; .NET CLR 2.0.50727; .NET CLR 3.0.04506.648; .NET CLR 3.5.21022; InfoPath.2; .NET CLR 3.0.4506.2152; .NET CLR 3.5.30729)"
165.91.4.186 - - [15/Feb/2010:16:35:35 -0500] "GET /cgi-bin/users/rmuhamma/Counter/livecntr.cgi?1+6 HTTP/1.1" 404 322 "http://www.personal.kent.edu/~rmuhamma/" "Mozilla/4.0 (compatible; MSIE 8.0; Windows NT 5.1; Trident/4.0; .NET CLR 2.0.50727; .NET CLR 3.0.04506.648; .NET CLR 3.5.21022; InfoPath.2; .NET CLR 3.0.4506.2152; .NET CLR 3.5.30729)"
165.91.4.186 - - [15/Feb/2010:16:35:35 -0500] "GET /cgi-bin/users/rmuhamma/Counter/livecntr.cgi?4+6 HTTP/1.1" 404 322 "http://www.personal.kent.edu/~rmuhamma/" "Mozilla/4.0 (compatible; MSIE 8.0; Windows NT 5.1; Trident/4.0; .NET CLR 2.0.50727; .NET CLR 3.0.04506.648; .NET CLR 3.5.21022; InfoPath.2; .NET CLR 3.0.4506.2152; .NET CLR 3.5.30729)"
165.91.4.186 - - [15/Feb/2010:16:35:35 -0500] "GET /cgi-bin/users/rmuhamma/Counter/livecntr.cgi?5+6 HTTP/1.1" 404 322 "http://www.personal.kent.edu/~rmuhamma/" "Mozilla/4.0 (compatible; MSIE 8.0; Windows NT 5.1; Trident/4.0; .NET CLR 2.0.50727; .NET CLR 3.0.04506.648; .NET CLR 3.5.21022; InfoPath.2; .NET CLR 3.0.4506.2152; .NET CLR 3.5.30729)"
67.19.79.218 - - [15/Feb/2010:16:37:45 -0500] "GET /robots.txt HTTP/1.0" 404 289 "-" "Mozilla/4.0 (compatible; MSIE 5.01; Windows NT)"
131.123.35.25 - - [15/Feb/2010:16:39:51 -0500] "GET / HTTP/1.1" 200 - "-" "Hobbit bbtest-net/4.2.3"
131.107.0.103 - - [15/Feb/2010:16:41:56 -0500] "GET /cgi-bin/users/rmuhamma/Counter/livecntr.cgi?1+6 HTTP/1.1" 404 322 "http://www.personal.kent.edu/~rmuhamma/" "Mozilla/4.0 (compatible; MSIE 8.0; Windows NT 6.1; WOW64; Trident/4.0; SLCC2; .NET CLR 2.0.50727; .NET CLR 3.5.30729; .NET CLR 3.0.30729; Media Center PC 6.0; InfoPath.2; .NET CLR 1.1.4322; .NET4.0C; Zune 4.0; MS-RTC LM 8)"
131.107.0.103 - - [15/Feb/2010:16:41:56 -0500] "GET /cgi-bin/users/rmuhamma/Counter/livecntr.cgi?3+6 HTTP/1.1" 404 322 "http://www.personal.kent.edu/~rmuhamma/" "Mozilla/4.0 (compatible; MSIE 8.0; Windows NT 6.1; WOW64; Trident/4.0; SLCC2; .NET CLR 2.0.50727; .NET CLR 3.5.30729; .NET CLR 3.0.30729; Media Center PC 6.0; InfoPath.2; .NET CLR 1.1.4322; .NET4.0C; Zune 4.0; MS-RTC LM 8)"
131.107.0.103 - - [15/Feb/2010:16:41:56 -0500] "GET /cgi-bin/users/rmuhamma/Counter/livecntr.cgi?0+6 HTTP/1.1" 404 322 "http://www.personal.kent.edu/~rmuhamma/" "Mozilla/4.0 (compatible; MSIE 8.0; Windows NT 6.1; WOW64; Trident/4.0; SLCC2; .NET CLR 2.0.50727; .NET CLR 3.5.30729; .NET CLR 3.0.30729; Media Center PC 6.0; InfoPath.2; .NET CLR 1.1.4322; .NET4.0C; Zune 4.0; MS-RTC LM 8)"
131.107.0.103 - - [15/Feb/2010:16:41:56 -0500] "GET /cgi-bin/users/rmuhamma/Counter/livecntr.cgi?2+6 HTTP/1.1" 404 322 "http://www.personal.kent.edu/~rmuhamma/" "Mozilla/4.0 (compatible; MSIE 8.0; Windows NT 6.1; WOW64; Trident/4.0; SLCC2; .NET CLR 2.0.50727; .NET CLR 3.5.30729; .NET CLR 3.0.30729; Media Center PC 6.0; InfoPath.2; .NET CLR 1.1.4322; .NET4.0C; Zune 4.0; MS-RTC LM 8)"
131.107.0.103 - - [15/Feb/2010:16:41:56 -0500] "GET /cgi-bin/users/rmuhamma/Counter/livecntr.cgi?4+6 HTTP/1.1" 404 322 "http://www.personal.kent.edu/~rmuhamma/" "Mozilla/4.0 (compatible; MSIE 8.0; Windows NT 6.1; WOW64; Trident/4.0; SLCC2; .NET CLR 2.0.50727; .NET CLR 3.5.30729; .NET CLR 3.0.30729; Media Center PC 6.0; InfoPath.2; .NET CLR 1.1.4322; .NET4.0C; Zune 4.0; MS-RTC LM 8)"
131.107.0.103 - - [15/Feb/2010:16:41:56 -0500] "GET /cgi-bin/users/rmuhamma/Counter/livecntr.cgi?5+6 HTTP/1.1" 404 322 "http://www.personal.kent.edu/~rmuhamma/" "Mozilla/4.0 (compatible; MSIE 8.0; Windows NT 6.1; WOW64; Trident/4.0; SLCC2; .NET CLR 2.0.50727; .NET CLR 3.5.30729; .NET CLR 3.0.30729; Media Center PC 6.0; InfoPath.2; .NET CLR 1.1.4322; .NET4.0C; Zune 4.0; MS-RTC LM 8)"
131.123.35.25 - - [15/Feb/2010:16:44:46 -0500] "GET / HTTP/1.1" 200 - "-" "Hobbit bbtest-net/4.2.3"
58.177.209.216 - - [15/Feb/2010:16:46:40 -0500] "GET /user/soapCaller.bs HTTP/1.1" 404 295 "-" "Morfeus Fucking Scanner"
131.123.35.25 - - [15/Feb/2010:16:49:51 -0500] "GET / HTTP/1.1" 200 - "-" "Hobbit bbtest-net/4.2.3"
131.123.57.27 - - [15/Feb/2010:16:52:02 -0500] "GET /10051/ HTTP/1.1" 200 6245 "http://www.cs.kent.edu/~volkert/" "Mozilla/4.0 (compatible; MSIE 7.0; Windows NT 5.1; InfoPath.2)"
131.123.57.27 - - [15/Feb/2010:16:52:02 -0500] "GET /10051/10051.css HTTP/1.1" 200 1734 "http://cgi.cs.kent.edu/10051/" "Mozilla/4.0 (compatible; MSIE 7.0; Windows NT 5.1; InfoPath.2)"
131.123.57.27 - - [15/Feb/2010:16:52:02 -0500] "GET /10051/graphics/10051.png HTTP/1.1" 200 10813 "http://cgi.cs.kent.edu/10051/" "Mozilla/4.0 (compatible; MSIE 7.0; Windows NT 5.1; InfoPath.2)"
131.123.57.27 - - [15/Feb/2010:16:52:02 -0500] "GET /10051/graphics/cleardot.gif HTTP/1.1" 200 49 "http://cgi.cs.kent.edu/10051/" "Mozilla/4.0 (compatible; MSIE 7.0; Windows NT 5.1; InfoPath.2)"
131.123.57.27 - - [15/Feb/2010:16:52:02 -0500] "GET /10051/graphics/bottom.gif HTTP/1.1" 200 1217 "http://cgi.cs.kent.edu/10051/" "Mozilla/4.0 (compatible; MSIE 7.0; Windows NT 5.1; InfoPath.2)"
131.123.57.27 - - [15/Feb/2010:16:52:02 -0500] "GET /favicon.ico HTTP/1.1" 404 290 "-" "Mozilla/4.0 (compatible; MSIE 7.0; Windows NT 5.1; InfoPath.2)"
131.123.57.27 - - [15/Feb/2010:16:52:04 -0500] "GET /10051/homework.html HTTP/1.1" 200 2412 "http://cgi.cs.kent.edu/10051/" "Mozilla/4.0 (compatible; MSIE 7.0; Windows NT 5.1; InfoPath.2)"
131.123.57.27 - - [15/Feb/2010:16:52:05 -0500] "GET /10051/dayhomework.html HTTP/1.1" 200 9142 "http://cgi.cs.kent.edu/10051/homework.html" "Mozilla/4.0 (compatible; MSIE 7.0; Windows NT 5.1; InfoPath.2)"
131.123.35.25 - - [15/Feb/2010:16:54:46 -0500] "GET / HTTP/1.1" 200 - "-" "Hobbit bbtest-net/4.2.3"
131.123.35.25 - - [15/Feb/2010:16:59:51 -0500] "GET / HTTP/1.1" 200 - "-" "Hobbit bbtest-net/4.2.3"
67.195.115.99 - - [15/Feb/2010:17:00:11 -0500] "GET /10051/resources/3/src/math4.cpp HTTP/1.0" 200 644 "-" "Mozilla/5.0 (compatible; Yahoo! Slurp/3.0; http://help.yahoo.com/help/us/ysearch/slurp)"
76.251.54.118 - - [15/Feb/2010:17:04:25 -0500] "GET /10051/ HTTP/1.1" 200 6245 "http://www.cs.kent.edu/~volkert/" "Mozilla/5.0 (Windows; U; Windows NT 5.1; en-US; rv:1.9.1.7) Gecko/20091221 Firefox/3.5.7 (.NET CLR 3.5.30729)"
76.251.54.118 - - [15/Feb/2010:17:04:25 -0500] "GET /10051/10051.css HTTP/1.1" 200 1734 "http://cgi.cs.kent.edu/10051/" "Mozilla/5.0 (Windows; U; Windows NT 5.1; en-US; rv:1.9.1.7) Gecko/20091221 Firefox/3.5.7 (.NET CLR 3.5.30729)"
76.251.54.118 - - [15/Feb/2010:17:04:25 -0500] "GET /10051/graphics/10051.png HTTP/1.1" 200 10813 "http://cgi.cs.kent.edu/10051/" "Mozilla/5.0 (Windows; U; Windows NT 5.1; en-US; rv:1.9.1.7) Gecko/20091221 Firefox/3.5.7 (.NET CLR 3.5.30729)"
76.251.54.118 - - [15/Feb/2010:17:04:25 -0500] "GET /10051/graphics/cleardot.gif HTTP/1.1" 200 49 "http://cgi.cs.kent.edu/10051/" "Mozilla/5.0 (Windows; U; Windows NT 5.1; en-US; rv:1.9.1.7) Gecko/20091221 Firefox/3.5.7 (.NET CLR 3.5.30729)"
76.251.54.118 - - [15/Feb/2010:17:04:25 -0500] "GET /10051/graphics/bottom.gif HTTP/1.1" 200 1217 "http://cgi.cs.kent.edu/10051/" "Mozilla/5.0 (Windows; U; Windows NT 5.1; en-US; rv:1.9.1.7) Gecko/20091221 Firefox/3.5.7 (.NET CLR 3.5.30729)"
76.251.54.118 - - [15/Feb/2010:17:04:25 -0500] "GET /favicon.ico HTTP/1.1" 404 290 "-" "Mozilla/5.0 (Windows; U; Windows NT 5.1; en-US; rv:1.9.1.7) Gecko/20091221 Firefox/3.5.7 (.NET CLR 3.5.30729)"
76.251.54.118 - - [15/Feb/2010:17:04:28 -0500] "GET /favicon.ico HTTP/1.1" 404 290 "-" "Mozilla/5.0 (Windows; U; Windows NT 5.1; en-US; rv:1.9.1.7) Gecko/20091221 Firefox/3.5.7 (.NET CLR 3.5.30729)"
76.251.54.118 - - [15/Feb/2010:17:04:28 -0500] "GET /10051/schedule.html HTTP/1.1" 200 2464 "http://cgi.cs.kent.edu/10051/" "Mozilla/5.0 (Windows; U; Windows NT 5.1; en-US; rv:1.9.1.7) Gecko/20091221 Firefox/3.5.7 (.NET CLR 3.5.30729)"
131.123.35.25 - - [15/Feb/2010:17:04:47 -0500] "GET / HTTP/1.1" 200 - "-" "Hobbit bbtest-net/4.2.3"
217.173.187.74 - - [15/Feb/2010:17:07:17 -0500] "GET /cgi-bin/users/rmuhamma/Counter/livecntr.cgi?0+6 HTTP/1.1" 404 322 "http://www.personal.kent.edu/~rmuhamma/" "Mozilla/5.0 (Windows; U; Windows NT 6.1; pl; rv:1.9.2) Gecko/20100115 Firefox/3.6"
217.173.187.74 - - [15/Feb/2010:17:07:17 -0500] "GET /cgi-bin/users/rmuhamma/Counter/livecntr.cgi?1+6 HTTP/1.1" 404 322 "http://www.personal.kent.edu/~rmuhamma/" "Mozilla/5.0 (Windows; U; Windows NT 6.1; pl; rv:1.9.2) Gecko/20100115 Firefox/3.6"
217.173.187.74 - - [15/Feb/2010:17:07:17 -0500] "GET /cgi-bin/users/rmuhamma/Counter/livecntr.cgi?2+6 HTTP/1.1" 404 322 "http://www.personal.kent.edu/~rmuhamma/" "Mozilla/5.0 (Windows; U; Windows NT 6.1; pl; rv:1.9.2) Gecko/20100115 Firefox/3.6"
217.173.187.74 - - [15/Feb/2010:17:07:17 -0500] "GET /cgi-bin/users/rmuhamma/Counter/livecntr.cgi?3+6 HTTP/1.1" 404 322 "http://www.personal.kent.edu/~rmuhamma/" "Mozilla/5.0 (Windows; U; Windows NT 6.1; pl; rv:1.9.2) Gecko/20100115 Firefox/3.6"
217.173.187.74 - - [15/Feb/2010:17:07:17 -0500] "GET /cgi-bin/users/rmuhamma/Counter/livecntr.cgi?4+6 HTTP/1.1" 404 322 "http://www.personal.kent.edu/~rmuhamma/" "Mozilla/5.0 (Windows; U; Windows NT 6.1; pl; rv:1.9.2) Gecko/20100115 Firefox/3.6"
217.173.187.74 - - [15/Feb/2010:17:07:17 -0500] "GET /cgi-bin/users/rmuhamma/Counter/livecntr.cgi?5+6 HTTP/1.1" 404 322 "http://www.personal.kent.edu/~rmuhamma/" "Mozilla/5.0 (Windows; U; Windows NT 6.1; pl; rv:1.9.2) Gecko/20100115 Firefox/3.6"
65.55.106.205 - - [15/Feb/2010:17:09:36 -0500] "GET /robots.txt HTTP/1.1" 404 289 "-" "msnbot/2.0b (+http://search.msn.com/msnbot.htm)"
131.123.35.25 - - [15/Feb/2010:17:09:52 -0500] "GET / HTTP/1.1" 200 - "-" "Hobbit bbtest-net/4.2.3"
65.55.106.205 - - [15/Feb/2010:17:10:21 -0500] "GET /10051/ HTTP/1.1" 200 6245 "-" "msnbot/2.0b (+http://search.msn.com/msnbot.htm)"
131.123.35.25 - - [15/Feb/2010:17:14:47 -0500] "GET / HTTP/1.1" 200 - "-" "Hobbit bbtest-net/4.2.3"
131.123.35.25 - - [15/Feb/2010:17:19:52 -0500] "GET / HTTP/1.1" 200 - "-" "Hobbit bbtest-net/4.2.3"
131.123.35.25 - - [15/Feb/2010:17:24:47 -0500] "GET / HTTP/1.1" 200 - "-" "Hobbit bbtest-net/4.2.3"
93.214.183.47 - - [15/Feb/2010:17:27:40 -0500] "GET /cgi-bin/users/adavis/project/guest.pl HTTP/1.1" 404 317 "-" "jvx0 jet em0lbiypkhiBBoqynwjbvknn"
220.136.69.160 - - [15/Feb/2010:17:27:41 -0500] "POST /cgi-bin/users/kkoch/guestbook.cgi HTTP/1.1" 404 313 "http://cgi.mcs.kent.edu/cgi-bin/users/kkoch/guestbook.cgi" "Mozilla/4.0 (compatible; MSIE 6.0; Windows NT 5.1; SV1)"
131.123.35.25 - - [15/Feb/2010:17:29:52 -0500] "GET / HTTP/1.1" 200 - "-" "Hobbit bbtest-net/4.2.3"
131.123.35.25 - - [15/Feb/2010:17:34:48 -0500] "GET / HTTP/1.1" 200 - "-" "Hobbit bbtest-net/4.2.3"
131.123.35.25 - - [15/Feb/2010:17:39:53 -0500] "GET / HTTP/1.1" 200 - "-" "Hobbit bbtest-net/4.2.3"
24.29.234.232 - - [15/Feb/2010:17:40:51 -0500] "GET /10051/ HTTP/1.1" 200 6245 "-" "Mozilla/5.0 (Macintosh; U; Intel Mac OS X 10_6_2; en-us) AppleWebKit/531.21.8 (KHTML, like Gecko) Version/4.0.4 Safari/531.21.10"
131.123.35.25 - - [15/Feb/2010:17:44:48 -0500] "GET / HTTP/1.1" 200 - "-" "Hobbit bbtest-net/4.2.3"
67.195.112.155 - - [15/Feb/2010:17:49:45 -0500] "GET /robots.txt HTTP/1.0" 404 290 "-" "Mozilla/5.0 (compatible; Yahoo! Slurp; http://help.yahoo.com/help/us/ysearch/slurp)"
67.195.112.155 - - [15/Feb/2010:17:49:45 -0500] "GET /~kjug/ HTTP/1.0" 200 2988 "-" "Mozilla/5.0 (compatible; Yahoo! Slurp/3.0; http://help.yahoo.com/help/us/ysearch/slurp)"
131.123.35.25 - - [15/Feb/2010:17:49:53 -0500] "GET / HTTP/1.1" 200 - "-" "Hobbit bbtest-net/4.2.3"
131.123.35.25 - - [15/Feb/2010:17:54:48 -0500] "GET / HTTP/1.1" 200 - "-" "Hobbit bbtest-net/4.2.3"
131.123.35.25 - - [15/Feb/2010:17:59:48 -0500] "GET / HTTP/1.1" 200 - "-" "Hobbit bbtest-net/4.2.3"
131.123.35.25 - - [15/Feb/2010:18:04:48 -0500] "GET / HTTP/1.1" 200 - "-" "Hobbit bbtest-net/4.2.3"
131.123.35.25 - - [15/Feb/2010:18:09:54 -0500] "GET / HTTP/1.1" 200 - "-" "Hobbit bbtest-net/4.2.3"
174.130.103.163 - - [15/Feb/2010:18:13:16 -0500] "GET /10051/ HTTP/1.1" 200 6245 "-" "Mozilla/5.0 (Windows; U; Windows NT 6.0; en-US; rv:1.9.0.5) Gecko/2008120122 Firefox/3.0.1 (.NET CLR 3.5.30729)"
174.130.103.163 - - [15/Feb/2010:18:13:16 -0500] "GET /10051/10051.css HTTP/1.1" 200 1734 "http://cgi.cs.kent.edu/10051/" "Mozilla/5.0 (Windows; U; Windows NT 6.0; en-US; rv:1.9.0.5) Gecko/2008120122 Firefox/3.0.1 (.NET CLR 3.5.30729)"
174.130.103.163 - - [15/Feb/2010:18:13:16 -0500] "GET /10051/graphics/10051.png HTTP/1.1" 200 10813 "http://cgi.cs.kent.edu/10051/" "Mozilla/5.0 (Windows; U; Windows NT 6.0; en-US; rv:1.9.0.5) Gecko/2008120122 Firefox/3.0.1 (.NET CLR 3.5.30729)"
174.130.103.163 - - [15/Feb/2010:18:13:16 -0500] "GET /10051/graphics/cleardot.gif HTTP/1.1" 200 49 "http://cgi.cs.kent.edu/10051/" "Mozilla/5.0 (Windows; U; Windows NT 6.0; en-US; rv:1.9.0.5) Gecko/2008120122 Firefox/3.0.1 (.NET CLR 3.5.30729)"
174.130.103.163 - - [15/Feb/2010:18:13:16 -0500] "GET /10051/graphics/bottom.gif HTTP/1.1" 200 1217 "http://cgi.cs.kent.edu/10051/" "Mozilla/5.0 (Windows; U; Windows NT 6.0; en-US; rv:1.9.0.5) Gecko/2008120122 Firefox/3.0.1 (.NET CLR 3.5.30729)"
174.130.103.163 - - [15/Feb/2010:18:13:17 -0500] "GET /favicon.ico HTTP/1.1" 404 290 "-" "Mozilla/5.0 (Windows; U; Windows NT 6.0; en-US; rv:1.9.0.5) Gecko/2008120122 Firefox/3.0.1 (.NET CLR 3.5.30729)"
174.130.103.163 - - [15/Feb/2010:18:13:20 -0500] "GET /favicon.ico HTTP/1.1" 404 290 "-" "Mozilla/5.0 (Windows; U; Windows NT 6.0; en-US; rv:1.9.0.5) Gecko/2008120122 Firefox/3.0.1 (.NET CLR 3.5.30729)"
174.130.103.163 - - [15/Feb/2010:18:13:52 -0500] "GET /10051/evehomework.html HTTP/1.1" 200 11224 "http://monkey.cs.kent.edu/10051/" "Mozilla/5.0 (Windows; U; Windows NT 6.0; en-US; rv:1.9.0.5) Gecko/2008120122 Firefox/3.0.1 (.NET CLR 3.5.30729)"
131.123.35.25 - - [15/Feb/2010:18:14:49 -0500] "GET / HTTP/1.1" 200 - "-" "Hobbit bbtest-net/4.2.3"
174.130.103.163 - - [15/Feb/2010:18:15:00 -0500] "GET /10051/lectures.html HTTP/1.1" 200 2111 "http://cgi.cs.kent.edu/10051/evehomework.html" "Mozilla/5.0 (Windows; U; Windows NT 6.0; en-US; rv:1.9.0.5) Gecko/2008120122 Firefox/3.0.1 (.NET CLR 3.5.30729)"
131.123.35.25 - - [15/Feb/2010:18:19:54 -0500] "GET / HTTP/1.1" 200 - "-" "Hobbit bbtest-net/4.2.3"
76.190.253.5 - - [15/Feb/2010:18:21:24 -0500] "GET /~acook/PolicyStatement.pdf HTTP/1.1" 200 35419 "http://www.google.com/custom?hl=en&domains=kent.edu&q=class+attendance+policy&sitesearch=kent.edu" "Mozilla/4.0 (compatible; MSIE 7.0; Windows NT 6.0; GTB6; SLCC1; .NET CLR 2.0.50727; Media Center PC 5.0; .NET CLR 3.5.30729; .NET CLR 3.0.30618)"
67.16.94.2 - - [15/Feb/2010:18:22:26 -0500] "GET /robots.txt HTTP/1.0" 404 290 "-" "Gigabot/3.0 (http://www.gigablast.com/spider.html)"
67.16.94.2 - - [15/Feb/2010:18:22:26 -0500] "GET /~kjug/ HTTP/1.0" 200 2988 "-" "Gigabot/3.0 (http://www.gigablast.com/spider.html)"
24.29.239.99 - - [15/Feb/2010:18:23:32 -0500] "GET /~pwang/php/pizza.php HTTP/1.1" 200 1313 "http://monkey.cs.kent.edu/WEB2/wangnotes/pizza.html" "Mozilla/5.0 (Macintosh; U; Intel Mac OS X 10.5; en-US; rv:1.9.1.7) Gecko/20091221 Firefox/3.5.7"
24.29.239.99 - - [15/Feb/2010:18:23:32 -0500] "GET /favicon.ico HTTP/1.1" 404 290 "-" "Mozilla/5.0 (Macintosh; U; Intel Mac OS X 10.5; en-US; rv:1.9.1.7) Gecko/20091221 Firefox/3.5.7"
24.29.239.99 - - [15/Feb/2010:18:23:35 -0500] "GET /favicon.ico HTTP/1.1" 404 290 "-" "Mozilla/5.0 (Macintosh; U; Intel Mac OS X 10.5; en-US; rv:1.9.1.7) Gecko/20091221 Firefox/3.5.7"
173.89.185.194 - - [15/Feb/2010:18:23:59 -0500] "GET /10051/ HTTP/1.1" 200 6245 "http://www.cs.kent.edu/~volkert/" "Mozilla/5.0 (Windows; U; Windows NT 6.1; en-US; rv:1.9.2) Gecko/20100115 Firefox/3.6"
173.89.185.194 - - [15/Feb/2010:18:23:59 -0500] "GET /10051/10051.css HTTP/1.1" 200 1734 "http://cgi.cs.kent.edu/10051/" "Mozilla/5.0 (Windows; U; Windows NT 6.1; en-US; rv:1.9.2) Gecko/20100115 Firefox/3.6"
173.89.185.194 - - [15/Feb/2010:18:23:59 -0500] "GET /10051/graphics/10051.png HTTP/1.1" 200 10813 "http://cgi.cs.kent.edu/10051/" "Mozilla/5.0 (Windows; U; Windows NT 6.1; en-US; rv:1.9.2) Gecko/20100115 Firefox/3.6"
173.89.185.194 - - [15/Feb/2010:18:23:59 -0500] "GET /10051/graphics/bottom.gif HTTP/1.1" 200 1217 "http://cgi.cs.kent.edu/10051/" "Mozilla/5.0 (Windows; U; Windows NT 6.1; en-US; rv:1.9.2) Gecko/20100115 Firefox/3.6"
173.89.185.194 - - [15/Feb/2010:18:23:59 -0500] "GET /10051/graphics/cleardot.gif HTTP/1.1" 200 49 "http://cgi.cs.kent.edu/10051/" "Mozilla/5.0 (Windows; U; Windows NT 6.1; en-US; rv:1.9.2) Gecko/20100115 Firefox/3.6"
173.89.185.194 - - [15/Feb/2010:18:24:00 -0500] "GET /favicon.ico HTTP/1.1" 404 290 "-" "Mozilla/5.0 (Windows; U; Windows NT 6.1; en-US; rv:1.9.2) Gecko/20100115 Firefox/3.6"
173.89.185.194 - - [15/Feb/2010:18:24:00 -0500] "GET /favicon.ico HTTP/1.1" 404 290 "-" "Mozilla/5.0 (Windows; U; Windows NT 6.1; en-US; rv:1.9.2) Gecko/20100115 Firefox/3.6"
173.89.185.194 - - [15/Feb/2010:18:24:03 -0500] "GET /favicon.ico HTTP/1.1" 404 290 "-" "Mozilla/5.0 (Windows; U; Windows NT 6.1; en-US; rv:1.9.2) Gecko/20100115 Firefox/3.6"
173.89.185.194 - - [15/Feb/2010:18:24:03 -0500] "GET /10051/homework.html HTTP/1.1" 200 2412 "http://cgi.cs.kent.edu/10051/" "Mozilla/5.0 (Windows; U; Windows NT 6.1; en-US; rv:1.9.2) Gecko/20100115 Firefox/3.6"
173.89.185.194 - - [15/Feb/2010:18:24:04 -0500] "GET /10051/dayhomework.html HTTP/1.1" 200 9142 "http://cgi.cs.kent.edu/10051/homework.html" "Mozilla/5.0 (Windows; U; Windows NT 6.1; en-US; rv:1.9.2) Gecko/20100115 Firefox/3.6"
174.130.103.163 - - [15/Feb/2010:18:24:26 -0500] "GET /10051/lectures.html HTTP/1.1" 200 2111 "http://cgi.cs.kent.edu/10051/evehomework.html" "Mozilla/5.0 (Windows; U; Windows NT 6.0; en-US; rv:1.9.0.5) Gecko/2008120122 Firefox/3.0.1 (.NET CLR 3.5.30729)"
131.123.35.25 - - [15/Feb/2010:18:24:49 -0500] "GET / HTTP/1.1" 200 - "-" "Hobbit bbtest-net/4.2.3"
174.130.103.163 - - [15/Feb/2010:18:28:21 -0500] "GET /10051/evehomework.html HTTP/1.1" 200 11224 "http://monkey.cs.kent.edu/10051/index.html" "Mozilla/5.0 (Windows; U; Windows NT 6.0; en-US; rv:1.9.0.5) Gecko/2008120122 Firefox/3.0.1 (.NET CLR 3.5.30729)"
131.123.35.25 - - [15/Feb/2010:18:29:54 -0500] "GET / HTTP/1.1" 200 - "-" "Hobbit bbtest-net/4.2.3"
67.195.115.99 - - [15/Feb/2010:18:31:26 -0500] "GET /~jbrownel/catalyst HTTP/1.0" 301 331 "-" "Mozilla/5.0 (compatible; Yahoo! Slurp/3.0; http://help.yahoo.com/help/us/ysearch/slurp)"
67.195.115.99 - - [15/Feb/2010:18:31:27 -0500] "GET /~jbrownel/catalyst/ HTTP/1.0" 200 7160 "-" "Mozilla/5.0 (compatible; Yahoo! Slurp/3.0; http://help.yahoo.com/help/us/ysearch/slurp)"
67.195.115.99 - - [15/Feb/2010:18:31:28 -0500] "GET /~jbrownel/catalyst/_lib/css/catalyst_spring.css HTTP/1.0" 200 5032 "http://cgi.cs.kent.edu/~jbrownel/catalyst/" "Mozilla/5.0 (compatible; Yahoo! Slurp/3.0; http://help.yahoo.com/help/us/ysearch/slurp)"
67.195.115.99 - - [15/Feb/2010:18:31:31 -0500] "GET /~jbrownel/catalyst/banner.swf HTTP/1.0" 200 137038 "http://cgi.cs.kent.edu/~jbrownel/catalyst/" "Mozilla/5.0 (compatible; Yahoo! Slurp/3.0; http://help.yahoo.com/help/us/ysearch/slurp)"
24.29.239.99 - - [15/Feb/2010:18:31:38 -0500] "GET /~eharber/WDP2/HW2/pizza.php HTTP/1.1" 200 1314 "-" "Mozilla/5.0 (Macintosh; U; Intel Mac OS X 10.5; en-US; rv:1.9.1.7) Gecko/20091221 Firefox/3.5.7"
24.29.239.99 - - [15/Feb/2010:18:31:44 -0500] "POST /~eharber/WDP2/HW2/pizza.php HTTP/1.1" 200 1381 "http://cgi.cs.kent.edu/~eharber/WDP2/HW2/pizza.php" "Mozilla/5.0 (Macintosh; U; Intel Mac OS X 10.5; en-US; rv:1.9.1.7) Gecko/20091221 Firefox/3.5.7"
24.29.239.99 - - [15/Feb/2010:18:31:50 -0500] "GET /~eharber/WDP2/HW2/pizza.php HTTP/1.1" 200 1314 "-" "Mozilla/5.0 (Macintosh; U; Intel Mac OS X 10.5; en-US; rv:1.9.1.7) Gecko/20091221 Firefox/3.5.7"
66.167.204.209 - - [15/Feb/2010:18:32:33 -0500] "POST /cgi-bin/users/kkoch/guestbook.cgi HTTP/1.1" 404 313 "http://cgi.mcs.kent.edu/cgi-bin/users/kkoch/guestbook.cgi" "Mozilla/4.0 (compatible; MSIE 6.0; Windows NT 5.1; SV1)"
131.123.35.25 - - [15/Feb/2010:18:34:50 -0500] "GET / HTTP/1.1" 200 - "-" "Hobbit bbtest-net/4.2.3"
87.203.1.51 - - [15/Feb/2010:18:38:32 -0500] "GET /w00tw00t.at.ISC.SANS.DFind:) HTTP/1.1" 400 307 "-" "-"
131.123.35.25 - - [15/Feb/2010:18:39:55 -0500] "GET / HTTP/1.1" 200 - "-" "Hobbit bbtest-net/4.2.3"
131.123.81.88 - - [15/Feb/2010:18:40:20 -0500] "GET /10051/dayhomework.html HTTP/1.1" 200 9142 "-" "Mozilla/5.0 (Windows; U; Windows NT 6.0; en-US) AppleWebKit/532.5 (KHTML, like Gecko) Chrome/4.0.249.89 Safari/532.5"
131.123.81.88 - - [15/Feb/2010:18:40:20 -0500] "GET /10051/10051.css HTTP/1.1" 200 1734 "http://cgi.cs.kent.edu/10051/dayhomework.html" "Mozilla/5.0 (Windows; U; Windows NT 6.0; en-US) AppleWebKit/532.5 (KHTML, like Gecko) Chrome/4.0.249.89 Safari/532.5"
131.123.81.88 - - [15/Feb/2010:18:40:20 -0500] "GET /10051/graphics/10051.png HTTP/1.1" 200 10813 "http://cgi.cs.kent.edu/10051/dayhomework.html" "Mozilla/5.0 (Windows; U; Windows NT 6.0; en-US) AppleWebKit/532.5 (KHTML, like Gecko) Chrome/4.0.249.89 Safari/532.5"
131.123.81.88 - - [15/Feb/2010:18:40:20 -0500] "GET /10051/graphics/cleardot.gif HTTP/1.1" 200 49 "http://cgi.cs.kent.edu/10051/dayhomework.html" "Mozilla/5.0 (Windows; U; Windows NT 6.0; en-US) AppleWebKit/532.5 (KHTML, like Gecko) Chrome/4.0.249.89 Safari/532.5"
