131.123.81.232 - - [15/Feb/2010:21:27:15 -0500] "GET /10051/homework.html HTTP/1.1" 200 2412 "http://cgi.cs.kent.edu/10051/" "Mozilla/5.0 (Windows; U; Windows NT 6.0; en-US) AppleWebKit/531.21.8 (KHTML, like Gecko) Version/4.0.4 Safari/531.21.10"
131.123.81.232 - - [15/Feb/2010:21:27:17 -0500] "GET /10051/dayhomework.html HTTP/1.1" 200 9142 "http://cgi.cs.kent.edu/10051/homework.html" "Mozilla/5.0 (Windows; U; Windows NT 6.0; en-US) AppleWebKit/531.21.8 (KHTML, like Gecko) Version/4.0.4 Safari/531.21.10"
131.123.35.25 - - [15/Feb/2010:21:30:00 -0500] "GET / HTTP/1.1" 200 - "-" "Hobbit bbtest-net/4.2.3"
131.123.35.25 - - [15/Feb/2010:21:34:56 -0500] "GET / HTTP/1.1" 200 - "-" "Hobbit bbtest-net/4.2.3"
131.123.35.25 - - [15/Feb/2010:21:40:01 -0500] "GET / HTTP/1.1" 200 - "-" "Hobbit bbtest-net/4.2.3"
121.173.118.34 - - [15/Feb/2010:21:44:09 -0500] "POST /cgi-bin/users/kkoch/guestbook.cgi HTTP/1.1" 404 313 "http://cgi.mcs.kent.edu/cgi-bin/users/kkoch/guestbook.cgi" "Mozilla/4.0 (compatible; MSIE 6.0; Windows NT 5.1; SV1)"
193.1.185.82 - - [15/Feb/2010:21:44:19 -0500] "POST /cgi-bin/users/kkoch/guestbook.cgi HTTP/1.1" 404 313 "http://cgi.mcs.kent.edu/cgi-bin/users/kkoch/guestbook.cgi" "Mozilla/4.0 (compatible; MSIE 6.0; Windows NT 5.1; SV1)"
131.123.35.25 - - [15/Feb/2010:21:44:56 -0500] "GET / HTTP/1.1" 200 - "-" "Hobbit bbtest-net/4.2.3"
75.179.25.177 - - [15/Feb/2010:21:47:29 -0500] "GET /10051/dayhomework.html HTTP/1.1" 200 9142 "-" "Mozilla/5.0 (Windows; U; Windows NT 6.1; en-US) AppleWebKit/532.5 (KHTML, like Gecko) Chrome/4.0.249.89 Safari/532.5"
75.179.25.177 - - [15/Feb/2010:21:47:29 -0500] "GET /favicon.ico HTTP/1.1" 404 290 "-" "Mozilla/5.0 (Windows; U; Windows NT 6.1; en-US) AppleWebKit/532.5 (KHTML, like Gecko) Chrome/4.0.249.89 Safari/532.5"
131.123.35.25 - - [15/Feb/2010:21:50:01 -0500] "GET / HTTP/1.1" 200 - "-" "Hobbit bbtest-net/4.2.3"
115.167.105.185 - - [15/Feb/2010:21:51:53 -0500] "GET /cgi-bin/users/rmuhamma/Counter/livecntr.cgi?3+6 HTTP/1.1" 404 322 "http://www.personal.kent.edu/~rmuhamma/" "Mozilla/4.0 (compatible; MSIE 8.0; Windows NT 5.1; Trident/4.0; Mozilla/4.0 (compatible; MSIE 6.0; Windows NT 5.1; SV1) ; .NET CLR 2.0.50727; .NET CLR 3.0.4506.2152; .NET CLR 3.5.30729)"
115.167.105.185 - - [15/Feb/2010:21:51:53 -0500] "GET /cgi-bin/users/rmuhamma/Counter/livecntr.cgi?0+6 HTTP/1.1" 404 322 "http://www.personal.kent.edu/~rmuhamma/" "Mozilla/4.0 (compatible; MSIE 8.0; Windows NT 5.1; Trident/4.0; Mozilla/4.0 (compatible; MSIE 6.0; Windows NT 5.1; SV1) ; .NET CLR 2.0.50727; .NET CLR 3.0.4506.2152; .NET CLR 3.5.30729)"
115.167.105.185 - - [15/Feb/2010:21:51:53 -0500] "GET /cgi-bin/users/rmuhamma/Counter/livecntr.cgi?1+6 HTTP/1.1" 404 322 "http://www.personal.kent.edu/~rmuhamma/" "Mozilla/4.0 (compatible; MSIE 8.0; Windows NT 5.1; Trident/4.0; Mozilla/4.0 (compatible; MSIE 6.0; Windows NT 5.1; SV1) ; .NET CLR 2.0.50727; .NET CLR 3.0.4506.2152; .NET CLR 3.5.30729)"
115.167.105.185 - - [15/Feb/2010:21:51:53 -0500] "GET /cgi-bin/users/rmuhamma/Counter/livecntr.cgi?4+6 HTTP/1.1" 404 322 "http://www.personal.kent.edu/~rmuhamma/" "Mozilla/4.0 (compatible; MSIE 8.0; Windows NT 5.1; Trident/4.0; Mozilla/4.0 (compatible; MSIE 6.0; Windows NT 5.1; SV1) ; .NET CLR 2.0.50727; .NET CLR 3.0.4506.2152; .NET CLR 3.5.30729)"
115.167.105.185 - - [15/Feb/2010:21:51:53 -0500] "GET /cgi-bin/users/rmuhamma/Counter/livecntr.cgi?5+6 HTTP/1.1" 404 322 "http://www.personal.kent.edu/~rmuhamma/" "Mozilla/4.0 (compatible; MSIE 8.0; Windows NT 5.1; Trident/4.0; Mozilla/4.0 (compatible; MSIE 6.0; Windows NT 5.1; SV1) ; .NET CLR 2.0.50727; .NET CLR 3.0.4506.2152; .NET CLR 3.5.30729)"
115.167.105.185 - - [15/Feb/2010:21:51:55 -0500] "GET /cgi-bin/users/rmuhamma/Counter/livecntr.cgi?2+6 HTTP/1.1" 404 322 "http://www.personal.kent.edu/~rmuhamma/" "Mozilla/4.0 (compatible; MSIE 8.0; Windows NT 5.1; Trident/4.0; Mozilla/4.0 (compatible; MSIE 6.0; Windows NT 5.1; SV1) ; .NET CLR 2.0.50727; .NET CLR 3.0.4506.2152; .NET CLR 3.5.30729)"
71.66.110.226 - - [15/Feb/2010:21:52:53 -0500] "GET /10051/10051.css HTTP/1.1" 200 1734 "http://monkey.cs.kent.edu/10051/" "Mozilla/5.0 (Macintosh; U; Intel Mac OS X 10_6_2; en-us) AppleWebKit/531.21.8 (KHTML, like Gecko) Version/4.0.4 Safari/531.21.10"
71.66.110.226 - - [15/Feb/2010:21:52:57 -0500] "GET /10051/evehomework.html HTTP/1.1" 200 11656 "http://monkey.cs.kent.edu/10051/" "Mozilla/5.0 (Macintosh; U; Intel Mac OS X 10_6_2; en-us) AppleWebKit/531.21.8 (KHTML, like Gecko) Version/4.0.4 Safari/531.21.10"
71.66.110.226 - - [15/Feb/2010:21:52:57 -0500] "GET /10051/graphics/10051.png HTTP/1.1" 200 10813 "http://cgi.cs.kent.edu/10051/evehomework.html" "Mozilla/5.0 (Macintosh; U; Intel Mac OS X 10_6_2; en-us) AppleWebKit/531.21.8 (KHTML, like Gecko) Version/4.0.4 Safari/531.21.10"
71.66.110.226 - - [15/Feb/2010:21:52:57 -0500] "GET /10051/graphics/cleardot.gif HTTP/1.1" 200 49 "http://cgi.cs.kent.edu/10051/evehomework.html" "Mozilla/5.0 (Macintosh; U; Intel Mac OS X 10_6_2; en-us) AppleWebKit/531.21.8 (KHTML, like Gecko) Version/4.0.4 Safari/531.21.10"
71.66.110.226 - - [15/Feb/2010:21:52:57 -0500] "GET /10051/graphics/bottom.gif HTTP/1.1" 200 1217 "http://cgi.cs.kent.edu/10051/evehomework.html" "Mozilla/5.0 (Macintosh; U; Intel Mac OS X 10_6_2; en-us) AppleWebKit/531.21.8 (KHTML, like Gecko) Version/4.0.4 Safari/531.21.10"
71.66.110.226 - - [15/Feb/2010:21:52:57 -0500] "GET /favicon.ico HTTP/1.1" 404 290 "http://cgi.cs.kent.edu/10051/evehomework.html" "Mozilla/5.0 (Macintosh; U; Intel Mac OS X 10_6_2; en-us) AppleWebKit/531.21.8 (KHTML, like Gecko) Version/4.0.4 Safari/531.21.10"
99.238.217.41 - - [15/Feb/2010:21:53:09 -0500] "GET /cgi-bin/users/rmuhamma/Counter/livecntr.cgi?3+6 HTTP/1.1" 404 322 "http://www.personal.kent.edu/~rmuhamma/" "Mozilla/4.0 (compatible; MSIE 8.0; Windows NT 6.0; Trident/4.0; SLCC1; .NET CLR 2.0.50727; Media Center PC 5.0; InfoPath.1; .NET CLR 3.5.30729; .NET CLR 3.0.30618)"
99.238.217.41 - - [15/Feb/2010:21:53:11 -0500] "GET /cgi-bin/users/rmuhamma/Counter/livecntr.cgi?5+6 HTTP/1.1" 404 322 "http://www.personal.kent.edu/~rmuhamma/" "Mozilla/4.0 (compatible; MSIE 8.0; Windows NT 6.0; Trident/4.0; SLCC1; .NET CLR 2.0.50727; Media Center PC 5.0; InfoPath.1; .NET CLR 3.5.30729; .NET CLR 3.0.30618)"
99.238.217.41 - - [15/Feb/2010:21:53:17 -0500] "GET /cgi-bin/users/rmuhamma/Counter/livecntr.cgi?0+6 HTTP/1.1" 404 322 "http://www.personal.kent.edu/~rmuhamma/" "Mozilla/4.0 (compatible; MSIE 8.0; Windows NT 6.0; Trident/4.0; SLCC1; .NET CLR 2.0.50727; Media Center PC 5.0; InfoPath.1; .NET CLR 3.5.30729; .NET CLR 3.0.30618)"
71.66.110.226 - - [15/Feb/2010:21:53:19 -0500] "GET /10051/instructors.html HTTP/1.1" 200 4350 "http://cgi.cs.kent.edu/10051/evehomework.html" "Mozilla/5.0 (Macintosh; U; Intel Mac OS X 10_6_2; en-us) AppleWebKit/531.21.8 (KHTML, like Gecko) Version/4.0.4 Safari/531.21.10"
99.238.217.41 - - [15/Feb/2010:21:53:20 -0500] "GET /cgi-bin/users/rmuhamma/Counter/livecntr.cgi?1+6 HTTP/1.1" 404 322 "http://www.personal.kent.edu/~rmuhamma/" "Mozilla/4.0 (compatible; MSIE 8.0; Windows NT 6.0; Trident/4.0; SLCC1; .NET CLR 2.0.50727; Media Center PC 5.0; InfoPath.1; .NET CLR 3.5.30729; .NET CLR 3.0.30618)"
99.238.217.41 - - [15/Feb/2010:21:53:29 -0500] "GET /cgi-bin/users/rmuhamma/Counter/livecntr.cgi?2+6 HTTP/1.1" 404 322 "http://www.personal.kent.edu/~rmuhamma/" "Mozilla/4.0 (compatible; MSIE 8.0; Windows NT 6.0; Trident/4.0; SLCC1; .NET CLR 2.0.50727; Media Center PC 5.0; InfoPath.1; .NET CLR 3.5.30729; .NET CLR 3.0.30618)"
131.123.35.25 - - [15/Feb/2010:21:54:56 -0500] "GET / HTTP/1.1" 200 - "-" "Hobbit bbtest-net/4.2.3"
60.217.248.146 - - [15/Feb/2010:21:58:15 -0500] "GET /cgi-bin/users/kreeser/CTR/index.php?Adipex-diet-phentermine-pill/ HTTP/1.1" 404 314 "http://cgi.cs.kent.edu/cgi-bin/users/kreeser/CTR/index.php?Adipex-diet-phentermine-pill/" "Opera/9.0 (Windows NT 5.1; U; en)"
201.23.88.18 - - [15/Feb/2010:21:58:25 -0500] "GET /cgi-bin/users/kreeser/CTR/index.php?Adipex-diet-phentermine-pill/ HTTP/1.0" 404 314 "http://cgi.cs.kent.edu/cgi-bin/users/kreeser/CTR/index.php?Adipex-diet-phentermine-pill/" "Opera/9.0 (Windows NT 5.1; U; en)"
123.125.156.143 - - [15/Feb/2010:21:58:27 -0500] "GET /cgi-bin/users/kreeser/CTR/index.php?Adipex-diet-phentermine-pill/ HTTP/1.1" 404 314 "http://cgi.cs.kent.edu/cgi-bin/users/kreeser/CTR/index.php?Adipex-diet-phentermine-pill/" "Opera/9.0 (Windows NT 5.1; U; en)"
64.34.165.204 - - [15/Feb/2010:21:58:35 -0500] "GET /cgi-bin/users/kreeser/CTR/index.php?Adipex-diet-phentermine-pill/ HTTP/1.1" 404 314 "http://cgi.cs.kent.edu/cgi-bin/users/kreeser/CTR/index.php?Adipex-diet-phentermine-pill/" "Opera/9.0 (Windows NT 5.1; U; en)"
124.107.85.117 - - [15/Feb/2010:21:58:50 -0500] "GET /cgi-bin/users/kreeser/CTR/index.php?Adipex-diet-phentermine-pill/ HTTP/1.0" 404 314 "http://cgi.cs.kent.edu/cgi-bin/users/kreeser/CTR/index.php?Adipex-diet-phentermine-pill/" "Opera/9.0 (Windows NT 5.1; U; en)"
60.217.232.71 - - [15/Feb/2010:21:58:58 -0500] "GET /cgi-bin/users/kreeser/CTR/index.php?Adipex-diet-phentermine-pill/ HTTP/1.1" 404 314 "http://cgi.cs.kent.edu/cgi-bin/users/kreeser/CTR/index.php?Adipex-diet-phentermine-pill/" "Opera/9.0 (Windows NT 5.1; U; en)"
201.23.88.18 - - [15/Feb/2010:21:59:11 -0500] "GET / HTTP/1.0" 200 - "http://cgi.cs.kent.edu/" "Opera/9.0 (Windows NT 5.1; U; en)"
131.123.35.25 - - [15/Feb/2010:22:00:01 -0500] "GET / HTTP/1.1" 200 - "-" "Hobbit bbtest-net/4.2.3"
131.123.84.85 - - [15/Feb/2010:22:01:13 -0500] "GET /10051/ HTTP/1.1" 200 6245 "-" "Mozilla/5.0 (Windows; U; Windows NT 6.1; en-US) AppleWebKit/532.5 (KHTML, like Gecko) Chrome/4.0.249.89 Safari/532.5"
131.123.84.85 - - [15/Feb/2010:22:01:13 -0500] "GET /favicon.ico HTTP/1.1" 404 290 "-" "Mozilla/5.0 (Windows; U; Windows NT 6.1; en-US) AppleWebKit/532.5 (KHTML, like Gecko) Chrome/4.0.249.89 Safari/532.5"
131.123.84.85 - - [15/Feb/2010:22:01:14 -0500] "GET /10051/homework.html HTTP/1.1" 200 2412 "http://cgi.cs.kent.edu/10051/" "Mozilla/5.0 (Windows; U; Windows NT 6.1; en-US) AppleWebKit/532.5 (KHTML, like Gecko) Chrome/4.0.249.89 Safari/532.5"
131.123.84.85 - - [15/Feb/2010:22:01:14 -0500] "GET /favicon.ico HTTP/1.1" 404 290 "-" "Mozilla/5.0 (Windows; U; Windows NT 6.1; en-US) AppleWebKit/532.5 (KHTML, like Gecko) Chrome/4.0.249.89 Safari/532.5"
131.123.84.85 - - [15/Feb/2010:22:01:16 -0500] "GET /10051/dayhomework.html HTTP/1.1" 200 9142 "http://cgi.cs.kent.edu/10051/homework.html" "Mozilla/5.0 (Windows; U; Windows NT 6.1; en-US) AppleWebKit/532.5 (KHTML, like Gecko) Chrome/4.0.249.89 Safari/532.5"
131.123.84.85 - - [15/Feb/2010:22:01:16 -0500] "GET /favicon.ico HTTP/1.1" 404 290 "-" "Mozilla/5.0 (Windows; U; Windows NT 6.1; en-US) AppleWebKit/532.5 (KHTML, like Gecko) Chrome/4.0.249.89 Safari/532.5"
67.195.115.99 - - [15/Feb/2010:22:04:51 -0500] "GET /10051/lectures.html HTTP/1.0" 200 2111 "-" "Mozilla/5.0 (compatible; Yahoo! Slurp/3.0; http://help.yahoo.com/help/us/ysearch/slurp)"
67.195.115.99 - - [15/Feb/2010:22:04:51 -0500] "GET /10051/10051.css HTTP/1.0" 304 - "http://cgi.cs.kent.edu/10051/lectures.html" "Mozilla/5.0 (compatible; Yahoo! Slurp/3.0; http://help.yahoo.com/help/us/ysearch/slurp)"
131.123.35.25 - - [15/Feb/2010:22:04:57 -0500] "GET / HTTP/1.1" 200 - "-" "Hobbit bbtest-net/4.2.3"
131.123.35.25 - - [15/Feb/2010:22:10:02 -0500] "GET / HTTP/1.1" 200 - "-" "Hobbit bbtest-net/4.2.3"
131.123.35.25 - - [15/Feb/2010:22:14:57 -0500] "GET / HTTP/1.1" 200 - "-" "Hobbit bbtest-net/4.2.3"
66.249.71.145 - - [15/Feb/2010:22:17:10 -0500] "GET /wdp2/pwang/phpmail.txt HTTP/1.1" 302 313 "-" "Mozilla/5.0 (compatible; Googlebot/2.1; +http://www.google.com/bot.html)"
66.249.71.145 - - [15/Feb/2010:22:17:11 -0500] "GET /~cschafer/web2/mysql/index.html HTTP/1.1" 404 311 "-" "Mozilla/5.0 (compatible; Googlebot/2.1; +http://www.google.com/bot.html)"
66.249.71.145 - - [15/Feb/2010:22:17:12 -0500] "GET /~cschafer/web2/mysql/mytable.txt HTTP/1.1" 200 496 "-" "Mozilla/5.0 (compatible; Googlebot/2.1; +http://www.google.com/bot.html)"
131.123.35.25 - - [15/Feb/2010:22:20:02 -0500] "GET / HTTP/1.1" 200 - "-" "Hobbit bbtest-net/4.2.3"
66.61.23.98 - - [15/Feb/2010:22:23:31 -0500] "GET /10051/ HTTP/1.0" 200 6245 "http://www.cs.kent.edu/~volkert/" "Mozilla/4.0 (compatible; MSIE 8.0; Windows NT 6.0; Trident/4.0; GTB6.4; SLCC1; .NET CLR 2.0.50727; Media Center PC 5.0; .NET CLR 3.5.30729; .NET CLR 3.0.30729)"
66.61.23.98 - - [15/Feb/2010:22:23:31 -0500] "GET /10051/10051.css HTTP/1.0" 200 1734 "http://cgi.cs.kent.edu/10051/" "Mozilla/4.0 (compatible; MSIE 8.0; Windows NT 6.0; Trident/4.0; GTB6.4; SLCC1; .NET CLR 2.0.50727; Media Center PC 5.0; .NET CLR 3.5.30729; .NET CLR 3.0.30729)"
66.61.23.98 - - [15/Feb/2010:22:23:31 -0500] "GET /10051/graphics/10051.png HTTP/1.0" 200 10813 "http://cgi.cs.kent.edu/10051/" "Mozilla/4.0 (compatible; MSIE 8.0; Windows NT 6.0; Trident/4.0; GTB6.4; SLCC1; .NET CLR 2.0.50727; Media Center PC 5.0; .NET CLR 3.5.30729; .NET CLR 3.0.30729)"
66.61.23.98 - - [15/Feb/2010:22:23:31 -0500] "GET /10051/graphics/cleardot.gif HTTP/1.0" 200 49 "http://cgi.cs.kent.edu/10051/" "Mozilla/4.0 (compatible; MSIE 8.0; Windows NT 6.0; Trident/4.0; GTB6.4; SLCC1; .NET CLR 2.0.50727; Media Center PC 5.0; .NET CLR 3.5.30729; .NET CLR 3.0.30729)"
66.61.23.98 - - [15/Feb/2010:22:23:31 -0500] "GET /10051/graphics/bottom.gif HTTP/1.0" 200 1217 "http://cgi.cs.kent.edu/10051/" "Mozilla/4.0 (compatible; MSIE 8.0; Windows NT 6.0; Trident/4.0; GTB6.4; SLCC1; .NET CLR 2.0.50727; Media Center PC 5.0; .NET CLR 3.5.30729; .NET CLR 3.0.30729)"
66.61.23.98 - - [15/Feb/2010:22:23:31 -0500] "GET /favicon.ico HTTP/1.0" 404 290 "-" "Mozilla/4.0 (compatible; MSIE 8.0; Windows NT 6.0; Trident/4.0; GTB6.4; SLCC1; .NET CLR 2.0.50727; Media Center PC 5.0; .NET CLR 3.5.30729; .NET CLR 3.0.30729)"
75.179.25.177 - - [15/Feb/2010:22:24:20 -0500] "GET /10051/dayhomework.html HTTP/1.1" 200 9142 "-" "Mozilla/5.0 (Windows; U; Windows NT 6.1; en-US) AppleWebKit/532.5 (KHTML, like Gecko) Chrome/4.0.249.89 Safari/532.5"
75.179.25.177 - - [15/Feb/2010:22:24:20 -0500] "GET /favicon.ico HTTP/1.1" 404 290 "-" "Mozilla/5.0 (Windows; U; Windows NT 6.1; en-US) AppleWebKit/532.5 (KHTML, like Gecko) Chrome/4.0.249.89 Safari/532.5"
131.123.35.25 - - [15/Feb/2010:22:24:57 -0500] "GET / HTTP/1.1" 200 - "-" "Hobbit bbtest-net/4.2.3"
131.123.35.25 - - [15/Feb/2010:22:30:02 -0500] "GET / HTTP/1.1" 200 - "-" "Hobbit bbtest-net/4.2.3"
115.167.105.185 - - [15/Feb/2010:22:34:26 -0500] "GET /cgi-bin/users/rmuhamma/Counter/livecntr.cgi?1+6 HTTP/1.1" 404 322 "http://www.personal.kent.edu/~rmuhamma/" "Mozilla/4.0 (compatible; MSIE 8.0; Windows NT 5.1; Trident/4.0; Mozilla/4.0 (compatible; MSIE 6.0; Windows NT 5.1; SV1) ; .NET CLR 2.0.50727; .NET CLR 3.0.4506.2152; .NET CLR 3.5.30729)"
115.167.105.185 - - [15/Feb/2010:22:34:26 -0500] "GET /cgi-bin/users/rmuhamma/Counter/livecntr.cgi?3+6 HTTP/1.1" 404 322 "http://www.personal.kent.edu/~rmuhamma/" "Mozilla/4.0 (compatible; MSIE 8.0; Windows NT 5.1; Trident/4.0; Mozilla/4.0 (compatible; MSIE 6.0; Windows NT 5.1; SV1) ; .NET CLR 2.0.50727; .NET CLR 3.0.4506.2152; .NET CLR 3.5.30729)"
115.167.105.185 - - [15/Feb/2010:22:34:26 -0500] "GET /cgi-bin/users/rmuhamma/Counter/livecntr.cgi?0+6 HTTP/1.1" 404 322 "http://www.personal.kent.edu/~rmuhamma/" "Mozilla/4.0 (compatible; MSIE 8.0; Windows NT 5.1; Trident/4.0; Mozilla/4.0 (compatible; MSIE 6.0; Windows NT 5.1; SV1) ; .NET CLR 2.0.50727; .NET CLR 3.0.4506.2152; .NET CLR 3.5.30729)"
115.167.105.185 - - [15/Feb/2010:22:34:26 -0500] "GET /cgi-bin/users/rmuhamma/Counter/livecntr.cgi?4+6 HTTP/1.1" 404 322 "http://www.personal.kent.edu/~rmuhamma/" "Mozilla/4.0 (compatible; MSIE 8.0; Windows NT 5.1; Trident/4.0; Mozilla/4.0 (compatible; MSIE 6.0; Windows NT 5.1; SV1) ; .NET CLR 2.0.50727; .NET CLR 3.0.4506.2152; .NET CLR 3.5.30729)"
115.167.105.185 - - [15/Feb/2010:22:34:26 -0500] "GET /cgi-bin/users/rmuhamma/Counter/livecntr.cgi?5+6 HTTP/1.1" 404 322 "http://www.personal.kent.edu/~rmuhamma/" "Mozilla/4.0 (compatible; MSIE 8.0; Windows NT 5.1; Trident/4.0; Mozilla/4.0 (compatible; MSIE 6.0; Windows NT 5.1; SV1) ; .NET CLR 2.0.50727; .NET CLR 3.0.4506.2152; .NET CLR 3.5.30729)"
115.167.105.185 - - [15/Feb/2010:22:34:27 -0500] "GET /cgi-bin/users/rmuhamma/Counter/livecntr.cgi?2+6 HTTP/1.1" 404 322 "http://www.personal.kent.edu/~rmuhamma/" "Mozilla/4.0 (compatible; MSIE 8.0; Windows NT 5.1; Trident/4.0; Mozilla/4.0 (compatible; MSIE 6.0; Windows NT 5.1; SV1) ; .NET CLR 2.0.50727; .NET CLR 3.0.4506.2152; .NET CLR 3.5.30729)"
131.123.35.25 - - [15/Feb/2010:22:34:58 -0500] "GET / HTTP/1.1" 200 - "-" "Hobbit bbtest-net/4.2.3"
66.61.26.188 - - [15/Feb/2010:22:37:33 -0500] "GET /10051/ HTTP/1.1" 200 6245 "-" "Mozilla/5.0 (Windows; U; Windows NT 5.1; en-US) AppleWebKit/532.5 (KHTML, like Gecko) Chrome/4.0.249.89 Safari/532.5"
66.61.26.188 - - [15/Feb/2010:22:37:33 -0500] "GET /favicon.ico HTTP/1.1" 404 290 "-" "Mozilla/5.0 (Windows; U; Windows NT 5.1; en-US) AppleWebKit/532.5 (KHTML, like Gecko) Chrome/4.0.249.89 Safari/532.5"
66.61.26.188 - - [15/Feb/2010:22:37:35 -0500] "GET /10051/homework.html HTTP/1.1" 200 2412 "http://cgi.cs.kent.edu/10051/" "Mozilla/5.0 (Windows; U; Windows NT 5.1; en-US) AppleWebKit/532.5 (KHTML, like Gecko) Chrome/4.0.249.89 Safari/532.5"
66.61.26.188 - - [15/Feb/2010:22:37:35 -0500] "GET /favicon.ico HTTP/1.1" 404 290 "-" "Mozilla/5.0 (Windows; U; Windows NT 5.1; en-US) AppleWebKit/532.5 (KHTML, like Gecko) Chrome/4.0.249.89 Safari/532.5"
66.61.26.188 - - [15/Feb/2010:22:37:37 -0500] "GET /10051/dayhomework.html HTTP/1.1" 200 9142 "http://cgi.cs.kent.edu/10051/homework.html" "Mozilla/5.0 (Windows; U; Windows NT 5.1; en-US) AppleWebKit/532.5 (KHTML, like Gecko) Chrome/4.0.249.89 Safari/532.5"
66.61.26.188 - - [15/Feb/2010:22:37:37 -0500] "GET /favicon.ico HTTP/1.1" 404 290 "-" "Mozilla/5.0 (Windows; U; Windows NT 5.1; en-US) AppleWebKit/532.5 (KHTML, like Gecko) Chrome/4.0.249.89 Safari/532.5"
66.61.26.188 - - [15/Feb/2010:22:37:53 -0500] "GET /10051/lectures.html HTTP/1.1" 200 2111 "http://cgi.cs.kent.edu/10051/dayhomework.html" "Mozilla/5.0 (Windows; U; Windows NT 5.1; en-US) AppleWebKit/532.5 (KHTML, like Gecko) Chrome/4.0.249.89 Safari/532.5"
66.61.26.188 - - [15/Feb/2010:22:37:53 -0500] "GET /favicon.ico HTTP/1.1" 404 290 "-" "Mozilla/5.0 (Windows; U; Windows NT 5.1; en-US) AppleWebKit/532.5 (KHTML, like Gecko) Chrome/4.0.249.89 Safari/532.5"
115.167.105.185 - - [15/Feb/2010:22:38:39 -0500] "GET /cgi-bin/users/rmuhamma/Counter/livecntr.cgi?1+6 HTTP/1.1" 404 322 "http://www.personal.kent.edu/~rmuhamma/" "Mozilla/4.0 (compatible; MSIE 8.0; Windows NT 5.1; Trident/4.0; Mozilla/4.0 (compatible; MSIE 6.0; Windows NT 5.1; SV1) ; .NET CLR 2.0.50727; .NET CLR 3.0.4506.2152; .NET CLR 3.5.30729)"
115.167.105.185 - - [15/Feb/2010:22:38:39 -0500] "GET /cgi-bin/users/rmuhamma/Counter/livecntr.cgi?3+6 HTTP/1.1" 404 322 "http://www.personal.kent.edu/~rmuhamma/" "Mozilla/4.0 (compatible; MSIE 8.0; Windows NT 5.1; Trident/4.0; Mozilla/4.0 (compatible; MSIE 6.0; Windows NT 5.1; SV1) ; .NET CLR 2.0.50727; .NET CLR 3.0.4506.2152; .NET CLR 3.5.30729)"
115.167.105.185 - - [15/Feb/2010:22:38:39 -0500] "GET /cgi-bin/users/rmuhamma/Counter/livecntr.cgi?0+6 HTTP/1.1" 404 322 "http://www.personal.kent.edu/~rmuhamma/" "Mozilla/4.0 (compatible; MSIE 8.0; Windows NT 5.1; Trident/4.0; Mozilla/4.0 (compatible; MSIE 6.0; Windows NT 5.1; SV1) ; .NET CLR 2.0.50727; .NET CLR 3.0.4506.2152; .NET CLR 3.5.30729)"
115.167.105.185 - - [15/Feb/2010:22:38:39 -0500] "GET /cgi-bin/users/rmuhamma/Counter/livecntr.cgi?5+6 HTTP/1.1" 404 322 "http://www.personal.kent.edu/~rmuhamma/" "Mozilla/4.0 (compatible; MSIE 8.0; Windows NT 5.1; Trident/4.0; Mozilla/4.0 (compatible; MSIE 6.0; Windows NT 5.1; SV1) ; .NET CLR 2.0.50727; .NET CLR 3.0.4506.2152; .NET CLR 3.5.30729)"
115.167.105.185 - - [15/Feb/2010:22:38:39 -0500] "GET /cgi-bin/users/rmuhamma/Counter/livecntr.cgi?4+6 HTTP/1.1" 404 322 "http://www.personal.kent.edu/~rmuhamma/" "Mozilla/4.0 (compatible; MSIE 8.0; Windows NT 5.1; Trident/4.0; Mozilla/4.0 (compatible; MSIE 6.0; Windows NT 5.1; SV1) ; .NET CLR 2.0.50727; .NET CLR 3.0.4506.2152; .NET CLR 3.5.30729)"
115.167.105.185 - - [15/Feb/2010:22:38:39 -0500] "GET /cgi-bin/users/rmuhamma/Counter/livecntr.cgi?2+6 HTTP/1.1" 404 322 "http://www.personal.kent.edu/~rmuhamma/" "Mozilla/4.0 (compatible; MSIE 8.0; Windows NT 5.1; Trident/4.0; Mozilla/4.0 (compatible; MSIE 6.0; Windows NT 5.1; SV1) ; .NET CLR 2.0.50727; .NET CLR 3.0.4506.2152; .NET CLR 3.5.30729)"
10.244.16.218 - - [15/Feb/2010:22:39:02 -0500] "GET /10051/evehomework.html HTTP/1.1" 200 11656 "-" "Mozilla/5.0 (Windows; U; Windows NT 6.0; en-US; rv:1.9.1.7) Gecko/20091221 Firefox/3.5.7"
10.244.16.218 - - [15/Feb/2010:22:39:02 -0500] "GET /10051/10051.css HTTP/1.1" 200 1734 "http://cgi.cs.kent.edu/10051/evehomework.html" "Mozilla/5.0 (Windows; U; Windows NT 6.0; en-US; rv:1.9.1.7) Gecko/20091221 Firefox/3.5.7"
10.244.16.218 - - [15/Feb/2010:22:39:02 -0500] "GET /10051/graphics/10051.png HTTP/1.1" 200 10813 "http://cgi.cs.kent.edu/10051/evehomework.html" "Mozilla/5.0 (Windows; U; Windows NT 6.0; en-US; rv:1.9.1.7) Gecko/20091221 Firefox/3.5.7"
10.244.16.218 - - [15/Feb/2010:22:39:02 -0500] "GET /10051/graphics/cleardot.gif HTTP/1.1" 200 49 "http://cgi.cs.kent.edu/10051/evehomework.html" "Mozilla/5.0 (Windows; U; Windows NT 6.0; en-US; rv:1.9.1.7) Gecko/20091221 Firefox/3.5.7"
10.244.16.218 - - [15/Feb/2010:22:39:02 -0500] "GET /10051/graphics/bottom.gif HTTP/1.1" 200 1217 "http://cgi.cs.kent.edu/10051/evehomework.html" "Mozilla/5.0 (Windows; U; Windows NT 6.0; en-US; rv:1.9.1.7) Gecko/20091221 Firefox/3.5.7"
10.244.16.218 - - [15/Feb/2010:22:39:02 -0500] "GET /favicon.ico HTTP/1.1" 404 290 "-" "Mozilla/5.0 (Windows; U; Windows NT 6.0; en-US; rv:1.9.1.7) Gecko/20091221 Firefox/3.5.7"
10.244.16.218 - - [15/Feb/2010:22:39:05 -0500] "GET /favicon.ico HTTP/1.1" 404 290 "-" "Mozilla/5.0 (Windows; U; Windows NT 6.0; en-US; rv:1.9.1.7) Gecko/20091221 Firefox/3.5.7"
66.61.26.188 - - [15/Feb/2010:22:39:24 -0500] "GET /10051/ HTTP/1.1" 200 6245 "-" "Mozilla/5.0 (Windows; U; Windows NT 5.1; en-US) AppleWebKit/532.5 (KHTML, like Gecko) Chrome/4.0.249.89 Safari/532.5"
66.61.26.188 - - [15/Feb/2010:22:39:24 -0500] "GET /favicon.ico HTTP/1.1" 404 290 "-" "Mozilla/5.0 (Windows; U; Windows NT 5.1; en-US) AppleWebKit/532.5 (KHTML, like Gecko) Chrome/4.0.249.89 Safari/532.5"
66.61.26.188 - - [15/Feb/2010:22:39:26 -0500] "GET /10051/lectures.html HTTP/1.1" 200 2111 "http://cgi.cs.kent.edu/10051/" "Mozilla/5.0 (Windows; U; Windows NT 5.1; en-US) AppleWebKit/532.5 (KHTML, like Gecko) Chrome/4.0.249.89 Safari/532.5"
66.61.26.188 - - [15/Feb/2010:22:39:26 -0500] "GET /favicon.ico HTTP/1.1" 404 290 "-" "Mozilla/5.0 (Windows; U; Windows NT 5.1; en-US) AppleWebKit/532.5 (KHTML, like Gecko) Chrome/4.0.249.89 Safari/532.5"
66.61.26.188 - - [15/Feb/2010:22:39:44 -0500] "GET /10051/resources/3/lecture3bscr.pdf HTTP/1.1" 200 404729 "http://www.cs.kent.edu/~volkert/10051/index.html" "Mozilla/5.0 (Windows; U; Windows NT 5.1; en-US) AppleWebKit/532.5 (KHTML, like Gecko) Chrome/4.0.249.89 Safari/532.5"
66.61.26.188 - - [15/Feb/2010:22:39:45 -0500] "GET /10051/resources/3/lecture3bscr.pdf HTTP/1.1" 206 483 "http://cgi.cs.kent.edu/10051/resources/3/lecture3bscr.pdf" "Mozilla/5.0 (Windows; U; Windows NT 5.1; en-US) AppleWebKit/532.5 (KHTML, like Gecko) Chrome/4.0.249.89 Safari/532.5"
66.61.26.188 - - [15/Feb/2010:22:39:45 -0500] "GET /favicon.ico HTTP/1.1" 404 290 "-" "Mozilla/5.0 (Windows; U; Windows NT 5.1; en-US) AppleWebKit/532.5 (KHTML, like Gecko) Chrome/4.0.249.89 Safari/532.5"
66.61.26.188 - - [15/Feb/2010:22:39:45 -0500] "GET /favicon.ico HTTP/1.1" 404 290 "-" "Mozilla/5.0 (Windows; U; Windows NT 5.1; en-US) AppleWebKit/532.5 (KHTML, like Gecko) Chrome/4.0.249.89 Safari/532.5"
66.61.26.188 - - [15/Feb/2010:22:39:45 -0500] "GET /10051/resources/3/lecture3bscr.pdf HTTP/1.1" 206 400834 "http://cgi.cs.kent.edu/10051/resources/3/lecture3bscr.pdf" "Mozilla/5.0 (Windows; U; Windows NT 5.1; en-US) AppleWebKit/532.5 (KHTML, like Gecko) Chrome/4.0.249.89 Safari/532.5"
66.61.26.188 - - [15/Feb/2010:22:39:46 -0500] "GET /favicon.ico HTTP/1.1" 404 290 "-" "Mozilla/5.0 (Windows; U; Windows NT 5.1; en-US) AppleWebKit/532.5 (KHTML, like Gecko) Chrome/4.0.249.89 Safari/532.5"
131.123.35.25 - - [15/Feb/2010:22:40:03 -0500] "GET / HTTP/1.1" 200 - "-" "Hobbit bbtest-net/4.2.3"
131.123.35.25 - - [15/Feb/2010:22:44:58 -0500] "GET / HTTP/1.1" 200 - "-" "Hobbit bbtest-net/4.2.3"
24.29.232.104 - - [15/Feb/2010:22:48:58 -0500] "GET /10051/ HTTP/1.1" 200 6245 "-" "Mozilla/5.0 (Macintosh; U; Intel Mac OS X 10.6; en-US; rv:1.9.1.7) Gecko/20091221 Firefox/3.5.7"
24.29.232.104 - - [15/Feb/2010:22:48:58 -0500] "GET /10051/10051.css HTTP/1.1" 200 1734 "http://cgi.cs.kent.edu/10051/" "Mozilla/5.0 (Macintosh; U; Intel Mac OS X 10.6; en-US; rv:1.9.1.7) Gecko/20091221 Firefox/3.5.7"
24.29.232.104 - - [15/Feb/2010:22:48:58 -0500] "GET /10051/graphics/10051.png HTTP/1.1" 200 10813 "http://cgi.cs.kent.edu/10051/" "Mozilla/5.0 (Macintosh; U; Intel Mac OS X 10.6; en-US; rv:1.9.1.7) Gecko/20091221 Firefox/3.5.7"
24.29.232.104 - - [15/Feb/2010:22:48:58 -0500] "GET /10051/graphics/cleardot.gif HTTP/1.1" 200 49 "http://cgi.cs.kent.edu/10051/" "Mozilla/5.0 (Macintosh; U; Intel Mac OS X 10.6; en-US; rv:1.9.1.7) Gecko/20091221 Firefox/3.5.7"
24.29.232.104 - - [15/Feb/2010:22:48:58 -0500] "GET /10051/graphics/bottom.gif HTTP/1.1" 200 1217 "http://cgi.cs.kent.edu/10051/" "Mozilla/5.0 (Macintosh; U; Intel Mac OS X 10.6; en-US; rv:1.9.1.7) Gecko/20091221 Firefox/3.5.7"
24.29.232.104 - - [15/Feb/2010:22:49:08 -0500] "GET /10051/homework.html HTTP/1.1" 200 2412 "http://cgi.cs.kent.edu/10051/" "Mozilla/5.0 (Macintosh; U; Intel Mac OS X 10.6; en-US; rv:1.9.1.7) Gecko/20091221 Firefox/3.5.7"
24.29.232.104 - - [15/Feb/2010:22:49:10 -0500] "GET /10051/index.html HTTP/1.1" 200 6245 "http://cgi.cs.kent.edu/10051/homework.html" "Mozilla/5.0 (Macintosh; U; Intel Mac OS X 10.6; en-US; rv:1.9.1.7) Gecko/20091221 Firefox/3.5.7"
24.29.232.104 - - [15/Feb/2010:22:49:14 -0500] "GET /10051/syllabus.html HTTP/1.1" 200 19940 "http://cgi.cs.kent.edu/10051/index.html" "Mozilla/5.0 (Macintosh; U; Intel Mac OS X 10.6; en-US; rv:1.9.1.7) Gecko/20091221 Firefox/3.5.7"
24.29.232.104 - - [15/Feb/2010:22:49:14 -0500] "GET /10051/graphics/textbook.jpg HTTP/1.1" 200 8668 "http://cgi.cs.kent.edu/10051/syllabus.html" "Mozilla/5.0 (Macintosh; U; Intel Mac OS X 10.6; en-US; rv:1.9.1.7) Gecko/20091221 Firefox/3.5.7"
131.123.35.25 - - [15/Feb/2010:22:50:03 -0500] "GET / HTTP/1.1" 200 - "-" "Hobbit bbtest-net/4.2.3"
221.238.17.245 - - [15/Feb/2010:22:51:35 -0500] "POST /cgi-bin/users/kkoch/guestbook.cgi HTTP/1.1" 404 313 "http://cgi.mcs.kent.edu/cgi-bin/users/kkoch/guestbook.cgi" "Mozilla/4.0 (compatible; MSIE 6.0; Windows NT 5.1; SV1)"
193.1.185.82 - - [15/Feb/2010:22:51:47 -0500] "POST /cgi-bin/users/kkoch/guestbook.cgi HTTP/1.1" 404 313 "http://cgi.mcs.kent.edu/cgi-bin/users/kkoch/guestbook.cgi" "Mozilla/4.0 (compatible; MSIE 6.0; Windows NT 5.1; SV1)"
131.123.35.25 - - [15/Feb/2010:22:54:58 -0500] "GET / HTTP/1.1" 200 - "-" "Hobbit bbtest-net/4.2.3"
122.52.153.218 - - [15/Feb/2010:22:56:44 -0500] "GET /cgi-bin/users/rmuhamma/Counter/livecntr.cgi?0+6 HTTP/1.1" 404 322 "http://www.personal.kent.edu/~rmuhamma/" "Mozilla/5.0 (Windows; U; Windows NT 5.1; en-US; rv:1.9.1.3) Gecko/20090824 Firefox/3.5.3"
122.52.153.218 - - [15/Feb/2010:22:56:44 -0500] "GET /cgi-bin/users/rmuhamma/Counter/livecntr.cgi?1+6 HTTP/1.1" 404 322 "http://www.personal.kent.edu/~rmuhamma/" "Mozilla/5.0 (Windows; U; Windows NT 5.1; en-US; rv:1.9.1.3) Gecko/20090824 Firefox/3.5.3"
122.52.153.218 - - [15/Feb/2010:22:56:44 -0500] "GET /cgi-bin/users/rmuhamma/Counter/livecntr.cgi?5+6 HTTP/1.1" 404 322 "http://www.personal.kent.edu/~rmuhamma/" "Mozilla/5.0 (Windows; U; Windows NT 5.1; en-US; rv:1.9.1.3) Gecko/20090824 Firefox/3.5.3"
122.52.153.218 - - [15/Feb/2010:22:56:44 -0500] "GET /cgi-bin/users/rmuhamma/Counter/livecntr.cgi?4+6 HTTP/1.1" 404 322 "http://www.personal.kent.edu/~rmuhamma/" "Mozilla/5.0 (Windows; U; Windows NT 5.1; en-US; rv:1.9.1.3) Gecko/20090824 Firefox/3.5.3"
122.52.153.218 - - [15/Feb/2010:22:56:44 -0500] "GET /cgi-bin/users/rmuhamma/Counter/livecntr.cgi?2+6 HTTP/1.1" 404 322 "http://www.personal.kent.edu/~rmuhamma/" "Mozilla/5.0 (Windows; U; Windows NT 5.1; en-US; rv:1.9.1.3) Gecko/20090824 Firefox/3.5.3"
122.52.153.218 - - [15/Feb/2010:22:56:44 -0500] "GET /cgi-bin/users/rmuhamma/Counter/livecntr.cgi?3+6 HTTP/1.1" 404 322 "http://www.personal.kent.edu/~rmuhamma/" "Mozilla/5.0 (Windows; U; Windows NT 5.1; en-US; rv:1.9.1.3) Gecko/20090824 Firefox/3.5.3"
10.244.16.218 - - [15/Feb/2010:22:58:30 -0500] "GET /10051/ HTTP/1.1" 200 6245 "http://monkey.cs.kent.edu/~pwang/" "Mozilla/5.0 (Windows; U; Windows NT 6.0; en-US; rv:1.9.1.7) Gecko/20091221 Firefox/3.5.7"
10.244.16.218 - - [15/Feb/2010:22:58:33 -0500] "GET /10051/instructors.html HTTP/1.1" 200 4350 "http://cgi.cs.kent.edu/10051/" "Mozilla/5.0 (Windows; U; Windows NT 6.0; en-US; rv:1.9.1.7) Gecko/20091221 Firefox/3.5.7"
10.244.16.218 - - [15/Feb/2010:22:58:51 -0500] "GET /10051/homework.html HTTP/1.1" 200 2412 "http://cgi.cs.kent.edu/10051/" "Mozilla/5.0 (Windows; U; Windows NT 6.0; en-US; rv:1.9.1.7) Gecko/20091221 Firefox/3.5.7"
10.244.16.218 - - [15/Feb/2010:22:58:54 -0500] "GET /10051/dayhomework.html HTTP/1.1" 200 9142 "http://cgi.cs.kent.edu/10051/homework.html" "Mozilla/5.0 (Windows; U; Windows NT 6.0; en-US; rv:1.9.1.7) Gecko/20091221 Firefox/3.5.7"
10.244.16.218 - - [15/Feb/2010:22:59:08 -0500] "GET /10051/dayhomework.html HTTP/1.1" 200 9142 "http://cgi.cs.kent.edu/10051/homework.html" "Mozilla/5.0 (Windows; U; Windows NT 6.0; en-US; rv:1.9.1.7) Gecko/20091221 Firefox/3.5.7"
10.244.16.218 - - [15/Feb/2010:22:59:11 -0500] "GET /10051/index.html HTTP/1.1" 200 6245 "http://cgi.cs.kent.edu/10051/dayhomework.html" "Mozilla/5.0 (Windows; U; Windows NT 6.0; en-US; rv:1.9.1.7) Gecko/20091221 Firefox/3.5.7"
10.244.16.218 - - [15/Feb/2010:22:59:15 -0500] "GET /10051/syllabus.html HTTP/1.1" 200 19940 "http://cgi.cs.kent.edu/10051/index.html" "Mozilla/5.0 (Windows; U; Windows NT 6.0; en-US; rv:1.9.1.7) Gecko/20091221 Firefox/3.5.7"
10.244.16.218 - - [15/Feb/2010:22:59:15 -0500] "GET /10051/graphics/textbook.jpg HTTP/1.1" 200 8668 "http://cgi.cs.kent.edu/10051/syllabus.html" "Mozilla/5.0 (Windows; U; Windows NT 6.0; en-US; rv:1.9.1.7) Gecko/20091221 Firefox/3.5.7"
131.123.35.25 - - [15/Feb/2010:23:00:03 -0500] "GET / HTTP/1.1" 200 - "-" "Hobbit bbtest-net/4.2.3"
131.123.35.25 - - [15/Feb/2010:23:04:59 -0500] "GET / HTTP/1.1" 200 - "-" "Hobbit bbtest-net/4.2.3"
131.123.35.25 - - [15/Feb/2010:23:10:04 -0500] "GET / HTTP/1.1" 200 - "-" "Hobbit bbtest-net/4.2.3"
10.244.16.218 - - [15/Feb/2010:23:13:05 -0500] "GET /10051/syllabus.html HTTP/1.1" 200 19940 "http://cgi.cs.kent.edu/10051/index.html" "Mozilla/5.0 (Windows; U; Windows NT 6.0; en-US; rv:1.9.1.7) Gecko/20091221 Firefox/3.5.7"
10.244.16.218 - - [15/Feb/2010:23:13:05 -0500] "GET /10051/10051.css HTTP/1.1" 304 - "http://cgi.cs.kent.edu/10051/syllabus.html" "Mozilla/5.0 (Windows; U; Windows NT 6.0; en-US; rv:1.9.1.7) Gecko/20091221 Firefox/3.5.7"
10.244.16.218 - - [15/Feb/2010:23:13:05 -0500] "GET /10051/graphics/10051.png HTTP/1.1" 304 - "http://cgi.cs.kent.edu/10051/syllabus.html" "Mozilla/5.0 (Windows; U; Windows NT 6.0; en-US; rv:1.9.1.7) Gecko/20091221 Firefox/3.5.7"
10.244.16.218 - - [15/Feb/2010:23:13:05 -0500] "GET /10051/graphics/cleardot.gif HTTP/1.1" 304 - "http://cgi.cs.kent.edu/10051/syllabus.html" "Mozilla/5.0 (Windows; U; Windows NT 6.0; en-US; rv:1.9.1.7) Gecko/20091221 Firefox/3.5.7"
10.244.16.218 - - [15/Feb/2010:23:13:05 -0500] "GET /10051/graphics/textbook.jpg HTTP/1.1" 304 - "http://cgi.cs.kent.edu/10051/syllabus.html" "Mozilla/5.0 (Windows; U; Windows NT 6.0; en-US; rv:1.9.1.7) Gecko/20091221 Firefox/3.5.7"
10.244.16.218 - - [15/Feb/2010:23:13:05 -0500] "GET /10051/graphics/bottom.gif HTTP/1.1" 304 - "http://cgi.cs.kent.edu/10051/syllabus.html" "Mozilla/5.0 (Windows; U; Windows NT 6.0; en-US; rv:1.9.1.7) Gecko/20091221 Firefox/3.5.7"
131.123.35.25 - - [15/Feb/2010:23:14:59 -0500] "GET / HTTP/1.1" 200 - "-" "Hobbit bbtest-net/4.2.3"
10.244.16.218 - - [15/Feb/2010:23:16:55 -0500] "GET /10051/index.html HTTP/1.1" 200 6245 "http://cgi.cs.kent.edu/10051/syllabus.html" "Mozilla/5.0 (Windows; U; Windows NT 6.0; en-US; rv:1.9.1.7) Gecko/20091221 Firefox/3.5.7"
67.195.115.99 - - [15/Feb/2010:23:17:29 -0500] "GET /10051/resources/CppQuickRef.pdf HTTP/1.0" 200 24720 "-" "Mozilla/5.0 (compatible; Yahoo! Slurp/3.0; http://help.yahoo.com/help/us/ysearch/slurp)"
148.87.67.134 - - [15/Feb/2010:23:17:33 -0500] "GET /cgi-bin/users/rmuhamma/Counter/livecntr.cgi?0+6 HTTP/1.1" 404 322 "http://www.personal.kent.edu/~rmuhamma/" "Mozilla/4.0 (compatible; MSIE 6.0; Windows NT 5.1; SV1; .NET CLR 2.0.50727; .NET CLR 1.1.4322; MS-RTC LM 8)"
148.87.67.134 - - [15/Feb/2010:23:17:33 -0500] "GET /cgi-bin/users/rmuhamma/Counter/livecntr.cgi?1+6 HTTP/1.1" 404 322 "http://www.personal.kent.edu/~rmuhamma/" "Mozilla/4.0 (compatible; MSIE 6.0; Windows NT 5.1; SV1; .NET CLR 2.0.50727; .NET CLR 1.1.4322; MS-RTC LM 8)"
148.87.67.134 - - [15/Feb/2010:23:17:34 -0500] "GET /cgi-bin/users/rmuhamma/Counter/livecntr.cgi?2+6 HTTP/1.1" 404 322 "http://www.personal.kent.edu/~rmuhamma/" "Mozilla/4.0 (compatible; MSIE 6.0; Windows NT 5.1; SV1; .NET CLR 2.0.50727; .NET CLR 1.1.4322; MS-RTC LM 8)"
148.87.67.134 - - [15/Feb/2010:23:17:34 -0500] "GET /cgi-bin/users/rmuhamma/Counter/livecntr.cgi?3+6 HTTP/1.1" 404 322 "http://www.personal.kent.edu/~rmuhamma/" "Mozilla/4.0 (compatible; MSIE 6.0; Windows NT 5.1; SV1; .NET CLR 2.0.50727; .NET CLR 1.1.4322; MS-RTC LM 8)"
148.87.67.134 - - [15/Feb/2010:23:17:34 -0500] "GET /cgi-bin/users/rmuhamma/Counter/livecntr.cgi?4+6 HTTP/1.1" 404 322 "http://www.personal.kent.edu/~rmuhamma/" "Mozilla/4.0 (compatible; MSIE 6.0; Windows NT 5.1; SV1; .NET CLR 2.0.50727; .NET CLR 1.1.4322; MS-RTC LM 8)"
148.87.67.134 - - [15/Feb/2010:23:17:34 -0500] "GET /cgi-bin/users/rmuhamma/Counter/livecntr.cgi?5+6 HTTP/1.1" 404 322 "http://www.personal.kent.edu/~rmuhamma/" "Mozilla/4.0 (compatible; MSIE 6.0; Windows NT 5.1; SV1; .NET CLR 2.0.50727; .NET CLR 1.1.4322; MS-RTC LM 8)"
148.87.67.134 - - [15/Feb/2010:23:18:53 -0500] "GET /cgi-bin/users/rmuhamma/Counter/livecntr.cgi?0+6 HTTP/1.1" 404 322 "http://www.personal.kent.edu/~rmuhamma/" "Mozilla/4.0 (compatible; MSIE 6.0; Windows NT 5.1; SV1; .NET CLR 2.0.50727; .NET CLR 1.1.4322; MS-RTC LM 8)"
148.87.67.134 - - [15/Feb/2010:23:18:53 -0500] "GET /cgi-bin/users/rmuhamma/Counter/livecntr.cgi?1+6 HTTP/1.1" 404 322 "http://www.personal.kent.edu/~rmuhamma/" "Mozilla/4.0 (compatible; MSIE 6.0; Windows NT 5.1; SV1; .NET CLR 2.0.50727; .NET CLR 1.1.4322; MS-RTC LM 8)"
148.87.67.134 - - [15/Feb/2010:23:18:53 -0500] "GET /cgi-bin/users/rmuhamma/Counter/livecntr.cgi?2+6 HTTP/1.1" 404 322 "http://www.personal.kent.edu/~rmuhamma/" "Mozilla/4.0 (compatible; MSIE 6.0; Windows NT 5.1; SV1; .NET CLR 2.0.50727; .NET CLR 1.1.4322; MS-RTC LM 8)"
148.87.67.134 - - [15/Feb/2010:23:18:53 -0500] "GET /cgi-bin/users/rmuhamma/Counter/livecntr.cgi?3+6 HTTP/1.1" 404 322 "http://www.personal.kent.edu/~rmuhamma/" "Mozilla/4.0 (compatible; MSIE 6.0; Windows NT 5.1; SV1; .NET CLR 2.0.50727; .NET CLR 1.1.4322; MS-RTC LM 8)"
148.87.67.134 - - [15/Feb/2010:23:18:54 -0500] "GET /cgi-bin/users/rmuhamma/Counter/livecntr.cgi?5+6 HTTP/1.1" 404 322 "http://www.personal.kent.edu/~rmuhamma/" "Mozilla/4.0 (compatible; MSIE 6.0; Windows NT 5.1; SV1; .NET CLR 2.0.50727; .NET CLR 1.1.4322; MS-RTC LM 8)"
148.87.67.134 - - [15/Feb/2010:23:18:54 -0500] "GET /cgi-bin/users/rmuhamma/Counter/livecntr.cgi?4+6 HTTP/1.1" 404 322 "http://www.personal.kent.edu/~rmuhamma/" "Mozilla/4.0 (compatible; MSIE 6.0; Windows NT 5.1; SV1; .NET CLR 2.0.50727; .NET CLR 1.1.4322; MS-RTC LM 8)"
148.87.67.134 - - [15/Feb/2010:23:19:33 -0500] "GET /cgi-bin/users/rmuhamma/Counter/livecntr.cgi?0+6 HTTP/1.1" 404 322 "http://www.personal.kent.edu/~rmuhamma/" "Mozilla/4.0 (compatible; MSIE 6.0; Windows NT 5.1; SV1; .NET CLR 2.0.50727; .NET CLR 1.1.4322; MS-RTC LM 8)"
148.87.67.134 - - [15/Feb/2010:23:19:33 -0500] "GET /cgi-bin/users/rmuhamma/Counter/livecntr.cgi?2+6 HTTP/1.1" 404 322 "http://www.personal.kent.edu/~rmuhamma/" "Mozilla/4.0 (compatible; MSIE 6.0; Windows NT 5.1; SV1; .NET CLR 2.0.50727; .NET CLR 1.1.4322; MS-RTC LM 8)"
148.87.67.134 - - [15/Feb/2010:23:19:34 -0500] "GET /cgi-bin/users/rmuhamma/Counter/livecntr.cgi?1+6 HTTP/1.1" 404 322 "http://www.personal.kent.edu/~rmuhamma/" "Mozilla/4.0 (compatible; MSIE 6.0; Windows NT 5.1; SV1; .NET CLR 2.0.50727; .NET CLR 1.1.4322; MS-RTC LM 8)"
148.87.67.134 - - [15/Feb/2010:23:19:34 -0500] "GET /cgi-bin/users/rmuhamma/Counter/livecntr.cgi?4+6 HTTP/1.1" 404 322 "http://www.personal.kent.edu/~rmuhamma/" "Mozilla/4.0 (compatible; MSIE 6.0; Windows NT 5.1; SV1; .NET CLR 2.0.50727; .NET CLR 1.1.4322; MS-RTC LM 8)"
148.87.67.134 - - [15/Feb/2010:23:19:35 -0500] "GET /cgi-bin/users/rmuhamma/Counter/livecntr.cgi?3+6 HTTP/1.1" 404 322 "http://www.personal.kent.edu/~rmuhamma/" "Mozilla/4.0 (compatible; MSIE 6.0; Windows NT 5.1; SV1; .NET CLR 2.0.50727; .NET CLR 1.1.4322; MS-RTC LM 8)"
148.87.67.134 - - [15/Feb/2010:23:19:35 -0500] "GET /cgi-bin/users/rmuhamma/Counter/livecntr.cgi?5+6 HTTP/1.1" 404 322 "http://www.personal.kent.edu/~rmuhamma/" "Mozilla/4.0 (compatible; MSIE 6.0; Windows NT 5.1; SV1; .NET CLR 2.0.50727; .NET CLR 1.1.4322; MS-RTC LM 8)"
148.87.67.134 - - [15/Feb/2010:23:19:40 -0500] "GET /cgi-bin/users/rmuhamma/Counter/livecntr.cgi?1+6 HTTP/1.1" 404 322 "http://www.personal.kent.edu/~rmuhamma/" "Mozilla/4.0 (compatible; MSIE 6.0; Windows NT 5.1; SV1; .NET CLR 2.0.50727; .NET CLR 1.1.4322; MS-RTC LM 8)"
148.87.67.134 - - [15/Feb/2010:23:19:40 -0500] "GET /cgi-bin/users/rmuhamma/Counter/livecntr.cgi?2+6 HTTP/1.1" 404 322 "http://www.personal.kent.edu/~rmuhamma/" "Mozilla/4.0 (compatible; MSIE 6.0; Windows NT 5.1; SV1; .NET CLR 2.0.50727; .NET CLR 1.1.4322; MS-RTC LM 8)"
148.87.67.134 - - [15/Feb/2010:23:19:41 -0500] "GET /cgi-bin/users/rmuhamma/Counter/livecntr.cgi?0+6 HTTP/1.1" 404 322 "http://www.personal.kent.edu/~rmuhamma/" "Mozilla/4.0 (compatible; MSIE 6.0; Windows NT 5.1; SV1; .NET CLR 2.0.50727; .NET CLR 1.1.4322; MS-RTC LM 8)"
148.87.67.134 - - [15/Feb/2010:23:19:41 -0500] "GET /cgi-bin/users/rmuhamma/Counter/livecntr.cgi?3+6 HTTP/1.1" 404 322 "http://www.personal.kent.edu/~rmuhamma/" "Mozilla/4.0 (compatible; MSIE 6.0; Windows NT 5.1; SV1; .NET CLR 2.0.50727; .NET CLR 1.1.4322; MS-RTC LM 8)"
148.87.67.134 - - [15/Feb/2010:23:19:41 -0500] "GET /cgi-bin/users/rmuhamma/Counter/livecntr.cgi?4+6 HTTP/1.1" 404 322 "http://www.personal.kent.edu/~rmuhamma/" "Mozilla/4.0 (compatible; MSIE 6.0; Windows NT 5.1; SV1; .NET CLR 2.0.50727; .NET CLR 1.1.4322; MS-RTC LM 8)"
148.87.67.134 - - [15/Feb/2010:23:19:42 -0500] "GET /cgi-bin/users/rmuhamma/Counter/livecntr.cgi?5+6 HTTP/1.1" 404 322 "http://www.personal.kent.edu/~rmuhamma/" "Mozilla/4.0 (compatible; MSIE 6.0; Windows NT 5.1; SV1; .NET CLR 2.0.50727; .NET CLR 1.1.4322; MS-RTC LM 8)"
131.123.35.25 - - [15/Feb/2010:23:20:04 -0500] "GET / HTTP/1.1" 200 - "-" "Hobbit bbtest-net/4.2.3"
76.170.77.110 - - [15/Feb/2010:23:23:04 -0500] "GET /cgi-bin/users/rmuhamma/Counter/livecntr.cgi?2+6 HTTP/1.1" 404 322 "http://www.personal.kent.edu/~rmuhamma/" "Mozilla/5.0 (Windows; U; Windows NT 6.0; en-US) AppleWebKit/532.5 (KHTML, like Gecko) Chrome/4.0.249.89 Safari/532.5"
76.170.77.110 - - [15/Feb/2010:23:23:04 -0500] "GET /cgi-bin/users/rmuhamma/Counter/livecntr.cgi?1+6 HTTP/1.1" 404 322 "http://www.personal.kent.edu/~rmuhamma/" "Mozilla/5.0 (Windows; U; Windows NT 6.0; en-US) AppleWebKit/532.5 (KHTML, like Gecko) Chrome/4.0.249.89 Safari/532.5"
76.170.77.110 - - [15/Feb/2010:23:23:04 -0500] "GET /cgi-bin/users/rmuhamma/Counter/livecntr.cgi?0+6 HTTP/1.1" 404 322 "http://www.personal.kent.edu/~rmuhamma/" "Mozilla/5.0 (Windows; U; Windows NT 6.0; en-US) AppleWebKit/532.5 (KHTML, like Gecko) Chrome/4.0.249.89 Safari/532.5"
76.170.77.110 - - [15/Feb/2010:23:23:04 -0500] "GET /cgi-bin/users/rmuhamma/Counter/livecntr.cgi?3+6 HTTP/1.1" 404 322 "http://www.personal.kent.edu/~rmuhamma/" "Mozilla/5.0 (Windows; U; Windows NT 6.0; en-US) AppleWebKit/532.5 (KHTML, like Gecko) Chrome/4.0.249.89 Safari/532.5"
76.170.77.110 - - [15/Feb/2010:23:23:04 -0500] "GET /cgi-bin/users/rmuhamma/Counter/livecntr.cgi?5+6 HTTP/1.1" 404 322 "http://www.personal.kent.edu/~rmuhamma/" "Mozilla/5.0 (Windows; U; Windows NT 6.0; en-US) AppleWebKit/532.5 (KHTML, like Gecko) Chrome/4.0.249.89 Safari/532.5"
76.170.77.110 - - [15/Feb/2010:23:23:04 -0500] "GET /cgi-bin/users/rmuhamma/Counter/livecntr.cgi?4+6 HTTP/1.1" 404 322 "http://www.personal.kent.edu/~rmuhamma/" "Mozilla/5.0 (Windows; U; Windows NT 6.0; en-US) AppleWebKit/532.5 (KHTML, like Gecko) Chrome/4.0.249.89 Safari/532.5"
24.93.168.159 - - [15/Feb/2010:23:23:10 -0500] "GET /10051/ HTTP/1.1" 200 6245 "http://www.cs.kent.edu/~volkert/" "Mozilla/4.0 (compatible; MSIE 8.0; Windows NT 6.0; Trident/4.0; SLCC1; .NET CLR 2.0.50727; Media Center PC 5.0; InfoPath.2; .NET CLR 3.5.30729; Tablet PC 2.0; .NET CLR 3.0.30729)"
24.93.168.159 - - [15/Feb/2010:23:23:10 -0500] "GET /10051/10051.css HTTP/1.1" 200 1734 "http://cgi.cs.kent.edu/10051/" "Mozilla/4.0 (compatible; MSIE 8.0; Windows NT 6.0; Trident/4.0; SLCC1; .NET CLR 2.0.50727; Media Center PC 5.0; InfoPath.2; .NET CLR 3.5.30729; Tablet PC 2.0; .NET CLR 3.0.30729)"
24.93.168.159 - - [15/Feb/2010:23:23:10 -0500] "GET /10051/graphics/10051.png HTTP/1.1" 200 10813 "http://cgi.cs.kent.edu/10051/" "Mozilla/4.0 (compatible; MSIE 8.0; Windows NT 6.0; Trident/4.0; SLCC1; .NET CLR 2.0.50727; Media Center PC 5.0; InfoPath.2; .NET CLR 3.5.30729; Tablet PC 2.0; .NET CLR 3.0.30729)"
24.93.168.159 - - [15/Feb/2010:23:23:10 -0500] "GET /10051/graphics/bottom.gif HTTP/1.1" 200 1217 "http://cgi.cs.kent.edu/10051/" "Mozilla/4.0 (compatible; MSIE 8.0; Windows NT 6.0; Trident/4.0; SLCC1; .NET CLR 2.0.50727; Media Center PC 5.0; InfoPath.2; .NET CLR 3.5.30729; Tablet PC 2.0; .NET CLR 3.0.30729)"
24.93.168.159 - - [15/Feb/2010:23:23:10 -0500] "GET /10051/graphics/cleardot.gif HTTP/1.1" 200 49 "http://cgi.cs.kent.edu/10051/" "Mozilla/4.0 (compatible; MSIE 8.0; Windows NT 6.0; Trident/4.0; SLCC1; .NET CLR 2.0.50727; Media Center PC 5.0; InfoPath.2; .NET CLR 3.5.30729; Tablet PC 2.0; .NET CLR 3.0.30729)"
24.93.168.159 - - [15/Feb/2010:23:23:11 -0500] "GET /favicon.ico HTTP/1.1" 404 290 "-" "Mozilla/4.0 (compatible; MSIE 8.0; Windows NT 6.0; Trident/4.0; SLCC1; .NET CLR 2.0.50727; Media Center PC 5.0; InfoPath.2; .NET CLR 3.5.30729; Tablet PC 2.0; .NET CLR 3.0.30729)"
24.93.168.159 - - [15/Feb/2010:23:23:15 -0500] "GET /10051/homework.html HTTP/1.1" 200 2412 "http://cgi.cs.kent.edu/10051/" "Mozilla/4.0 (compatible; MSIE 8.0; Windows NT 6.0; Trident/4.0; SLCC1; .NET CLR 2.0.50727; Media Center PC 5.0; InfoPath.2; .NET CLR 3.5.30729; Tablet PC 2.0; .NET CLR 3.0.30729)"
24.93.168.159 - - [15/Feb/2010:23:23:15 -0500] "GET /favicon.ico HTTP/1.1" 404 290 "-" "Mozilla/4.0 (compatible; MSIE 8.0; Windows NT 6.0; Trident/4.0; SLCC1; .NET CLR 2.0.50727; Media Center PC 5.0; InfoPath.2; .NET CLR 3.5.30729; Tablet PC 2.0; .NET CLR 3.0.30729)"
24.93.168.159 - - [15/Feb/2010:23:23:19 -0500] "GET /10051/dayhomework.html HTTP/1.1" 200 9142 "http://cgi.cs.kent.edu/10051/homework.html" "Mozilla/4.0 (compatible; MSIE 8.0; Windows NT 6.0; Trident/4.0; SLCC1; .NET CLR 2.0.50727; Media Center PC 5.0; InfoPath.2; .NET CLR 3.5.30729; Tablet PC 2.0; .NET CLR 3.0.30729)"
24.93.168.159 - - [15/Feb/2010:23:24:38 -0500] "GET /10051/announce/index.html HTTP/1.1" 200 5201 "http://cgi.cs.kent.edu/10051/dayhomework.html" "Mozilla/4.0 (compatible; MSIE 8.0; Windows NT 6.0; Trident/4.0; SLCC1; .NET CLR 2.0.50727; Media Center PC 5.0; InfoPath.2; .NET CLR 3.5.30729; Tablet PC 2.0; .NET CLR 3.0.30729)"
131.123.35.25 - - [15/Feb/2010:23:24:59 -0500] "GET / HTTP/1.1" 200 - "-" "Hobbit bbtest-net/4.2.3"
131.123.35.25 - - [15/Feb/2010:23:30:04 -0500] "GET / HTTP/1.1" 200 - "-" "Hobbit bbtest-net/4.2.3"
131.123.35.25 - - [15/Feb/2010:23:35:00 -0500] "GET / HTTP/1.1" 200 - "-" "Hobbit bbtest-net/4.2.3"
66.249.71.231 - - [15/Feb/2010:23:38:28 -0500] "GET /robots.txt HTTP/1.1" 404 289 "-" "Mozilla/5.0 (compatible; Googlebot/2.1; +http://www.google.com/bot.html)"
66.249.71.231 - - [15/Feb/2010:23:38:28 -0500] "GET /~dostanle/sysprog/wiki/moin.cgi/SysProgHWAssignments08/HW1?action=AttachFile HTTP/1.1" 404 337 "-" "Mozilla/5.0 (compatible; Googlebot/2.1; +http://www.google.com/bot.html)"
131.123.35.25 - - [15/Feb/2010:23:40:05 -0500] "GET / HTTP/1.1" 200 - "-" "Hobbit bbtest-net/4.2.3"
131.123.35.25 - - [15/Feb/2010:23:45:00 -0500] "GET / HTTP/1.1" 200 - "-" "Hobbit bbtest-net/4.2.3"
24.29.233.253 - - [15/Feb/2010:23:48:09 -0500] "GET /10051/dayhomework.html HTTP/1.1" 200 9142 "http://cgi.cs.kent.edu/10051/homework.html" "Mozilla/4.0 (compatible; MSIE 8.0; Windows NT 6.0; Trident/4.0; GTB6.4; SLCC1; .NET CLR 2.0.50727; InfoPath.2; .NET CLR 3.5.30729; .NET CLR 3.0.30618)"
24.29.233.253 - - [15/Feb/2010:23:48:09 -0500] "GET /10051/10051.css HTTP/1.1" 304 - "http://cgi.cs.kent.edu/10051/dayhomework.html" "Mozilla/4.0 (compatible; MSIE 8.0; Windows NT 6.0; Trident/4.0; GTB6.4; SLCC1; .NET CLR 2.0.50727; InfoPath.2; .NET CLR 3.5.30729; .NET CLR 3.0.30618)"
24.29.233.253 - - [15/Feb/2010:23:48:09 -0500] "GET /10051/graphics/cleardot.gif HTTP/1.1" 304 - "http://cgi.cs.kent.edu/10051/dayhomework.html" "Mozilla/4.0 (compatible; MSIE 8.0; Windows NT 6.0; Trident/4.0; GTB6.4; SLCC1; .NET CLR 2.0.50727; InfoPath.2; .NET CLR 3.5.30729; .NET CLR 3.0.30618)"
24.29.233.253 - - [15/Feb/2010:23:48:09 -0500] "GET /10051/graphics/10051.png HTTP/1.1" 304 - "http://cgi.cs.kent.edu/10051/dayhomework.html" "Mozilla/4.0 (compatible; MSIE 8.0; Windows NT 6.0; Trident/4.0; GTB6.4; SLCC1; .NET CLR 2.0.50727; InfoPath.2; .NET CLR 3.5.30729; .NET CLR 3.0.30618)"
24.29.233.253 - - [15/Feb/2010:23:48:09 -0500] "GET /10051/graphics/bottom.gif HTTP/1.1" 304 - "http://cgi.cs.kent.edu/10051/dayhomework.html" "Mozilla/4.0 (compatible; MSIE 8.0; Windows NT 6.0; Trident/4.0; GTB6.4; SLCC1; .NET CLR 2.0.50727; InfoPath.2; .NET CLR 3.5.30729; .NET CLR 3.0.30618)"
24.29.233.253 - - [15/Feb/2010:23:48:14 -0500] "GET /10051/lab/index.html HTTP/1.1" 200 14398 "http://cgi.cs.kent.edu/10051/dayhomework.html" "Mozilla/4.0 (compatible; MSIE 8.0; Windows NT 6.0; Trident/4.0; GTB6.4; SLCC1; .NET CLR 2.0.50727; InfoPath.2; .NET CLR 3.5.30729; .NET CLR 3.0.30618)"
131.123.35.25 - - [15/Feb/2010:23:50:05 -0500] "GET / HTTP/1.1" 200 - "-" "Hobbit bbtest-net/4.2.3"
131.123.35.25 - - [15/Feb/2010:23:55:00 -0500] "GET / HTTP/1.1" 200 - "-" "Hobbit bbtest-net/4.2.3"
60.217.248.72 - - [15/Feb/2010:23:55:33 -0500] "POST /cgi-bin/users/kkoch/guestbook.cgi HTTP/1.1" 404 313 "http://cgi.mcs.kent.edu/cgi-bin/users/kkoch/guestbook.cgi" "Mozilla/4.0 (compatible; MSIE 6.0; Windows NT 5.1; SV1)"
68.175.48.204 - - [15/Feb/2010:23:55:37 -0500] "POST http://cgi.mcs.kent.edu/cgi-bin/users/kkoch/guestbook.cgi HTTP/1.1" 404 313 "http://cgi.mcs.kent.edu/cgi-bin/users/kkoch/guestbook.cgi" "Mozilla/4.0 (compatible; MSIE 6.0; Windows NT 5.1; SV1)"
60.217.248.136 - - [15/Feb/2010:23:55:40 -0500] "POST /cgi-bin/users/kkoch/guestbook.cgi HTTP/1.1" 404 313 "http://cgi.mcs.kent.edu/cgi-bin/users/kkoch/guestbook.cgi" "Mozilla/4.0 (compatible; MSIE 6.0; Windows NT 5.1; SV1)"
131.123.35.25 - - [16/Feb/2010:00:00:05 -0500] "GET / HTTP/1.1" 200 - "-" "Hobbit bbtest-net/4.2.3"
131.123.35.25 - - [16/Feb/2010:00:05:01 -0500] "GET / HTTP/1.1" 200 - "-" "Hobbit bbtest-net/4.2.3"
66.61.26.188 - - [16/Feb/2010:00:07:07 -0500] "GET /10051/schedule.html HTTP/1.1" 200 2464 "http://cgi.cs.kent.edu/10051/dayhomework.html" "Mozilla/5.0 (Windows; U; Windows NT 5.1; en-US) AppleWebKit/532.5 (KHTML, like Gecko) Chrome/4.0.249.89 Safari/532.5"
66.61.26.188 - - [16/Feb/2010:00:07:07 -0500] "GET /favicon.ico HTTP/1.1" 404 290 "-" "Mozilla/5.0 (Windows; U; Windows NT 5.1; en-US) AppleWebKit/532.5 (KHTML, like Gecko) Chrome/4.0.249.89 Safari/532.5"
66.61.26.188 - - [16/Feb/2010:00:07:16 -0500] "GET /10051/lab/index.html HTTP/1.1" 200 14398 "http://cgi.cs.kent.edu/10051/schedule.html" "Mozilla/5.0 (Windows; U; Windows NT 5.1; en-US) AppleWebKit/532.5 (KHTML, like Gecko) Chrome/4.0.249.89 Safari/532.5"
66.61.26.188 - - [16/Feb/2010:00:07:16 -0500] "GET /favicon.ico HTTP/1.1" 404 290 "-" "Mozilla/5.0 (Windows; U; Windows NT 5.1; en-US) AppleWebKit/532.5 (KHTML, like Gecko) Chrome/4.0.249.89 Safari/532.5"
66.61.26.188 - - [16/Feb/2010:00:07:26 -0500] "GET /10051/syllabus.html HTTP/1.1" 200 19940 "http://cgi.cs.kent.edu/10051/lab/index.html" "Mozilla/5.0 (Windows; U; Windows NT 5.1; en-US) AppleWebKit/532.5 (KHTML, like Gecko) Chrome/4.0.249.89 Safari/532.5"
66.61.26.188 - - [16/Feb/2010:00:07:26 -0500] "GET /10051/graphics/textbook.jpg HTTP/1.1" 200 8668 "http://cgi.cs.kent.edu/10051/syllabus.html" "Mozilla/5.0 (Windows; U; Windows NT 5.1; en-US) AppleWebKit/532.5 (KHTML, like Gecko) Chrome/4.0.249.89 Safari/532.5"
66.61.26.188 - - [16/Feb/2010:00:07:26 -0500] "GET /favicon.ico HTTP/1.1" 404 290 "-" "Mozilla/5.0 (Windows; U; Windows NT 5.1; en-US) AppleWebKit/532.5 (KHTML, like Gecko) Chrome/4.0.249.89 Safari/532.5"
131.123.35.25 - - [16/Feb/2010:00:10:06 -0500] "GET / HTTP/1.1" 200 - "-" "Hobbit bbtest-net/4.2.3"
96.0.255.59 - - [16/Feb/2010:00:12:51 -0500] "HEAD /10051/resources/vimintro.pdf HTTP/1.1" 200 - "-" "-"
59.145.113.171 - - [16/Feb/2010:00:14:52 -0500] "GET /cgi-bin/users/rmuhamma/Counter/livecntr.cgi?3+6 HTTP/1.0" 404 322 "http://www.personal.kent.edu/~rmuhamma/" "Mozilla/4.0 (compatible; MSIE 6.0; Windows NT 5.1; SV1; InfoPath.2)"
